Component: ARM Compiler 5.06 (build 20) Tool: armlink [4d35a3]

==============================================================================

Section Cross References

    bsp.o(i.LowLevel_Init) refers to stm32f429i_sdram_lib.o(i.SDRAM_Init) for SDRAM_Init
    bsp.o(i.LowLevel_Init) refers to stm32f429i_lcd_lib.o(i.LCD_Init) for LCD_Init
    bsp.o(i.LowLevel_Init) refers to stm32f429i_lcd_lib.o(i.LCD_LayerInit) for LCD_LayerInit
    bsp.o(i.LowLevel_Init) refers to stm32f4xx_ltdc.o(i.LTDC_Cmd) for LTDC_Cmd
    bsp.o(i.LowLevel_Init) refers to stm32f429i_lcd_lib.o(i.LCD_SetLayer) for LCD_SetLayer
    bsp.o(i.LowLevel_Init) refers to rtc.o(i.RTC_Configuration) for RTC_Configuration
    bsp.o(i.LowLevel_Init) refers to stm32f4xx_rcc.o(i.RCC_AHB1PeriphClockCmd) for RCC_AHB1PeriphClockCmd
    main.o(i.Background_Task) refers to bsp.o(i.LowLevel_Init) for LowLevel_Init
    main.o(i.Background_Task) refers to gui_core.o(i.GUI_Init) for GUI_Init
    main.o(i.Background_Task) refers to tasks.o(i.xTaskGenericCreate) for xTaskGenericCreate
    main.o(i.Background_Task) refers to tasks.o(i.vTaskDelay) for vTaskDelay
    main.o(i.Background_Task) refers to main.o(.data) for Demo_Handle
    main.o(i.Background_Task) refers to main.o(i.Demo_Task) for Demo_Task
    main.o(i.Demo_Task) refers to gui_selectlayer.o(i.GUI_SelectLayer) for GUI_SelectLayer
    main.o(i.Demo_Task) refers to gui_setcolor.o(i.GUI_SetBkColor) for GUI_SetBkColor
    main.o(i.Demo_Task) refers to gui_core.o(i.GUI_Clear) for GUI_Clear
    main.o(i.Demo_Task) refers to automotivepanel.o(i.GUIDEMO_Automotive) for GUIDEMO_Automotive
    main.o(i.main) refers to tasks.o(i.xTaskGenericCreate) for xTaskGenericCreate
    main.o(i.main) refers to tasks.o(i.vTaskStartScheduler) for vTaskStartScheduler
    main.o(i.main) refers to main.o(.data) for Task_Handle
    main.o(i.main) refers to main.o(i.Background_Task) for Background_Task
    rtc.o(i.GetLSIFrequency) refers to stm32f4xx_rcc.o(i.RCC_LSICmd) for RCC_LSICmd
    rtc.o(i.GetLSIFrequency) refers to stm32f4xx_rcc.o(i.RCC_GetFlagStatus) for RCC_GetFlagStatus
    rtc.o(i.GetLSIFrequency) refers to stm32f4xx_rcc.o(i.RCC_APB1PeriphClockCmd) for RCC_APB1PeriphClockCmd
    rtc.o(i.GetLSIFrequency) refers to stm32f4xx_tim.o(i.TIM_RemapConfig) for TIM_RemapConfig
    rtc.o(i.GetLSIFrequency) refers to stm32f4xx_tim.o(i.TIM_PrescalerConfig) for TIM_PrescalerConfig
    rtc.o(i.GetLSIFrequency) refers to stm32f4xx_tim.o(i.TIM_ICInit) for TIM_ICInit
    rtc.o(i.GetLSIFrequency) refers to misc.o(i.NVIC_Init) for NVIC_Init
    rtc.o(i.GetLSIFrequency) refers to stm32f4xx_tim.o(i.TIM_Cmd) for TIM_Cmd
    rtc.o(i.GetLSIFrequency) refers to stm32f4xx_tim.o(i.TIM_ITConfig) for TIM_ITConfig
    rtc.o(i.GetLSIFrequency) refers to stm32f4xx_tim.o(i.TIM_DeInit) for TIM_DeInit
    rtc.o(i.GetLSIFrequency) refers to rtc.o(.data) for CaptureNumber
    rtc.o(i.GetLSIFrequency) refers to system_stm32f4xx.o(.data) for SystemCoreClock
    rtc.o(i.RTC_Alarm_IRQHandler) refers to stm32f4xx_exti.o(i.EXTI_ClearITPendingBit) for EXTI_ClearITPendingBit
    rtc.o(i.RTC_Alarm_IRQHandler) refers to stm32f4xx_rtc.o(i.RTC_GetITStatus) for RTC_GetITStatus
    rtc.o(i.RTC_Alarm_IRQHandler) refers to stm32f429i_lib.o(i.STM_EVAL_LEDOn) for STM_EVAL_LEDOn
    rtc.o(i.RTC_Alarm_IRQHandler) refers to stm32f4xx_rtc.o(i.RTC_ClearITPendingBit) for RTC_ClearITPendingBit
    rtc.o(i.RTC_Alarm_IRQHandler) refers to rtc.o(.data) for alarm_now
    rtc.o(i.RTC_Configuration) refers to stm32f4xx_rcc.o(i.RCC_APB1PeriphClockCmd) for RCC_APB1PeriphClockCmd
    rtc.o(i.RTC_Configuration) refers to stm32f4xx_pwr.o(i.PWR_BackupAccessCmd) for PWR_BackupAccessCmd
    rtc.o(i.RTC_Configuration) refers to stm32f4xx_rcc.o(i.RCC_LSICmd) for RCC_LSICmd
    rtc.o(i.RTC_Configuration) refers to stm32f4xx_rcc.o(i.RCC_GetFlagStatus) for RCC_GetFlagStatus
    rtc.o(i.RTC_Configuration) refers to stm32f4xx_rcc.o(i.RCC_RTCCLKConfig) for RCC_RTCCLKConfig
    rtc.o(i.RTC_Configuration) refers to stm32f4xx_rcc.o(i.RCC_RTCCLKCmd) for RCC_RTCCLKCmd
    rtc.o(i.RTC_Configuration) refers to stm32f4xx_rtc.o(i.RTC_WaitForSynchro) for RTC_WaitForSynchro
    rtc.o(i.RTC_Configuration) refers to stm32f4xx_rtc.o(i.RTC_Init) for RTC_Init
    rtc.o(i.RTC_Configuration) refers to rtc.o(i.GetLSIFrequency) for GetLSIFrequency
    rtc.o(i.RTC_Configuration) refers to rtc.o(.data) for RTC_Error
    rtc.o(i.RTC_Configuration) refers to rtc.o(.bss) for RTC_InitStructure
    stm32xxx_it.o(i.DMA2D_IRQHandler) refers to guidrv.o(i.DMA2D_ISR_Handler) for DMA2D_ISR_Handler
    stm32xxx_it.o(i.EXTI0_IRQHandler) refers to stm32f4xx_exti.o(i.EXTI_ClearITPendingBit) for EXTI_ClearITPendingBit
    stm32xxx_it.o(i.EXTI0_IRQHandler) refers to stm32xxx_it.o(.data) for ButtonPressed
    stm32xxx_it.o(i.LTDC_IRQHandler) refers to guidrv.o(i.LTDC_ISR_Handler) for LTDC_ISR_Handler
    stm32xxx_it.o(i.SysTick_Handler) refers to port_cm4.o(i.xPortSysTickHandler) for xPortSysTickHandler
[...]
    0x08000ef0   0x00000018   Code   RO         6451    i.GUIMONO_GetCharDistX  STemWin522_4x9i_CM4_OS_Keil.lib(gui_charm.o)
    0x08000f08   0x00000006   Code   RO         6452    i.GUIMONO_GetFontInfo  STemWin522_4x9i_CM4_OS_Keil.lib(gui_charm.o)
    0x08000f0e   0x00000038   Code   RO         6453    i.GUIMONO_IsInFont  STemWin522_4x9i_CM4_OS_Keil.lib(gui_charm.o)
    0x08000f46   0x00000002   PAD
    0x08000f48   0x00000054   Code   RO         6184    i.GUITASK_CopyContext  STemWin522_4x9i_CM4_OS_Keil.lib(gui_task.o)
    0x08000f9c   0x00000040   Code   RO         6186    i.GUITASK_Init      STemWin522_4x9i_CM4_OS_Keil.lib(gui_task.o)
    0x08000fdc   0x00000010   Code   RO         5590    i.GUI_AA_EnableHiRes  STemWin522_4x9i_CM4_OS_Keil.lib(guiaa_lib.o)
    0x08000fec   0x00000020   Code   RO         5591    i.GUI_AA_Exit       STemWin522_4x9i_CM4_OS_Keil.lib(guiaa_lib.o)
    0x0800100c   0x00000210   Code   RO         5614    i.GUI_AA_FillPolygon  STemWin522_4x9i_CM4_OS_Keil.lib(guiaa_poly.o)
    0x0800121c   0x000000d8   Code   RO         5594    i.GUI_AA_Init       STemWin522_4x9i_CM4_OS_Keil.lib(guiaa_lib.o)
    0x080012f4   0x0000003c   Code   RO         5597    i.GUI_AA_SetFactor  STemWin522_4x9i_CM4_OS_Keil.lib(guiaa_lib.o)
    0x08001330   0x0000001e   Code   RO         5720    i.GUI_ALLOC_AllocNoInit  STemWin522_4x9i_CM4_OS_Keil.lib(gui_alloc.o)
    0x0800134e   0x0000002e   Code   RO         6446    i.GUI_ALLOC_AllocZero  STemWin522_4x9i_CM4_OS_Keil.lib(gui_alloc_alloczero.o)
    0x0800137c   0x00000010   Code   RO         5721    i.GUI_ALLOC_AssignMemory  STemWin522_4x9i_CM4_OS_Keil.lib(gui_alloc.o)
    0x0800138c   0x0000004c   Code   RO         5722    i.GUI_ALLOC_Free    STemWin522_4x9i_CM4_OS_Keil.lib(gui_alloc.o)
    0x080013d8   0x0000001c   Code   RO         5723    i.GUI_ALLOC_FreeFixedBlock  STemWin522_4x9i_CM4_OS_Keil.lib(gui_alloc.o)
    0x080013f4   0x000000b4   Code   RO         5726    i.GUI_ALLOC_GetFixedBlock  STemWin522_4x9i_CM4_OS_Keil.lib(gui_alloc.o)
    0x080014a8   0x0000002c   Code   RO         5734    i.GUI_ALLOC_LockH   STemWin522_4x9i_CM4_OS_Keil.lib(gui_alloc.o)
    0x080014d4   0x00000084   Code   RO         5735    i.GUI_ALLOC_RequestSize  STemWin522_4x9i_CM4_OS_Keil.lib(gui_alloc.o)
    0x08001558   0x00000030   Code   RO         5739    i.GUI_ALLOC_UnlockH  STemWin522_4x9i_CM4_OS_Keil.lib(gui_alloc.o)
    0x08001588   0x0000001c   Code   RO         5740    i.GUI_ALLOC_h2p     STemWin522_4x9i_CM4_OS_Keil.lib(gui_alloc.o)
    0x080015a4   0x00000046   Code   RO         6448    i.GUI_CalcColorDist  STemWin522_4x9i_CM4_OS_Keil.lib(gui_calccolordist.o)
    0x080015ea   0x00000002   PAD
    0x080015ec   0x00000074   Code   RO         5780    i.GUI_Clear         STemWin522_4x9i_CM4_OS_Keil.lib(gui_core.o)
    0x08001660   0x0000006c   Code   RO         5781    i.GUI_ClearRect     STemWin522_4x9i_CM4_OS_Keil.lib(gui_core.o)
    0x080016cc   0x00000058   Code   RO         5807    i.GUI_DEVICE_Create  STemWin522_4x9i_CM4_OS_Keil.lib(gui_device.o)
    0x08001724   0x00000070   Code   RO         5808    i.GUI_DEVICE_CreateAndLink  STemWin522_4x9i_CM4_OS_Keil.lib(gui_device.o)
    0x08001794   0x00000004   Code   RO         5809    i.GUI_DEVICE_Delete  STemWin522_4x9i_CM4_OS_Keil.lib(gui_device.o)
    0x08001798   0x000000a0   Code   RO         5810    i.GUI_DEVICE_Link   STemWin522_4x9i_CM4_OS_Keil.lib(gui_device.o)
    0x08001838   0x00000090   Code   RO         5811    i.GUI_DEVICE_LinkDevices  STemWin522_4x9i_CM4_OS_Keil.lib(gui_device.o)
    0x080018c8   0x00000034   Code   RO         5812    i.GUI_DEVICE_Unlink  STemWin522_4x9i_CM4_OS_Keil.lib(gui_device.o)
    0x080018fc   0x00000060   Code   RO         5813    i.GUI_DEVICE_UnlinkTaskDevices  STemWin522_4x9i_CM4_OS_Keil.lib(gui_device.o)
    0x0800195c   0x00000028   Code   RO         5815    i.GUI_DEVICE__GetpDriver  STemWin522_4x9i_CM4_OS_Keil.lib(gui_device.o)
    0x08001984   0x000000f4   Code   RO         5827    i.GUI_DrawBitmap    STemWin522_4x9i_CM4_OS_Keil.lib(gui_drawbitmap.o)
    0x08001a78   0x0000002c   Code   RO         5830    i.GUI_Exec          STemWin522_4x9i_CM4_OS_Keil.lib(gui_exec.o)
    0x08001aa4   0x00000014   Code   RO         5951    i.GUI_GetBitsPerPixelEx  STemWin522_4x9i_CM4_OS_Keil.lib(lcd_getex.o)
    0x08001ab8   0x00000018   Code   RO         5834    i.GUI_GetDrawMode   STemWin522_4x9i_CM4_OS_Keil.lib(gui_getdrawmode.o)
    0x08001ad0   0x00000026   Code   RO         5863    i.GUI_GetLayerPosEx  STemWin522_4x9i_CM4_OS_Keil.lib(gui_selectlayer.o)
    0x08001af6   0x00000002   PAD
    0x08001af8   0x0000002c   Code   RO         6458    i.GUI_GetOrg        STemWin522_4x9i_CM4_OS_Keil.lib(gui_getorg.o)
    0x08001b24   0x00000004   Code   RO         5883    i.GUI_GetTime       STemWin522_4x9i_CM4_OS_Keil.lib(gui_time.o)
    0x08001b28   0x00000010   Code   RO         5952    i.GUI_GetpfColor2IndexEx  STemWin522_4x9i_CM4_OS_Keil.lib(lcd_getex.o)
    0x08001b38   0x00000010   Code   RO         5953    i.GUI_GetpfIndex2ColorEx  STemWin522_4x9i_CM4_OS_Keil.lib(lcd_getex.o)
    0x08001b48   0x00000020   Code   RO         6171    i.GUI_GotoXY        STemWin522_4x9i_CM4_OS_Keil.lib(gui_goto.o)
    0x08001b68   0x000000fc   Code   RO         5783    i.GUI_Init          STemWin522_4x9i_CM4_OS_Keil.lib(gui_core.o)
    0x08001c64   0x0000008c   Code   RO         6188    i.GUI_Lock          STemWin522_4x9i_CM4_OS_Keil.lib(gui_task.o)
    0x08001cf0   0x00000030   Code   RO         6289    i.GUI_MEASDEV_ClearRect  STemWin522_4x9i_CM4_OS_Keil.lib(guidev_measure.o)
    0x08001d20   0x00000084   Code   RO         6290    i.GUI_MEASDEV_Create  STemWin522_4x9i_CM4_OS_Keil.lib(guidev_measure.o)
    0x08001da4   0x00000044   Code   RO         6291    i.GUI_MEASDEV_Delete  STemWin522_4x9i_CM4_OS_Keil.lib(guidev_measure.o)
    0x08001de8   0x00000036   Code   RO         6292    i.GUI_MEASDEV_GetRect  STemWin522_4x9i_CM4_OS_Keil.lib(guidev_measure.o)
    0x08001e1e   0x00000002   PAD
    0x08001e20   0x00000044   Code   RO         6293    i.GUI_MEASDEV_Select  STemWin522_4x9i_CM4_OS_Keil.lib(guidev_measure.o)
    0x08001e64   0x0000004c   Code   RO         6529    i.GUI_MEMDEV_Clear  STemWin522_4x9i_CM4_OS_Keil.lib(guidev_clear.o)
    0x08001eb0   0x0000000c   Code   RO         6509    i.GUI_MEMDEV_CopyToLCD  STemWin522_4x9i_CM4_OS_Keil.lib(guidev.o)
    0x08001ebc   0x000000f8   Code   RO         6510    i.GUI_MEMDEV_CopyToLCDAt  STemWin522_4x9i_CM4_OS_Keil.lib(guidev.o)
    0x08001fb4   0x00000008   Code   RO         6134    i.GUI_MEMDEV_CreateAuto  STemWin522_4x9i_CM4_OS_Keil.lib(guidev_auto.o)
    0x08001fbc   0x00000088   Code   RO         6512    i.GUI_MEMDEV_CreateEx  STemWin522_4x9i_CM4_OS_Keil.lib(guidev.o)
    0x08002044   0x0000004c   Code   RO         6513    i.GUI_MEMDEV_Delete  STemWin522_4x9i_CM4_OS_Keil.lib(guidev.o)
    0x08002090   0x00000140   Code   RO         6284    i.GUI_MEMDEV_Draw   STemWin522_4x9i_CM4_OS_Keil.lib(guidev_banding.o)
    0x080021d0   0x000000b8   Code   RO         6136    i.GUI_MEMDEV_DrawAuto  STemWin522_4x9i_CM4_OS_Keil.lib(guidev_auto.o)
    0x08002288   0x00000032   Code   RO         6514    i.GUI_MEMDEV_GetBitsPerPixel  STemWin522_4x9i_CM4_OS_Keil.lib(guidev.o)
    0x080022ba   0x00000022   Code   RO         6801    i.GUI_MEMDEV_GetDataPtr  STemWin522_4x9i_CM4_OS_Keil.lib(guidev_getdataptr.o)
    0x080022dc   0x00000034   Code   RO         6531    i.GUI_MEMDEV_GetYSize  STemWin522_4x9i_CM4_OS_Keil.lib(guidev_getysize.o)
    0x08002310   0x00000014   Code   RO         6541    i.GUI_MEMDEV_Paint1Static  STemWin522_4x9i_CM4_OS_Keil.lib(guidev_staticdevices.o)
    0x08002324   0x0000003c   Code   RO         6533    i.GUI_MEMDEV_ReduceYSize  STemWin522_4x9i_CM4_OS_Keil.lib(guidev_reduceysize.o)
    0x08002360   0x0000005c   Code   RO         6516    i.GUI_MEMDEV_Select  STemWin522_4x9i_CM4_OS_Keil.lib(guidev.o)
    0x080023bc   0x00000070   Code   RO         6535    i.GUI_MEMDEV_SetOrg  STemWin522_4x9i_CM4_OS_Keil.lib(guidev_setorg.o)
    0x0800242c   0x00000064   Code   RO         6822    i.GUI_MEMDEV_Write  STemWin522_4x9i_CM4_OS_Keil.lib(guidev_write.o)
    0x08002490   0x00000100   Code   RO         6517    i.GUI_MEMDEV__CreateFixed  STemWin522_4x9i_CM4_OS_Keil.lib(guidev.o)
    0x08002590   0x00000120   Code   RO         6936    i.GUI_MEMDEV__WriteToActiveAlpha  STemWin522_4x9i_CM4_OS_Keil.lib(guidev_writetoactivealpha.o)
    0x080026b0   0x00000032   Code   RO         6518    i.GUI_MEMDEV__WriteToActiveAt  STemWin522_4x9i_CM4_OS_Keil.lib(guidev.o)
    0x080026e2   0x00000002   PAD
    0x080026e4   0x00000760   Code   RO         6560    i.GUI_MEMDEV__WriteToActiveOpaque  STemWin522_4x9i_CM4_OS_Keil.lib(guidev_writetoactiveopaque.o)
    0x08002e44   0x00000034   Code   RO         5841    i.GUI_MULTIBUF_ConfirmEx  STemWin522_4x9i_CM4_OS_Keil.lib(gui_multibuf.o)
    0x08002e78   0x00000060   Code   RO         6176    i.GUI_MergeRect     STemWin522_4x9i_CM4_OS_Keil.lib(gui_mergerect.o)
    0x08002ed8   0x00000020   Code   RO         6462    i.GUI_MoveRect      STemWin522_4x9i_CM4_OS_Keil.lib(gui_moverect.o)
    0x08002ef8   0x00000040   Code   RO         6467    i.GUI_PollKeyMsg    STemWin522_4x9i_CM4_OS_Keil.lib(gui_onkey.o)
    0x08002f38   0x00000070   Code   RO         6244    i.GUI_ReadRectEx    STemWin522_4x9i_CM4_OS_Keil.lib(lcd_readrect.o)
    0x08002fa8   0x00000038   Code   RO         6480    i.GUI_RectsIntersect  STemWin522_4x9i_CM4_OS_Keil.lib(gui_rectsintersect.o)
    0x08002fe0   0x00000010   Code   RO         6482    i.GUI_RestoreContext  STemWin522_4x9i_CM4_OS_Keil.lib(gui_savecontext.o)
    0x08002ff0   0x00000074   Code   RO         5859    i.GUI_RotatePolygon  STemWin522_4x9i_CM4_OS_Keil.lib(gui_polyrotate.o)
    0x08003064   0x00000010   Code   RO         6483    i.GUI_SaveContext_W  STemWin522_4x9i_CM4_OS_Keil.lib(gui_savecontext.o)
    0x08003074   0x0000001a   Code   RO         6178    i.GUI_SelectLCD     STemWin522_4x9i_CM4_OS_Keil.lib(gui_selectlcd.o)
    0x0800308e   0x00000002   PAD
    0x08003090   0x00000030   Code   RO         5864    i.GUI_SelectLayer   STemWin522_4x9i_CM4_OS_Keil.lib(gui_selectlayer.o)
    0x080030c0   0x00000016   Code   RO         5878    i.GUI_SetBkColor    STemWin522_4x9i_CM4_OS_Keil.lib(gui_setcolor.o)
    0x080030d6   0x00000016   Code   RO         5879    i.GUI_SetColor      STemWin522_4x9i_CM4_OS_Keil.lib(gui_setcolor.o)
    0x080030ec   0x00000018   Code   RO         6180    i.GUI_SetDrawMode   STemWin522_4x9i_CM4_OS_Keil.lib(gui_setdrawmode.o)
    0x08003104   0x00000020   Code   RO         6720    i.GUI_SetFont       STemWin522_4x9i_CM4_OS_Keil.lib(gui_setfont.o)
    0x08003124   0x0000000c   Code   RO         5699    i.GUI_SetFuncAlphaBlending  STemWin522_4x9i_CM4_OS_Keil.lib(gui__alpha.o)
    0x08003130   0x0000000c   Code   RO         5785    i.GUI_SetFuncGetpPalConvTable  STemWin522_4x9i_CM4_OS_Keil.lib(gui_core.o)
    0x0800313c   0x0000000c   Code   RO         5700    i.GUI_SetFuncMixColors  STemWin522_4x9i_CM4_OS_Keil.lib(gui__alpha.o)
    0x08003148   0x0000000c   Code   RO         5701    i.GUI_SetFuncMixColorsBulk  STemWin522_4x9i_CM4_OS_Keil.lib(gui__alpha.o)
    0x08003154   0x0000001c   Code   RO         6722    i.GUI_SetLineStyle  STemWin522_4x9i_CM4_OS_Keil.lib(gui_setlinestyle.o)
    0x08003170   0x00000040   Code   RO         6182    i.GUI_SetOrg        STemWin522_4x9i_CM4_OS_Keil.lib(gui_setorg.o)
    0x080031b0   0x0000001c   Code   RO         6653    i.GUI_SetPenSize    STemWin522_4x9i_CM4_OS_Keil.lib(gui_pen.o)
    0x080031cc   0x00000020   Code   RO         6724    i.GUI_SetTextAlign  STemWin522_4x9i_CM4_OS_Keil.lib(gui_settextalign.o)
    0x080031ec   0x00000020   Code   RO         6726    i.GUI_SetTextMode   STemWin522_4x9i_CM4_OS_Keil.lib(gui_settextmode.o)
    0x0800320c   0x00000010   Code   RO         6493    i.GUI_SignalEvent   STemWin522_4x9i_CM4_OS_Keil.lib(gui_waitevent.o)
    0x0800321c   0x00000014   Code   RO         6469    i.GUI_StoreKey      STemWin522_4x9i_CM4_OS_Keil.lib(gui_onkey.o)
    0x08003230   0x000000bc   Code   RO         6729    i.GUI_TIMER_Delete  STemWin522_4x9i_CM4_OS_Keil.lib(gui_timer.o)
    0x080032ec   0x00000030   Code   RO         6731    i.GUI_TIMER_GetFlag  STemWin522_4x9i_CM4_OS_Keil.lib(gui_timer.o)
    0x0800331c   0x00000028   Code   RO         6737    i.GUI_TIMER__GetFirstTimer  STemWin522_4x9i_CM4_OS_Keil.lib(gui_timer.o)
    0x08003344   0x00000036   Code   RO         6739    i.GUI_TIMER__GetNextTimerLin  STemWin522_4x9i_CM4_OS_Keil.lib(gui_timer.o)
    0x0800337a   0x00000028   Code   RO         6554    i.GUI_USAGE_AddRect  STemWin522_4x9i_CM4_OS_Keil.lib(guidev_usage.o)
    0x080033a2   0x00000078   Code   RO         6809    i.GUI_USAGE_BM_AddHLine  STemWin522_4x9i_CM4_OS_Keil.lib(guidev_usagebm.o)
    0x0800341a   0x0000002e   Code   RO         6810    i.GUI_USAGE_BM_AddPixel  STemWin522_4x9i_CM4_OS_Keil.lib(guidev_usagebm.o)
    0x08003448   0x0000000e   Code   RO         6811    i.GUI_USAGE_BM_Clear  STemWin522_4x9i_CM4_OS_Keil.lib(guidev_usagebm.o)
    0x08003456   0x00000002   PAD
    0x08003458   0x0000005c   Code   RO         6812    i.GUI_USAGE_BM_Create  STemWin522_4x9i_CM4_OS_Keil.lib(guidev_usagebm.o)
    0x080034b4   0x000000ce   Code   RO         6813    i.GUI_USAGE_BM_GetNextDirty  STemWin522_4x9i_CM4_OS_Keil.lib(guidev_usagebm.o)
    0x08003582   0x0000002e   Code   RO         6555    i.GUI_USAGE_DecUseCnt  STemWin522_4x9i_CM4_OS_Keil.lib(guidev_usage.o)
    0x080035b0   0x00000014   Code   RO         6189    i.GUI_Unlock        STemWin522_4x9i_CM4_OS_Keil.lib(gui_task.o)
    0x080035c4   0x00000014   Code   RO          594    i.GUI_X_Config      guiconf.o
    0x080035d8   0x00000002   Code   RO          618    i.GUI_X_ExecIdle    gui_x_freertos.o
    0x080035da   0x00000008   Code   RO          619    i.GUI_X_GetTaskId   gui_x_freertos.o
    0x080035e2   0x00000008   Code   RO          620    i.GUI_X_GetTime     gui_x_freertos.o
    0x080035ea   0x00000002   Code   RO          621    i.GUI_X_Init        gui_x_freertos.o
    0x080035ec   0x00000038   Code   RO          622    i.GUI_X_InitOS      gui_x_freertos.o
    0x08003624   0x00000020   Code   RO          623    i.GUI_X_Lock        gui_x_freertos.o
    0x08003644   0x00000018   Code   RO          626    i.GUI_X_Unlock      gui_x_freertos.o
    0x0800365c   0x0000001a   Code   RO         5702    i.GUI__AllocAlphaBuffer  STemWin522_4x9i_CM4_OS_Keil.lib(gui__alpha.o)
    0x08003676   0x00000002   PAD
    0x08003678   0x00000028   Code   RO         6671    i.GUI__AlphaSuppressMixing  STemWin522_4x9i_CM4_OS_Keil.lib(gui_setalpha.o)
    0x080036a0   0x00000194   Code   RO         6614    i.GUI__CompactPixelIndices  STemWin522_4x9i_CM4_OS_Keil.lib(gui__compactpixelindices.o)
    0x08003834   0x00000174   Code   RO         6615    i.GUI__CompactPixelIndicesEx  STemWin522_4x9i_CM4_OS_Keil.lib(gui__compactpixelindices.o)
    0x080039a8   0x00000090   Code   RO         6159    i.GUI__CosHQ        STemWin522_4x9i_CM4_OS_Keil.lib(gui__sinhq.o)
    0x08003a38   0x00000220   Code   RO         5703    i.GUI__DoAlphaBlending  STemWin522_4x9i_CM4_OS_Keil.lib(gui__alpha.o)
    0x08003c58   0x00000162   Code   RO         6154    i.GUI__ExpandPixelIndicesEx  STemWin522_4x9i_CM4_OS_Keil.lib(gui__expandpixelindices.o)
    0x08003dba   0x00000002   PAD
    0x08003dbc   0x00000098   Code   RO         5704    i.GUI__GetAlphaBuffer  STemWin522_4x9i_CM4_OS_Keil.lib(gui__alpha.o)
    0x08003e54   0x00000042   Code   RO         6435    i.GUI__IntersectRect  STemWin522_4x9i_CM4_OS_Keil.lib(gui__intersectrect.o)
    0x08003e96   0x00000052   Code   RO         6437    i.GUI__IntersectRects  STemWin522_4x9i_CM4_OS_Keil.lib(gui__intersectrects.o)
    0x08003ee8   0x00000010   Code   RO         6439    i.GUI__ManageCache  STemWin522_4x9i_CM4_OS_Keil.lib(gui__managecache.o)
    0x08003ef8   0x000000bc   Code   RO         6440    i.GUI__ManageCacheEx  STemWin522_4x9i_CM4_OS_Keil.lib(gui__managecache.o)
    0x08003fb4   0x0000006c   Code   RO         5705    i.GUI__MixColors    STemWin522_4x9i_CM4_OS_Keil.lib(gui__alpha.o)
    0x08004020   0x000000cc   Code   RO         5706    i.GUI__MixColorsBulk  STemWin522_4x9i_CM4_OS_Keil.lib(gui__alpha.o)
    0x080040ec   0x00000010   Code   RO         5787    i.GUI__RegisterExit  STemWin522_4x9i_CM4_OS_Keil.lib(gui_core.o)
    0x080040fc   0x00000088   Code   RO         6160    i.GUI__SinHQ        STemWin522_4x9i_CM4_OS_Keil.lib(gui__sinhq.o)
    0x08004184   0x000000ba   Code   RO         6157    i.GUI__memset       STemWin522_4x9i_CM4_OS_Keil.lib(gui__memset.o)
    0x0800423e   0x00000094   Code   RO         6444    i.GUI__memset16     STemWin522_4x9i_CM4_OS_Keil.lib(gui__memset16.o)
    0x080042d2   0x00000002   PAD
    0x080042d4   0x000000e0   Code   RO          388    i.GetLSIFrequency   rtc.o
    0x080043b4   0x00000004   Code   RO          436    i.HardFault_Handler  stm32xxx_it.o
    0x080043b8   0x00000010   Code   RO         6230    i.LCD_AA_SetAndMask  STemWin522_4x9i_CM4_OS_Keil.lib(lcd_aa.o)
    0x080043c8   0x000001b4   Code   RO         4176    i.LCD_AF_GPIOConfig  stm32f429i_lcd_lib.o
    0x0800457c   0x00000020   Code   RO         4177    i.LCD_ChipSelect    stm32f429i_lcd_lib.o
    0x0800459c   0x0000001c   Code   RO         5898    i.LCD_Color2Index   STemWin522_4x9i_CM4_OS_Keil.lib(lcd.o)
    0x080045b8   0x0000006c   Code   RO         5627    i.LCD_Color2Index_8666  STemWin522_4x9i_CM4_OS_Keil.lib(guicc_8666.o)
    0x08004624   0x0000003c   Code   RO         4182    i.LCD_CtrlLinesConfig  stm32f429i_lcd_lib.o
    0x08004660   0x00000014   Code   RO         4183    i.LCD_CtrlLinesWrite  stm32f429i_lcd_lib.o
    0x08004674   0x0000027c   Code   RO         5899    i.LCD_DrawBitmap    STemWin522_4x9i_CM4_OS_Keil.lib(lcd.o)
    0x080048f0   0x00000058   Code   RO         5900    i.LCD_DrawHLine     STemWin522_4x9i_CM4_OS_Keil.lib(lcd.o)
    0x08004948   0x00000070   Code   RO         5901    i.LCD_DrawPixel     STemWin522_4x9i_CM4_OS_Keil.lib(lcd.o)
    0x080049b8   0x00000064   Code   RO         5903    i.LCD_FillRect      STemWin522_4x9i_CM4_OS_Keil.lib(lcd.o)
    0x08004a1c   0x0000001e   Code   RO         5955    i.LCD_GetBitsPerPixelEx  STemWin522_4x9i_CM4_OS_Keil.lib(lcd_getex.o)
    0x08004a3a   0x00000002   PAD
    0x08004a3c   0x00000018   Code   RO         5957    i.LCD_GetDevFunc    STemWin522_4x9i_CM4_OS_Keil.lib(lcd_getex.o)
    0x08004a54   0x0000001e   Code   RO         5959    i.LCD_GetMirrorXEx  STemWin522_4x9i_CM4_OS_Keil.lib(lcd_getex.o)
    0x08004a72   0x0000001e   Code   RO         5961    i.LCD_GetMirrorYEx  STemWin522_4x9i_CM4_OS_Keil.lib(lcd_getex.o)
    0x08004a90   0x00000028   Code   RO         5962    i.LCD_GetNumColors  STemWin522_4x9i_CM4_OS_Keil.lib(lcd_getex.o)
    0x08004ab8   0x0000001e   Code   RO         5963    i.LCD_GetNumColorsEx  STemWin522_4x9i_CM4_OS_Keil.lib(lcd_getex.o)
    0x08004ad6   0x0000001c   Code   RO         6240    i.LCD_GetNumLayers  STemWin522_4x9i_CM4_OS_Keil.lib(lcd_getnumdisplays.o)
    0x08004af2   0x00000002   PAD
    0x08004af4   0x00000024   Code   RO         5964    i.LCD_GetPalette    STemWin522_4x9i_CM4_OS_Keil.lib(lcd_getex.o)
    0x08004b18   0x0000000e   Code   RO         6501    i.LCD_GetPixelColor  STemWin522_4x9i_CM4_OS_Keil.lib(lcd_getpixelcolor.o)
    0x08004b26   0x00000002   PAD
    0x08004b28   0x00000060   Code   RO         6771    i.LCD_GetPixelIndex  STemWin522_4x9i_CM4_OS_Keil.lib(lcd_getp.o)
    0x08004b88   0x0000002c   Code   RO         6026    i.LCD_GetPosEx      STemWin522_4x9i_CM4_OS_Keil.lib(lcd_set.o)
    0x08004bb4   0x0000001e   Code   RO         5967    i.LCD_GetSwapXYEx   STemWin522_4x9i_CM4_OS_Keil.lib(lcd_getex.o)
    0x08004bd2   0x0000001e   Code   RO         5969    i.LCD_GetVXSizeEx   STemWin522_4x9i_CM4_OS_Keil.lib(lcd_getex.o)
    0x08004bf0   0x00000032   Code   RO         5970    i.LCD_GetVXSizeMax  STemWin522_4x9i_CM4_OS_Keil.lib(lcd_getex.o)
    0x08004c22   0x0000001e   Code   RO         5972    i.LCD_GetVYSizeEx   STemWin522_4x9i_CM4_OS_Keil.lib(lcd_getex.o)
    0x08004c40   0x00000028   Code   RO         5976    i.LCD_GetXSize      STemWin522_4x9i_CM4_OS_Keil.lib(lcd_getex.o)
    0x08004c68   0x0000001e   Code   RO         5977    i.LCD_GetXSizeEx    STemWin522_4x9i_CM4_OS_Keil.lib(lcd_getex.o)
    0x08004c86   0x00000002   PAD
    0x08004c88   0x00000028   Code   RO         5981    i.LCD_GetYSize      STemWin522_4x9i_CM4_OS_Keil.lib(lcd_getex.o)
    0x08004cb0   0x0000001e   Code   RO         5982    i.LCD_GetYSizeEx    STemWin522_4x9i_CM4_OS_Keil.lib(lcd_getex.o)
    0x08004cce   0x00000002   PAD
    0x08004cd0   0x0000005c   Code   RO         5936    i.LCD_GetpPalConvTable  STemWin522_4x9i_CM4_OS_Keil.lib(lcd_color.o)
    0x08004d2c   0x0000005c   Code   RO         5937    i.LCD_GetpPalConvTableBM  STemWin522_4x9i_CM4_OS_Keil.lib(lcd_color.o)
    0x08004d88   0x0000001c   Code   RO         5904    i.LCD_Index2Color   STemWin522_4x9i_CM4_OS_Keil.lib(lcd.o)
    0x08004da4   0x00000070   Code   RO         5628    i.LCD_Index2Color_8666  STemWin522_4x9i_CM4_OS_Keil.lib(guicc_8666.o)
    0x08004e14   0x00000002   Code   RO         6223    i.LCD_Index2Color_888  STemWin522_4x9i_CM4_OS_Keil.lib(guicc_888_index2color.o)
    0x08004e16   0x00000002   Code   RO         6221    i.LCD_Index2Color_8888  STemWin522_4x9i_CM4_OS_Keil.lib(guicc_8888_index2color.o)
    0x08004e18   0x0000002c   Code   RO         6225    i.LCD_Index2Color_M565  STemWin522_4x9i_CM4_OS_Keil.lib(guicc_m565_index2color.o)
    0x08004e44   0x00000014   Code   RO         6227    i.LCD_Index2Color_M888  STemWin522_4x9i_CM4_OS_Keil.lib(guicc_m888_index2color.o)
    0x08004e58   0x00000096   Code   RO         4201    i.LCD_Init          stm32f429i_lcd_lib.o
    0x08004eee   0x00000002   PAD
    0x08004ef0   0x00000038   Code   RO         5939    i.LCD_InitColors    STemWin522_4x9i_CM4_OS_Keil.lib(lcd_color.o)
    0x08004f28   0x0000007c   Code   RO         5940    i.LCD_InitLUT       STemWin522_4x9i_CM4_OS_Keil.lib(lcd_color.o)
    0x08004fa4   0x000000a4   Code   RO         4202    i.LCD_LayerInit     stm32f429i_lcd_lib.o
    0x08005048   0x000001c8   Code   RO         6246    i.LCD_ReadRectEx    STemWin522_4x9i_CM4_OS_Keil.lib(lcd_readrect.o)
    0x08005210   0x00000044   Code   RO         6503    i.LCD_SelectLCD     STemWin522_4x9i_CM4_OS_Keil.lib(lcd_selectlcd.o)
    0x08005254   0x0000000c   Code   RO         5905    i.LCD_SetBkColor    STemWin522_4x9i_CM4_OS_Keil.lib(lcd.o)
    0x08005260   0x00000018   Code   RO         5906    i.LCD_SetBkColorIndex  STemWin522_4x9i_CM4_OS_Keil.lib(lcd.o)
    0x08005278   0x00000034   Code   RO         6505    i.LCD_SetClipRectEx  STemWin522_4x9i_CM4_OS_Keil.lib(lcd_setcliprectex.o)
    0x080052ac   0x0000001c   Code   RO         5907    i.LCD_SetClipRectMax  STemWin522_4x9i_CM4_OS_Keil.lib(lcd.o)
    0x080052c8   0x0000000c   Code   RO         5908    i.LCD_SetColor      STemWin522_4x9i_CM4_OS_Keil.lib(lcd.o)
    0x080052d4   0x00000018   Code   RO         5909    i.LCD_SetColorIndex  STemWin522_4x9i_CM4_OS_Keil.lib(lcd.o)
    0x080052ec   0x0000002c   Code   RO         6037    i.LCD_SetDevFunc    STemWin522_4x9i_CM4_OS_Keil.lib(lcd_set.o)
    0x08005318   0x0000000c   Code   RO         5910    i.LCD_SetDrawMode   STemWin522_4x9i_CM4_OS_Keil.lib(lcd.o)
    0x08005324   0x0000000c   Code   RO         4212    i.LCD_SetFont       stm32f429i_lcd_lib.o
    0x08005330   0x0000002c   Code   RO         6039    i.LCD_SetLUTEntryEx  STemWin522_4x9i_CM4_OS_Keil.lib(lcd_set.o)
    0x0800535c   0x0000002c   Code   RO         4213    i.LCD_SetLayer      stm32f429i_lcd_lib.o
    0x08005388   0x000000b8   Code   RO         6231    i.LCD_SetPixelAA    STemWin522_4x9i_CM4_OS_Keil.lib(lcd_aa.o)
    0x08005440   0x0000002c   Code   RO         6043    i.LCD_SetSizeEx     STemWin522_4x9i_CM4_OS_Keil.lib(lcd_set.o)
    0x0800546c   0x00000028   Code   RO         6045    i.LCD_SetVRAMAddrEx  STemWin522_4x9i_CM4_OS_Keil.lib(lcd_set.o)
    0x08005494   0x0000002c   Code   RO         6047    i.LCD_SetVSizeEx    STemWin522_4x9i_CM4_OS_Keil.lib(lcd_set.o)
    0x080054c0   0x00000024   Code   RO         6507    i.LCD_UpdateColorIndices  STemWin522_4x9i_CM4_OS_Keil.lib(lcd_updatecolorindices.o)
    0x080054e4   0x00000168   Code   RO         4548    i.LCD_X_Config      guidrv.o
    0x0800564c   0x00000144   Code   RO         4549    i.LCD_X_DisplayDriver  guidrv.o
    0x08005790   0x000001fc   Code   RO         5911    i.LCD__DrawBitmap_1bpp  STemWin522_4x9i_CM4_OS_Keil.lib(lcd.o)
    0x0800598c   0x00000090   Code   RO         5987    i.LCD__GetBPPDevice  STemWin522_4x9i_CM4_OS_Keil.lib(lcd_getex.o)
    0x08005a1c   0x00000024   Code   RO         1964    i.LTDC_Cmd          stm32f4xx_ltdc.o
    0x08005a40   0x00000024   Code   RO         1968    i.LTDC_DitherCmd    stm32f4xx_ltdc.o
    0x08005a64   0x00000008   Code   RO          437    i.LTDC_IRQHandler   stm32xxx_it.o
    0x08005a6c   0x000000a8   Code   RO         4550    i.LTDC_ISR_Handler  guidrv.o
    0x08005b14   0x00000020   Code   RO         1974    i.LTDC_ITConfig     stm32f4xx_ltdc.o
    0x08005b34   0x00000188   Code   RO         1975    i.LTDC_Init         stm32f4xx_ltdc.o
    0x08005cbc   0x00000016   Code   RO         1979    i.LTDC_LayerCmd     stm32f4xx_ltdc.o
    0x08005cd2   0x00000114   Code   RO         1980    i.LTDC_LayerInit    stm32f4xx_ltdc.o
    0x08005de6   0x00000002   PAD
    0x08005de8   0x0000000c   Code   RO         1987    i.LTDC_ReloadConfig  stm32f4xx_ltdc.o
    0x08005df4   0x0000002a   Code   RO            4    i.LowLevel_Init     bsp.o
    0x08005e1e   0x00000004   Code   RO          438    i.MemManage_Handler  stm32xxx_it.o
    0x08005e22   0x00000002   Code   RO          439    i.NMI_Handler       stm32xxx_it.o
    0x08005e24   0x00000016   Code   RO         4551    i.NVIC_EnableIRQ    guidrv.o
    0x08005e3a   0x00000002   PAD
    0x08005e3c   0x00000078   Code   RO          705    i.NVIC_Init         misc.o
    0x08005eb4   0x00000028   Code   RO         4552    i.NVIC_SetPriority  guidrv.o
    0x08005edc   0x0000000c   Code   RO         2157    i.PWR_BackupAccessCmd  stm32f4xx_pwr.o
    0x08005ee8   0x00000020   Code   RO         2271    i.RCC_AHB1PeriphClockCmd  stm32f4xx_rcc.o
    0x08005f08   0x00000020   Code   RO         2277    i.RCC_AHB3PeriphClockCmd  stm32f4xx_rcc.o
    0x08005f28   0x00000020   Code   RO         2280    i.RCC_APB1PeriphClockCmd  stm32f4xx_rcc.o
    0x08005f48   0x00000020   Code   RO         2282    i.RCC_APB1PeriphResetCmd  stm32f4xx_rcc.o
    0x08005f68   0x00000020   Code   RO         2283    i.RCC_APB2PeriphClockCmd  stm32f4xx_rcc.o
    0x08005f88   0x00000020   Code   RO         2285    i.RCC_APB2PeriphResetCmd  stm32f4xx_rcc.o
    0x08005fa8   0x00000040   Code   RO         2293    i.RCC_GetFlagStatus  stm32f4xx_rcc.o
    0x08005fe8   0x0000000c   Code   RO         2302    i.RCC_LSICmd        stm32f4xx_rcc.o
    0x08005ff4   0x00000018   Code   RO         2303    i.RCC_LTDCCLKDivConfig  stm32f4xx_rcc.o
    0x0800600c   0x0000000c   Code   RO         2312    i.RCC_PLLSAICmd     stm32f4xx_rcc.o
    0x08006018   0x00000018   Code   RO         2313    i.RCC_PLLSAIConfig  stm32f4xx_rcc.o
    0x08006030   0x0000000c   Code   RO         2314    i.RCC_RTCCLKCmd     stm32f4xx_rcc.o
    0x0800603c   0x0000003c   Code   RO         2315    i.RCC_RTCCLKConfig  stm32f4xx_rcc.o
    0x08006078   0x00000038   Code   RO          389    i.RTC_Alarm_IRQHandler  rtc.o
    0x080060b0   0x00000020   Code   RO         2612    i.RTC_ClearITPendingBit  stm32f4xx_rtc.o
    0x080060d0   0x00000088   Code   RO          390    i.RTC_Configuration  rtc.o
    0x08006158   0x00000050   Code   RO         2618    i.RTC_EnterInitMode  stm32f4xx_rtc.o
    0x080061a8   0x00000014   Code   RO         2619    i.RTC_ExitInitMode  stm32f4xx_rtc.o
    0x080061bc   0x00000040   Code   RO         2624    i.RTC_GetITStatus   stm32f4xx_rtc.o
    0x080061fc   0x00000064   Code   RO         2632    i.RTC_Init          stm32f4xx_rtc.o
    0x08006260   0x00000060   Code   RO         2655    i.RTC_WaitForSynchro  stm32f4xx_rtc.o
    0x080062c0   0x000001f4   Code   RO         3947    i.SDRAM_GPIOConfig  stm32f429i_sdram_lib.o
    0x080064b4   0x00000068   Code   RO         3948    i.SDRAM_Init        stm32f429i_sdram_lib.o
    0x0800651c   0x000000c8   Code   RO         3949    i.SDRAM_InitSequence  stm32f429i_sdram_lib.o
    0x080065e4   0x00000018   Code   RO         4472    i.STM_EVAL_LEDOn    stm32f429i_lib.o
    0x080065fc   0x000000ec   Code   RO          549    i.SetSysClock       system_stm32f4xx.o
    0x080066e8   0x0000006c   Code   RO         5484    i.Set_FuelScale_Value  automotivepanel.o
    0x08006754   0x0000006c   Code   RO         5486    i.Set_TahometerScale_Value  automotivepanel.o
    0x080067c0   0x0000006c   Code   RO         5487    i.Set_TemperatureScale_Value  automotivepanel.o
    0x0800682c   0x00000018   Code   RO          442    i.SysTick_Handler   stm32xxx_it.o
    0x08006844   0x00000068   Code   RO          551    i.SystemInit        system_stm32f4xx.o
    0x080068ac   0x0000003a   Code   RO         3189    i.TI1_Config        stm32f4xx_tim.o
    0x080068e6   0x00000050   Code   RO         3190    i.TI2_Config        stm32f4xx_tim.o
    0x08006936   0x00000048   Code   RO         3191    i.TI3_Config        stm32f4xx_tim.o
    0x0800697e   0x00000050   Code   RO         3192    i.TI4_Config        stm32f4xx_tim.o
    0x080069ce   0x00000002   Code   RO          443    i.TIM2_IRQHandler   stm32xxx_it.o
    0x080069d0   0x00000060   Code   RO          444    i.TIM5_IRQHandler   stm32xxx_it.o
    0x08006a30   0x00000006   Code   RO         3200    i.TIM_ClearITPendingBit  stm32f4xx_tim.o
    0x08006a36   0x00000018   Code   RO         3205    i.TIM_Cmd           stm32f4xx_tim.o
    0x08006a4e   0x00000002   PAD
    0x08006a50   0x00000190   Code   RO         3210    i.TIM_DeInit        stm32f4xx_tim.o
    0x08006be0   0x00000006   Code   RO         3223    i.TIM_GetCapture4   stm32f4xx_tim.o
    0x08006be6   0x00000022   Code   RO         3226    i.TIM_GetITStatus   stm32f4xx_tim.o
    0x08006c08   0x0000006e   Code   RO         3228    i.TIM_ICInit        stm32f4xx_tim.o
    0x08006c76   0x00000012   Code   RO         3230    i.TIM_ITConfig      stm32f4xx_tim.o
    0x08006c88   0x00000006   Code   RO         3254    i.TIM_PrescalerConfig  stm32f4xx_tim.o
    0x08006c8e   0x00000006   Code   RO         3255    i.TIM_RemapConfig   stm32f4xx_tim.o
    0x08006c94   0x00000012   Code   RO         3272    i.TIM_SetIC1Prescaler  stm32f4xx_tim.o
    0x08006ca6   0x0000001a   Code   RO         3273    i.TIM_SetIC2Prescaler  stm32f4xx_tim.o
    0x08006cc0   0x00000012   Code   RO         3274    i.TIM_SetIC3Prescaler  stm32f4xx_tim.o
    0x08006cd2   0x0000001a   Code   RO         3275    i.TIM_SetIC4Prescaler  stm32f4xx_tim.o
    0x08006cec   0x00000018   Code   RO          445    i.TimingDelay_Decrement  stm32xxx_it.o
    0x08006d04   0x00000004   Code   RO          446    i.UsageFault_Handler  stm32xxx_it.o
    0x08006d08   0x00000010   Code   RO         6330    i.WM_Activate       STemWin522_4x9i_CM4_OS_Keil.lib(wm.o)
    0x08006d18   0x0000008c   Code   RO         6566    i.WM_BringToBottom  STemWin522_4x9i_CM4_OS_Keil.lib(wm_bringtobottom.o)
    0x08006da4   0x00000154   Code   RO         6332    i.WM_CreateWindowAsChild  STemWin522_4x9i_CM4_OS_Keil.lib(wm.o)
    0x08006ef8   0x00000020   Code   RO         6333    i.WM_Deactivate     STemWin522_4x9i_CM4_OS_Keil.lib(wm.o)
    0x08006f18   0x00000046   Code   RO         6334    i.WM_DefaultProc    STemWin522_4x9i_CM4_OS_Keil.lib(wm.o)
    0x08006f5e   0x00000002   PAD
    0x08006f60   0x00000198   Code   RO         6335    i.WM_DeleteWindow   STemWin522_4x9i_CM4_OS_Keil.lib(wm.o)
    0x080070f8   0x00000208   Code   RO         6336    i.WM_Exec           STemWin522_4x9i_CM4_OS_Keil.lib(wm.o)
    0x08007300   0x00000018   Code   RO         6433    i.WM_GetDesktopWindow  STemWin522_4x9i_CM4_OS_Keil.lib(wm_getdesktopwindow.o)
    0x08007318   0x0000001a   Code   RO         6578    i.WM_GetFirstChild  STemWin522_4x9i_CM4_OS_Keil.lib(wm_getfirstchild.o)
    0x08007332   0x0000001a   Code   RO         6838    i.WM_GetParent      STemWin522_4x9i_CM4_OS_Keil.lib(wm_getparent.o)
    0x0800734c   0x000000d8   Code   RO         6338    i.WM_Init           STemWin522_4x9i_CM4_OS_Keil.lib(wm.o)
    0x08007424   0x000000d2   Code   RO         6339    i.WM_InvalidateRect  STemWin522_4x9i_CM4_OS_Keil.lib(wm.o)
    0x080074f6   0x0000006e   Code   RO         6341    i.WM_InvalidateWindowAndDescsEx  STemWin522_4x9i_CM4_OS_Keil.lib(wm.o)
    0x08007564   0x0000001e   Code   RO         6954    i.WM_MoveWindow     STemWin522_4x9i_CM4_OS_Keil.lib(wm_move.o)
    0x08007582   0x00000014   Code   RO         6580    i.WM_NotifyParent   STemWin522_4x9i_CM4_OS_Keil.lib(wm_notifyparent.o)
    0x08007596   0x00000002   PAD
    0x08007598   0x00000040   Code   RO         6846    i.WM_OnKey          STemWin522_4x9i_CM4_OS_Keil.lib(wm_onkey.o)
    0x080075d8   0x00000102   Code   RO         6942    i.WM_ResizeWindow   STemWin522_4x9i_CM4_OS_Keil.lib(wm_resizewindow.o)
    0x080076da   0x00000002   PAD
    0x080076dc   0x00000070   Code   RO         6342    i.WM_SelectWindow   STemWin522_4x9i_CM4_OS_Keil.lib(wm.o)
    0x0800774c   0x0000001a   Code   RO         6582    i.WM_SendMessageNoPara  STemWin522_4x9i_CM4_OS_Keil.lib(wm_sendmessagenopara.o)
    0x08007766   0x00000028   Code   RO         6584    i.WM_SendToParent   STemWin522_4x9i_CM4_OS_Keil.lib(wm_sendtoparent.o)
    0x0800778e   0x0000004c   Code   RO         6865    i.WM_SetSize        STemWin522_4x9i_CM4_OS_Keil.lib(wm_setsize.o)
    0x080077da   0x00000002   PAD
    0x080077dc   0x000000d0   Code   RO         6345    i.WM__ActivateClipRect  STemWin522_4x9i_CM4_OS_Keil.lib(wm.o)
    0x080078ac   0x00000010   Code   RO         6568    i.WM__AddCriticalHandle  STemWin522_4x9i_CM4_OS_Keil.lib(wm_criticalhandle.o)
    0x080078bc   0x00000058   Code   RO         6347    i.WM__ClipAtParentBorders  STemWin522_4x9i_CM4_OS_Keil.lib(wm.o)
    0x08007914   0x0000007a   Code   RO         6590    i.WM__DeleteAssocTimer  STemWin522_4x9i_CM4_OS_Keil.lib(wm_timer.o)
    0x0800798e   0x00000020   Code   RO         6574    i.WM__GetClientRectEx  STemWin522_4x9i_CM4_OS_Keil.lib(wm_getclientrect.o)
    0x080079ae   0x00000018   Code   RO         6350    i.WM__GetClientRectWin  STemWin522_4x9i_CM4_OS_Keil.lib(wm.o)
    0x080079c6   0x00000014   Code   RO         6938    i.WM__GetFirstSibling  STemWin522_4x9i_CM4_OS_Keil.lib(wm__getfirstsibling.o)
    0x080079da   0x00000002   PAD
    0x080079dc   0x0000033c   Code   RO         6351    i.WM__GetNextIVR    STemWin522_4x9i_CM4_OS_Keil.lib(wm.o)
    0x08007d18   0x0000001c   Code   RO         6429    i.WM__GetOrgX_AA    STemWin522_4x9i_CM4_OS_Keil.lib(wm__getorg_aa.o)
    0x08007d34   0x0000001c   Code   RO         6430    i.WM__GetOrgY_AA    STemWin522_4x9i_CM4_OS_Keil.lib(wm__getorg_aa.o)
    0x08007d50   0x00000028   Code   RO         6826    i.WM__GetPrevSibling  STemWin522_4x9i_CM4_OS_Keil.lib(wm__getprevsibling.o)
    0x08007d78   0x00000104   Code   RO         6353    i.WM__InitIVRSearch  STemWin522_4x9i_CM4_OS_Keil.lib(wm.o)
    0x08007e7c   0x000000b6   Code   RO         6354    i.WM__InsertWindowIntoList  STemWin522_4x9i_CM4_OS_Keil.lib(wm.o)
    0x08007f32   0x0000004c   Code   RO         6356    i.WM__InvalidateDrawAndDescs  STemWin522_4x9i_CM4_OS_Keil.lib(wm.o)
    0x08007f7e   0x0000002a   Code   RO         6357    i.WM__InvalidateParent  STemWin522_4x9i_CM4_OS_Keil.lib(wm.o)
    0x08007fa8   0x000000d2   Code   RO         6358    i.WM__InvalidateRect  STemWin522_4x9i_CM4_OS_Keil.lib(wm.o)
    0x0800807a   0x00000006   Code   RO         6359    i.WM__InvalidateRectEx  STemWin522_4x9i_CM4_OS_Keil.lib(wm.o)
    0x08008080   0x00000100   Code   RO         6956    i.WM__MoveWindow    STemWin522_4x9i_CM4_OS_Keil.lib(wm_move.o)
    0x08008180   0x000000b0   Code   RO         6362    i.WM__Paint1        STemWin522_4x9i_CM4_OS_Keil.lib(wm.o)
    0x08008230   0x00000138   Code   RO         6363    i.WM__PaintWinAndOverlays  STemWin522_4x9i_CM4_OS_Keil.lib(wm.o)
    0x08008368   0x0000003c   Code   RO         6563    i.WM__SendMessage   STemWin522_4x9i_CM4_OS_Keil.lib(wm__sendmessage.o)
    0x080083a4   0x0000002e   Code   RO         6836    i.WM__SendMessageNoPara  STemWin522_4x9i_CM4_OS_Keil.lib(wm__sendmessagenopara.o)
    0x080083d2   0x00000012   Code   RO         6368    i.WM__SendMsgNoData  STemWin522_4x9i_CM4_OS_Keil.lib(wm.o)
    0x080083e4   0x000000f2   Code   RO         6951    i.WM__UpdateChildPositions  STemWin522_4x9i_CM4_OS_Keil.lib(wm__updatechildpositions.o)
    0x080084d6   0x00000002   PAD
    0x080084d8   0x0000009c   Code   RO         5742    i._AddFreeMemory    STemWin522_4x9i_CM4_OS_Keil.lib(gui_alloc.o)
    0x08008574   0x00000204   Code   RO         5743    i._Alloc            STemWin522_4x9i_CM4_OS_Keil.lib(gui_alloc.o)
    0x08008778   0x000002b4   Code   RO         5488    i._AutomotiveDemo   automotivepanel.o
    0x08008a2c   0x00000004   Code   RO         6200    i._CalcSizeOfChar   STemWin522_4x9i_CM4_OS_Keil.lib(gui_uc_encodenone.o)
    0x08008a30   0x000000a8   Code   RO         5674    i._Color2IndexBulk  STemWin522_4x9i_CM4_OS_Keil.lib(guicc_m565.o)
    0x08008ad8   0x00000084   Code   RO         5887    i._Color2IndexBulk  STemWin522_4x9i_CM4_OS_Keil.lib(guicc_m888.o)
    0x08008b5c   0x00000044   Code   RO         6761    i._Color2IndexBulk  STemWin522_4x9i_CM4_OS_Keil.lib(guicc_8888.o)
    0x08008ba0   0x00000044   Code   RO         5616    i._Color2IndexBulk_1616I  STemWin522_4x9i_CM4_OS_Keil.lib(guicc_1616i.o)
    0x08008be4   0x0000003c   Code   RO         5634    i._Color2IndexBulk_88666I  STemWin522_4x9i_CM4_OS_Keil.lib(guicc_88666i.o)
    0x08008c20   0x000000c0   Code   RO         5646    i._Color2IndexBulk_M1555I  STemWin522_4x9i_CM4_OS_Keil.lib(guicc_m1555i.o)
    0x08008ce0   0x0000001c   Code   RO         4553    i._Color2IndexBulk_M1555I_DMA2D  guidrv.o
    0x08008cfc   0x00000074   Code   RO         5660    i._Color2IndexBulk_M4444I  STemWin522_4x9i_CM4_OS_Keil.lib(guicc_m4444i.o)
    0x08008d70   0x0000001c   Code   RO         4554    i._Color2IndexBulk_M4444I_DMA2D  guidrv.o
    0x08008d8c   0x0000001c   Code   RO         4555    i._Color2IndexBulk_M565_DMA2D  guidrv.o
    0x08008da8   0x000000a4   Code   RO         5686    i._Color2IndexBulk_M8888I  STemWin522_4x9i_CM4_OS_Keil.lib(guicc_m8888i.o)
    0x08008e4c   0x0000001c   Code   RO         4556    i._Color2IndexBulk_M8888I_DMA2D  guidrv.o
    0x08008e68   0x0000001c   Code   RO         4557    i._Color2IndexBulk_M888_DMA2D  guidrv.o
    0x08008e84   0x0000006a   Code   RO         6212    i._Color2Index_0    STemWin522_4x9i_CM4_OS_Keil.lib(guicc_0.o)
    0x08008eee   0x0000007c   Code   RO         6140    i._Color2Index_16   STemWin522_4x9i_CM4_OS_Keil.lib(guicc_16.o)
    0x08008f6a   0x00000002   PAD
    0x08008f6c   0x00000028   Code   RO         5617    i._Color2Index_1616I  STemWin522_4x9i_CM4_OS_Keil.lib(guicc_1616i.o)
    0x08008f94   0x00000024   Code   RO         5635    i._Color2Index_88666I  STemWin522_4x9i_CM4_OS_Keil.lib(guicc_88666i.o)
    0x08008fb8   0x00000002   Code   RO         6762    i._Color2Index_8888  STemWin522_4x9i_CM4_OS_Keil.lib(guicc_8888.o)
    0x08008fba   0x00000002   PAD
    0x08008fbc   0x00000038   Code   RO         5647    i._Color2Index_M1555I  STemWin522_4x9i_CM4_OS_Keil.lib(guicc_m1555i.o)
    0x08008ff4   0x0000004c   Code   RO         5661    i._Color2Index_M4444I  STemWin522_4x9i_CM4_OS_Keil.lib(guicc_m4444i.o)
    0x08009040   0x0000002c   Code   RO         5675    i._Color2Index_M565  STemWin522_4x9i_CM4_OS_Keil.lib(guicc_m565.o)
    0x0800906c   0x00000014   Code   RO         5888    i._Color2Index_M888  STemWin522_4x9i_CM4_OS_Keil.lib(guicc_m888.o)
    0x08009080   0x00000020   Code   RO         5687    i._Color2Index_M8888I  STemWin522_4x9i_CM4_OS_Keil.lib(guicc_m8888i.o)
    0x080090a0   0x0000006c   Code   RO         6075    i._CopyBuffer       STemWin522_4x9i_CM4_OS_Keil.lib(guidrv_lin_16.o)
    0x0800910c   0x0000012c   Code   RO         6543    i._CreateStaticDevice  STemWin522_4x9i_CM4_OS_Keil.lib(guidev_staticdevices.o)
    0x08009238   0x00000048   Code   RO         4558    i._DMA_AlphaBlending  guidrv.o
    0x08009280   0x00000048   Code   RO         4559    i._DMA_AlphaBlendingBulk  guidrv.o
    0x080092c8   0x00000030   Code   RO         4560    i._DMA_Color2IndexBulk  guidrv.o
    0x080092f8   0x00000044   Code   RO         4561    i._DMA_ConvertColor  guidrv.o
    0x0800933c   0x00000060   Code   RO         4562    i._DMA_Copy         guidrv.o
    0x0800939c   0x00000050   Code   RO         4563    i._DMA_DrawBitmapL8  guidrv.o
    0x080093ec   0x0000005c   Code   RO         4564    i._DMA_Fill         guidrv.o
    0x08009448   0x00000030   Code   RO         4565    i._DMA_Index2ColorBulk  guidrv.o
    0x08009478   0x00000024   Code   RO         4566    i._DMA_LoadLUT      guidrv.o
    0x0800949c   0x0000007c   Code   RO         4567    i._DMA_MixColors    guidrv.o
    0x08009518   0x00000058   Code   RO         4568    i._DMA_MixColorsBulk  guidrv.o
    0x08009570   0x00000012   Code   RO         6369    i._DeleteAllChildren  STemWin522_4x9i_CM4_OS_Keil.lib(wm.o)
    0x08009582   0x00000002   PAD
    0x08009584   0x000006f2   Code   RO         6076    i._DrawBitmap       STemWin522_4x9i_CM4_OS_Keil.lib(guidrv_lin_16.o)
    0x08009c76   0x00000002   PAD
    0x08009c78   0x00000884   Code   RO         6259    i._DrawBitmap       STemWin522_4x9i_CM4_OS_Keil.lib(guidev_16.o)
    0x0800a4fc   0x00000016   Code   RO         6294    i._DrawBitmap       STemWin522_4x9i_CM4_OS_Keil.lib(guidev_measure.o)
    0x0800a512   0x00000002   PAD
    0x0800a514   0x00000894   Code   RO         6774    i._DrawBitmap       STemWin522_4x9i_CM4_OS_Keil.lib(guidev_32.o)
    0x0800ada8   0x0000011c   Code   RO         5598    i._DrawHLine        STemWin522_4x9i_CM4_OS_Keil.lib(guiaa_lib.o)
    0x0800aec4   0x0000000a   Code   RO         6077    i._DrawHLine        STemWin522_4x9i_CM4_OS_Keil.lib(guidrv_lin_16.o)
    0x0800aece   0x0000000a   Code   RO         6260    i._DrawHLine        STemWin522_4x9i_CM4_OS_Keil.lib(guidev_16.o)
    0x0800aed8   0x0000000e   Code   RO         6295    i._DrawHLine        STemWin522_4x9i_CM4_OS_Keil.lib(guidev_measure.o)
    0x0800aee6   0x0000000a   Code   RO         6775    i._DrawHLine        STemWin522_4x9i_CM4_OS_Keil.lib(guidev_32.o)
    0x0800aef0   0x0000000c   Code   RO         6078    i._DrawVLine        STemWin522_4x9i_CM4_OS_Keil.lib(guidrv_lin_16.o)
    0x0800aefc   0x00000118   Code   RO         6261    i._DrawVLine        STemWin522_4x9i_CM4_OS_Keil.lib(guidev_16.o)
    0x0800b014   0x0000000c   Code   RO         6296    i._DrawVLine        STemWin522_4x9i_CM4_OS_Keil.lib(guidev_measure.o)
    0x0800b020   0x000000fc   Code   RO         6776    i._DrawVLine        STemWin522_4x9i_CM4_OS_Keil.lib(guidev_32.o)
    0x0800b11c   0x00000074   Code   RO         5489    i._Draw_0           automotivepanel.o
    0x0800b190   0x00000064   Code   RO         5490    i._Draw_1           automotivepanel.o
    0x0800b1f4   0x00000068   Code   RO         5491    i._Draw_2           automotivepanel.o
    0x0800b25c   0x00000006   Code   RO         6201    i._Encode           STemWin522_4x9i_CM4_OS_Keil.lib(gui_uc_encodenone.o)
    0x0800b262   0x00000002   PAD
    0x0800b264   0x00000110   Code   RO         5744    i._EnlargeBlocks    STemWin522_4x9i_CM4_OS_Keil.lib(gui_alloc.o)
    0x0800b374   0x00000084   Code   RO         6297    i._FillPolygon      STemWin522_4x9i_CM4_OS_Keil.lib(guidev_measure.o)
    0x0800b3f8   0x000000d0   Code   RO         6298    i._FillPolygonAA    STemWin522_4x9i_CM4_OS_Keil.lib(guidev_measure.o)
    0x0800b4c8   0x00000200   Code   RO         6079    i._FillRect         STemWin522_4x9i_CM4_OS_Keil.lib(guidrv_lin_16.o)
    0x0800b6c8   0x000000f0   Code   RO         6262    i._FillRect         STemWin522_4x9i_CM4_OS_Keil.lib(guidev_16.o)
    0x0800b7b8   0x00000014   Code   RO         6299    i._FillRect         STemWin522_4x9i_CM4_OS_Keil.lib(guidev_measure.o)
    0x0800b7cc   0x00000120   Code   RO         6777    i._FillRect         STemWin522_4x9i_CM4_OS_Keil.lib(guidev_32.o)
    0x0800b8ec   0x0000008a   Code   RO         6370    i._Findx0           STemWin522_4x9i_CM4_OS_Keil.lib(wm.o)
    0x0800b976   0x00000080   Code   RO         6371    i._Findx1           STemWin522_4x9i_CM4_OS_Keil.lib(wm.o)
    0x0800b9f6   0x000000b4   Code   RO         6372    i._Findy1           STemWin522_4x9i_CM4_OS_Keil.lib(wm.o)
    0x0800baaa   0x00000002   PAD
    0x0800baac   0x000000f4   Code   RO         5599    i._FlushLine        STemWin522_4x9i_CM4_OS_Keil.lib(guiaa_lib.o)
    0x0800bba0   0x00000004   Code   RO         6814    i._GUI_USAGE_BM_Delete  STemWin522_4x9i_CM4_OS_Keil.lib(guidev_usagebm.o)
    0x0800bba4   0x00000274   Code   RO         5492    i._GetAngle_0       automotivepanel.o
    0x0800be18   0x00000220   Code   RO         5493    i._GetAngle_1       automotivepanel.o
    0x0800c038   0x00000028   Code   RO         4569    i._GetBufferSize    guidrv.o
    0x0800c060   0x00000024   Code   RO         4570    i._GetBytesPerLine  guidrv.o
    0x0800c084   0x00000004   Code   RO         6202    i._GetCharCode      STemWin522_4x9i_CM4_OS_Keil.lib(gui_uc_encodenone.o)
    0x0800c088   0x00000004   Code   RO         6203    i._GetCharSize      STemWin522_4x9i_CM4_OS_Keil.lib(gui_uc_encodenone.o)
    0x0800c08c   0x00000010   Code   RO         6080    i._GetDevData       STemWin522_4x9i_CM4_OS_Keil.lib(guidrv_lin_16.o)
    0x0800c09c   0x00000010   Code   RO         6263    i._GetDevData       STemWin522_4x9i_CM4_OS_Keil.lib(guidev_16.o)
    0x0800c0ac   0x00000004   Code   RO         6300    i._GetDevData       STemWin522_4x9i_CM4_OS_Keil.lib(guidev_measure.o)
    0x0800c0b0   0x00000010   Code   RO         6778    i._GetDevData       STemWin522_4x9i_CM4_OS_Keil.lib(guidev_32.o)
    0x0800c0c0   0x000000dc   Code   RO         6081    i._GetDevFunc       STemWin522_4x9i_CM4_OS_Keil.lib(guidrv_lin_16.o)
    0x0800c19c   0x00000010   Code   RO         6264    i._GetDevFunc       STemWin522_4x9i_CM4_OS_Keil.lib(guidev_16.o)
    0x0800c1ac   0x0000001c   Code   RO         6301    i._GetDevFunc       STemWin522_4x9i_CM4_OS_Keil.lib(guidev_measure.o)
    0x0800c1c8   0x00000010   Code   RO         6779    i._GetDevFunc       STemWin522_4x9i_CM4_OS_Keil.lib(guidev_32.o)
    0x0800c1d8   0x0000003c   Code   RO         6082    i._GetDevProp       STemWin522_4x9i_CM4_OS_Keil.lib(guidrv_lin_16.o)
    0x0800c214   0x00000008   Code   RO         6265    i._GetDevProp       STemWin522_4x9i_CM4_OS_Keil.lib(guidev_16.o)
    0x0800c21c   0x00000004   Code   RO         6302    i._GetDevProp       STemWin522_4x9i_CM4_OS_Keil.lib(guidev_measure.o)
    0x0800c220   0x0000000a   Code   RO         6780    i._GetDevProp       STemWin522_4x9i_CM4_OS_Keil.lib(guidev_32.o)
    0x0800c22a   0x00000002   PAD
    0x0800c22c   0x0000003c   Code   RO         5494    i._GetFuel          automotivepanel.o
    0x0800c268   0x00000052   Code   RO         6213    i._GetIndexMask_0   STemWin522_4x9i_CM4_OS_Keil.lib(guicc_0.o)
    0x0800c2ba   0x00000004   Code   RO         6141    i._GetIndexMask_16  STemWin522_4x9i_CM4_OS_Keil.lib(guicc_16.o)
    0x0800c2be   0x00000004   Code   RO         5618    i._GetIndexMask_1616I  STemWin522_4x9i_CM4_OS_Keil.lib(guicc_1616i.o)
    0x0800c2c2   0x00000004   Code   RO         5629    i._GetIndexMask_8666  STemWin522_4x9i_CM4_OS_Keil.lib(guicc_8666.o)
    0x0800c2c6   0x00000006   Code   RO         5636    i._GetIndexMask_88666I  STemWin522_4x9i_CM4_OS_Keil.lib(guicc_88666i.o)
    0x0800c2cc   0x00000006   Code   RO         6763    i._GetIndexMask_8888  STemWin522_4x9i_CM4_OS_Keil.lib(guicc_8888.o)
    0x0800c2d2   0x00000006   Code   RO         5648    i._GetIndexMask_M1555I  STemWin522_4x9i_CM4_OS_Keil.lib(guicc_m1555i.o)
    0x0800c2d8   0x00000006   Code   RO         5662    i._GetIndexMask_M4444I  STemWin522_4x9i_CM4_OS_Keil.lib(guicc_m4444i.o)
    0x0800c2de   0x00000006   Code   RO         5676    i._GetIndexMask_M565  STemWin522_4x9i_CM4_OS_Keil.lib(guicc_m565.o)
    0x0800c2e4   0x00000006   Code   RO         5889    i._GetIndexMask_M888  STemWin522_4x9i_CM4_OS_Keil.lib(guicc_m888.o)
    0x0800c2ea   0x00000006   Code   RO         5688    i._GetIndexMask_M8888I  STemWin522_4x9i_CM4_OS_Keil.lib(guicc_m8888i.o)
    0x0800c2f0   0x00000010   Code   RO         6083    i._GetPixelIndex    STemWin522_4x9i_CM4_OS_Keil.lib(guidrv_lin_16.o)
    0x0800c300   0x0000003c   Code   RO         6266    i._GetPixelIndex    STemWin522_4x9i_CM4_OS_Keil.lib(guidev_16.o)
    0x0800c33c   0x00000004   Code   RO         6303    i._GetPixelIndex    STemWin522_4x9i_CM4_OS_Keil.lib(guidev_measure.o)
    0x0800c340   0x0000003c   Code   RO         6781    i._GetPixelIndex    STemWin522_4x9i_CM4_OS_Keil.lib(guidev_32.o)
    0x0800c37c   0x00000088   Code   RO         4571    i._GetPixelformat   guidrv.o
    0x0800c404   0x00000030   Code   RO         6084    i._GetPos           STemWin522_4x9i_CM4_OS_Keil.lib(guidrv_lin_16.o)
    0x0800c434   0x00000016   Code   RO         6085    i._GetRect          STemWin522_4x9i_CM4_OS_Keil.lib(guidrv_lin_16.o)
    0x0800c44a   0x00000030   Code   RO         6267    i._GetRect          STemWin522_4x9i_CM4_OS_Keil.lib(guidev_16.o)
    0x0800c47a   0x00000002   PAD
    0x0800c47c   0x00000014   Code   RO         6304    i._GetRect          STemWin522_4x9i_CM4_OS_Keil.lib(guidev_measure.o)
    0x0800c490   0x00000030   Code   RO         6782    i._GetRect          STemWin522_4x9i_CM4_OS_Keil.lib(guidev_32.o)
    0x0800c4c0   0x00000034   Code   RO         5496    i._GetTemperature   automotivepanel.o
    0x0800c4f4   0x000000a8   Code   RO         5677    i._Index2ColorBulk  STemWin522_4x9i_CM4_OS_Keil.lib(guicc_m565.o)
    0x0800c59c   0x0000007c   Code   RO         5890    i._Index2ColorBulk  STemWin522_4x9i_CM4_OS_Keil.lib(guicc_m888.o)
    0x0800c618   0x0000005a   Code   RO         6764    i._Index2ColorBulk  STemWin522_4x9i_CM4_OS_Keil.lib(guicc_8888.o)
    0x0800c672   0x00000002   PAD
    0x0800c674   0x0000004c   Code   RO         5619    i._Index2ColorBulk_1616I  STemWin522_4x9i_CM4_OS_Keil.lib(guicc_1616i.o)
    0x0800c6c0   0x00000044   Code   RO         5637    i._Index2ColorBulk_88666I  STemWin522_4x9i_CM4_OS_Keil.lib(guicc_88666i.o)
    0x0800c704   0x000000c0   Code   RO         5649    i._Index2ColorBulk_M1555I  STemWin522_4x9i_CM4_OS_Keil.lib(guicc_m1555i.o)
    0x0800c7c4   0x0000001c   Code   RO         4572    i._Index2ColorBulk_M1555I_DMA2D  guidrv.o
    0x0800c7e0   0x000000bc   Code   RO         5663    i._Index2ColorBulk_M4444I  STemWin522_4x9i_CM4_OS_Keil.lib(guicc_m4444i.o)
    0x0800c89c   0x0000001c   Code   RO         4573    i._Index2ColorBulk_M4444I_DMA2D  guidrv.o
    0x0800c8b8   0x0000001c   Code   RO         4574    i._Index2ColorBulk_M565_DMA2D  guidrv.o
    0x0800c8d4   0x0000009c   Code   RO         5689    i._Index2ColorBulk_M8888I  STemWin522_4x9i_CM4_OS_Keil.lib(guicc_m8888i.o)
    0x0800c970   0x0000001c   Code   RO         4575    i._Index2ColorBulk_M8888I_DMA2D  guidrv.o
    0x0800c98c   0x0000001c   Code   RO         4576    i._Index2ColorBulk_M888_DMA2D  guidrv.o
    0x0800c9a8   0x00000020   Code   RO         6214    i._Index2Color_0    STemWin522_4x9i_CM4_OS_Keil.lib(guicc_0.o)
    0x0800c9c8   0x00000036   Code   RO         6142    i._Index2Color_16   STemWin522_4x9i_CM4_OS_Keil.lib(guicc_16.o)
    0x0800c9fe   0x00000002   PAD
    0x0800ca00   0x00000028   Code   RO         5620    i._Index2Color_1616I  STemWin522_4x9i_CM4_OS_Keil.lib(guicc_1616i.o)
    0x0800ca28   0x00000020   Code   RO         5638    i._Index2Color_88666I  STemWin522_4x9i_CM4_OS_Keil.lib(guicc_88666i.o)
    0x0800ca48   0x00000034   Code   RO         5650    i._Index2Color_M1555I  STemWin522_4x9i_CM4_OS_Keil.lib(guicc_m1555i.o)
    0x0800ca7c   0x00000030   Code   RO         5664    i._Index2Color_M4444I  STemWin522_4x9i_CM4_OS_Keil.lib(guicc_m4444i.o)
    0x0800caac   0x00000020   Code   RO         5690    i._Index2Color_M8888I  STemWin522_4x9i_CM4_OS_Keil.lib(guicc_m8888i.o)
    0x0800cacc   0x00000032   Code   RO         6086    i._Init             STemWin522_4x9i_CM4_OS_Keil.lib(guidrv_lin_16.o)
    0x0800cafe   0x00000002   PAD
    0x0800cb00   0x00000290   Code   RO         5745    i._InitOnce         STemWin522_4x9i_CM4_OS_Keil.lib(gui_alloc.o)
    0x0800cd90   0x000000b4   Code   RO         6373    i._Invalidate1Abs   STemWin522_4x9i_CM4_OS_Keil.lib(wm.o)
    0x0800ce44   0x00000014   Code   RO         4577    i._InvertAlpha      guidrv.o
    0x0800ce58   0x0000002c   Code   RO         4578    i._InvertAlpha_SwapRB  guidrv.o
    0x0800ce84   0x00000054   Code   RO         4579    i._LCD_CopyBuffer   guidrv.o
    0x0800ced8   0x000000a0   Code   RO         4580    i._LCD_CopyRect     guidrv.o
    0x0800cf78   0x0000007c   Code   RO         4582    i._LCD_DrawBitmap16bpp  guidrv.o
    0x0800cff4   0x00000084   Code   RO         4583    i._LCD_DrawBitmap8bpp  guidrv.o
    0x0800d078   0x000000a8   Code   RO         4584    i._LCD_FillRect     guidrv.o
    0x0800d120   0x0000006c   Code   RO         4585    i._LCD_GetpPalConvTable  guidrv.o
    0x0800d18c   0x000001a0   Code   RO         4586    i._LCD_InitController  guidrv.o
    0x0800d32c   0x00000078   Code   RO         4587    i._LCD_MixColorsBulk  guidrv.o
    0x0800d3a4   0x00000020   Code   RO         4588    i._LTDC_LayerEnableColorKeying  guidrv.o
    0x0800d3c4   0x00000020   Code   RO         4589    i._LTDC_LayerEnableLUT  guidrv.o
    0x0800d3e4   0x00000054   Code   RO         4590    i._LTDC_SetLUTEntry  guidrv.o
    0x0800d438   0x00000034   Code   RO         4591    i._LTDC_SetLayerAlpha  guidrv.o
    0x0800d46c   0x00000080   Code   RO         4592    i._LTDC_SetLayerPos  guidrv.o
    0x0800d4ec   0x00000054   Code   RO         6305    i._MarkRect         STemWin522_4x9i_CM4_OS_Keil.lib(guidev_measure.o)
    0x0800d540   0x0000007a   Code   RO         6957    i._MoveDescendents  STemWin522_4x9i_CM4_OS_Keil.lib(wm_move.o)
    0x0800d5ba   0x0000000a   Code   RO         6087    i._Off              STemWin522_4x9i_CM4_OS_Keil.lib(guidrv_lin_16.o)
    0x0800d5c4   0x0000000a   Code   RO         6088    i._On               STemWin522_4x9i_CM4_OS_Keil.lib(guidrv_lin_16.o)
    0x0800d5ce   0x00000002   PAD
    0x0800d5d0   0x00000014   Code   RO         5600    i._OnExit           STemWin522_4x9i_CM4_OS_Keil.lib(guiaa_lib.o)
    0x0800d5e4   0x00000028   Code   RO         5708    i._OnExit           STemWin522_4x9i_CM4_OS_Keil.lib(gui__alpha.o)
    0x0800d60c   0x00000034   Code   RO         5746    i._OnExit           STemWin522_4x9i_CM4_OS_Keil.lib(gui_alloc.o)
    0x0800d640   0x0000002c   Code   RO         5788    i._OnExit           STemWin522_4x9i_CM4_OS_Keil.lib(gui_core.o)
    0x0800d66c   0x00000014   Code   RO         5942    i._OnExit           STemWin522_4x9i_CM4_OS_Keil.lib(lcd_color.o)
    0x0800d680   0x00000014   Code   RO         6190    i._OnExit           STemWin522_4x9i_CM4_OS_Keil.lib(gui_task.o)
    0x0800d694   0x00000028   Code   RO         6374    i._OnExit           STemWin522_4x9i_CM4_OS_Keil.lib(wm.o)
    0x0800d6bc   0x00000140   Code   RO         6375    i._PaintTransChildren  STemWin522_4x9i_CM4_OS_Keil.lib(wm.o)
    0x0800d7fc   0x0000006e   Code   RO         6089    i._ReadRect         STemWin522_4x9i_CM4_OS_Keil.lib(guidrv_lin_16.o)
    0x0800d86a   0x00000002   PAD
    0x0800d86c   0x00000054   Code   RO         5747    i._RemoveFreeBlock  STemWin522_4x9i_CM4_OS_Keil.lib(gui_alloc.o)
    0x0800d8c0   0x000000d0   Code   RO         5748    i._RemoveHoles      STemWin522_4x9i_CM4_OS_Keil.lib(gui_alloc.o)
    0x0800d990   0x00000036   Code   RO         6090    i._SetAlpha         STemWin522_4x9i_CM4_OS_Keil.lib(guidrv_lin_16.o)
    0x0800d9c6   0x00000010   Code   RO         6091    i._SetAlphaMode     STemWin522_4x9i_CM4_OS_Keil.lib(guidrv_lin_16.o)
    0x0800d9d6   0x00000002   PAD
    0x0800d9d8   0x00000038   Code   RO         5912    i._SetBkColor       STemWin522_4x9i_CM4_OS_Keil.lib(lcd.o)
    0x0800da10   0x00000016   Code   RO         6092    i._SetChroma        STemWin522_4x9i_CM4_OS_Keil.lib(guidrv_lin_16.o)
    0x0800da26   0x00000010   Code   RO         6093    i._SetChromaMode    STemWin522_4x9i_CM4_OS_Keil.lib(guidrv_lin_16.o)
    0x0800da36   0x00000002   PAD
    0x0800da38   0x00000038   Code   RO         5913    i._SetColor         STemWin522_4x9i_CM4_OS_Keil.lib(lcd.o)
    0x0800da70   0x00000058   Code   RO         6094    i._SetDevFunc       STemWin522_4x9i_CM4_OS_Keil.lib(guidrv_lin_16.o)
    0x0800dac8   0x00000038   Code   RO         5914    i._SetDrawMode      STemWin522_4x9i_CM4_OS_Keil.lib(lcd.o)
    0x0800db00   0x000000b8   Code   RO         6095    i._SetOrg           STemWin522_4x9i_CM4_OS_Keil.lib(guidrv_lin_16.o)
    0x0800dbb8   0x00000008   Code   RO         6268    i._SetOrg           STemWin522_4x9i_CM4_OS_Keil.lib(guidev_16.o)
    0x0800dbc0   0x00000008   Code   RO         6306    i._SetOrg           STemWin522_4x9i_CM4_OS_Keil.lib(guidev_measure.o)
    0x0800dbc8   0x00000008   Code   RO         6783    i._SetOrg           STemWin522_4x9i_CM4_OS_Keil.lib(guidev_32.o)
    0x0800dbd0   0x00000012   Code   RO         6096    i._SetPixelIndex    STemWin522_4x9i_CM4_OS_Keil.lib(guidrv_lin_16.o)
    0x0800dbe2   0x00000002   PAD
    0x0800dbe4   0x00000070   Code   RO         6269    i._SetPixelIndex    STemWin522_4x9i_CM4_OS_Keil.lib(guidev_16.o)
    0x0800dc54   0x00000050   Code   RO         6307    i._SetPixelIndex    STemWin522_4x9i_CM4_OS_Keil.lib(guidev_measure.o)
    0x0800dca4   0x00000070   Code   RO         6784    i._SetPixelIndex    STemWin522_4x9i_CM4_OS_Keil.lib(guidev_32.o)
    0x0800dd14   0x00000044   Code   RO         6097    i._SetPos           STemWin522_4x9i_CM4_OS_Keil.lib(guidrv_lin_16.o)
    0x0800dd58   0x0000005a   Code   RO         6098    i._SetSize          STemWin522_4x9i_CM4_OS_Keil.lib(guidrv_lin_16.o)
    0x0800ddb2   0x00000038   Code   RO         6099    i._SetVRAMAddr      STemWin522_4x9i_CM4_OS_Keil.lib(guidrv_lin_16.o)
    0x0800ddea   0x00000040   Code   RO         6100    i._SetVSize         STemWin522_4x9i_CM4_OS_Keil.lib(guidrv_lin_16.o)
    0x0800de2a   0x00000036   Code   RO         6101    i._SetVis           STemWin522_4x9i_CM4_OS_Keil.lib(guidrv_lin_16.o)
    0x0800de60   0x00000034   Code   RO         6102    i._ShowBuffer       STemWin522_4x9i_CM4_OS_Keil.lib(guidrv_lin_16.o)
    0x0800de94   0x00000032   Code   RO         6103    i._XorPixel         STemWin522_4x9i_CM4_OS_Keil.lib(guidrv_lin_16.o)
    0x0800dec6   0x00000002   PAD
    0x0800dec8   0x00000078   Code   RO         6270    i._XorPixel         STemWin522_4x9i_CM4_OS_Keil.lib(guidev_16.o)
    0x0800df40   0x00000050   Code   RO         6308    i._XorPixel         STemWin522_4x9i_CM4_OS_Keil.lib(guidev_measure.o)
    0x0800df90   0x0000007c   Code   RO         6785    i._XorPixel         STemWin522_4x9i_CM4_OS_Keil.lib(guidev_32.o)
    0x0800e00c   0x0000000e   Code   RO         7293    i.__scatterload_copy  mc_w.l(handlers.o)
    0x0800e01a   0x00000002   Code   RO         7294    i.__scatterload_null  mc_w.l(handlers.o)
    0x0800e01c   0x0000000e   Code   RO         7295    i.__scatterload_zeroinit  mc_w.l(handlers.o)
    0x0800e02a   0x00000002   PAD
    0x0800e02c   0x00000044   Code   RO         6376    i._cbPaintMemDev    STemWin522_4x9i_CM4_OS_Keil.lib(wm.o)
    0x0800e070   0x000000a0   Code   RO         6377    i.cbBackWin         STemWin522_4x9i_CM4_OS_Keil.lib(wm.o)
    0x0800e110   0x00000024   Code   RO         3952    i.delay             stm32f429i_sdram_lib.o
    0x0800e134   0x000000ac   Code   RO         5915    i.emWin_LCD_Init    STemWin522_4x9i_CM4_OS_Keil.lib(lcd.o)
    0x0800e1e0   0x00000038   Code   RO          339    i.main              main.o
    0x0800e218   0x00000054   Code   RO         5044    i.prvAddCurrentTaskToDelayedList  tasks.o
    0x0800e26c   0x0000003a   Code   RO         5045    i.prvAllocateTCBAndStack  tasks.o
    0x0800e2a6   0x00000002   PAD
    0x0800e2a8   0x0000004c   Code   RO         5307    i.prvCheckForValidListAndQueue  timers.o
    0x0800e2f4   0x00000060   Code   RO         5046    i.prvCheckTasksWaitingTermination  tasks.o
    0x0800e354   0x0000002a   Code   RO         4902    i.prvCopyDataFromQueue  queue.o
    0x0800e37e   0x00000068   Code   RO         4903    i.prvCopyDataToQueue  queue.o
    0x0800e3e6   0x00000012   Code   RO         5047    i.prvDeleteTCB      tasks.o
    0x0800e3f8   0x00000028   Code   RO         5308    i.prvGetNextExpireTime  timers.o
    0x0800e420   0x00000018   Code   RO         5048    i.prvIdleTask       tasks.o
    0x0800e438   0x00000046   Code   RO         5049    i.prvInitialiseTCBVariables  tasks.o
    0x0800e47e   0x00000002   PAD
    0x0800e480   0x00000068   Code   RO         5050    i.prvInitialiseTaskLists  tasks.o
    0x0800e4e8   0x00000058   Code   RO         5309    i.prvInsertTimerInActiveList  timers.o
    0x0800e540   0x0000001c   Code   RO         4904    i.prvIsQueueEmpty   queue.o
    0x0800e55c   0x00000020   Code   RO         4905    i.prvIsQueueFull    queue.o
    0x0800e57c   0x0000004c   Code   RO         5310    i.prvProcessExpiredTimer  timers.o
    0x0800e5c8   0x000000ac   Code   RO         5311    i.prvProcessReceivedCommands  timers.o
    0x0800e674   0x0000004c   Code   RO         5312    i.prvProcessTimerOrBlockTask  timers.o
    0x0800e6c0   0x00000030   Code   RO         5313    i.prvSampleTimeNow  timers.o
    0x0800e6f0   0x00000014   Code   RO         5425    i.prvSetupTimerInterrupt  port_cm4.o
    0x0800e704   0x00000084   Code   RO         5314    i.prvSwitchTimerLists  timers.o
    0x0800e788   0x0000001a   Code   RO         5315    i.prvTimerTask      timers.o
    0x0800e7a2   0x0000007e   Code   RO         4906    i.prvUnlockQueue    queue.o
    0x0800e820   0x000000e0   Code   RO         5391    i.pvPortMalloc      heap_2.o
    0x0800e900   0x00000020   Code   RO         5426    i.pxPortInitialiseStack  port_cm4.o
    0x0800e920   0x00000004   Code   RO          340    i.vApplicationMallocFailedHook  main.o
    0x0800e924   0x0000001a   Code   RO         4860    i.vListInitialise   list.o
    0x0800e93e   0x00000006   Code   RO         4861    i.vListInitialiseItem  list.o
    0x0800e944   0x00000034   Code   RO         4862    i.vListInsert       list.o
    0x0800e978   0x0000001c   Code   RO         4863    i.vListInsertEnd    list.o
    0x0800e994   0x00000024   Code   RO         4864    i.vListRemove       list.o
    0x0800e9b8   0x00000018   Code   RO         5428    i.vPortEnterCritical  port_cm4.o
    0x0800e9d0   0x0000001c   Code   RO         5429    i.vPortExitCritical  port_cm4.o
    0x0800e9ec   0x00000040   Code   RO         5392    i.vPortFree         heap_2.o
    0x0800ea2c   0x00000010   Code   RO         5430    i.vPortYieldFromISR  port_cm4.o
    0x0800ea3c   0x00000038   Code   RO         4913    i.vQueueWaitForMessageRestricted  queue.o
    0x0800ea74   0x00000038   Code   RO         5056    i.vTaskDelay        tasks.o
    0x0800eaac   0x00000108   Code   RO         5060    i.vTaskIncrementTick  tasks.o
    0x0800ebb4   0x0000000c   Code   RO         5062    i.vTaskMissedYield  tasks.o
    0x0800ebc0   0x00000048   Code   RO         5063    i.vTaskPlaceOnEventList  tasks.o
    0x0800ec08   0x00000034   Code   RO         5064    i.vTaskPlaceOnEventListRestricted  tasks.o
    0x0800ec3c   0x00000050   Code   RO         5065    i.vTaskPriorityDisinherit  tasks.o
    0x0800ec8c   0x00000080   Code   RO         5066    i.vTaskPriorityInherit  tasks.o
    0x0800ed0c   0x00000018   Code   RO         5070    i.vTaskSetTimeOutState  tasks.o
    0x0800ed24   0x00000054   Code   RO         5071    i.vTaskStartScheduler  tasks.o
    0x0800ed78   0x00000010   Code   RO         5073    i.vTaskSuspendAll   tasks.o
    0x0800ed88   0x00000070   Code   RO         5074    i.vTaskSwitchContext  tasks.o
    0x0800edf8   0x00000048   Code   RO         5431    i.xPortStartScheduler  port_cm4.o
    0x0800ee40   0x00000020   Code   RO         5432    i.xPortSysTickHandler  port_cm4.o
    0x0800ee60   0x0000004c   Code   RO         4915    i.xQueueCreateMutex  queue.o
    0x0800eeac   0x0000004e   Code   RO         4916    i.xQueueGenericCreate  queue.o
    0x0800eefa   0x0000011a   Code   RO         4917    i.xQueueGenericReceive  queue.o
    0x0800f014   0x00000068   Code   RO         4918    i.xQueueGenericReset  queue.o
    0x0800f07c   0x000000ce   Code   RO         4919    i.xQueueGenericSend  queue.o
    0x0800f14a   0x0000005e   Code   RO         4920    i.xQueueGenericSendFromISR  queue.o
    0x0800f1a8   0x00000064   Code   RO         5075    i.xTaskCheckForTimeOut  tasks.o
    0x0800f20c   0x00000114   Code   RO         5076    i.xTaskGenericCreate  tasks.o
    0x0800f320   0x0000000c   Code   RO         5077    i.xTaskGetCurrentTaskHandle  tasks.o
    0x0800f32c   0x00000020   Code   RO         5078    i.xTaskGetSchedulerState  tasks.o
    0x0800f34c   0x00000018   Code   RO         5079    i.xTaskGetTickCount  tasks.o
    0x0800f364   0x00000074   Code   RO         5082    i.xTaskRemoveFromEventList  tasks.o
    0x0800f3d8   0x000000dc   Code   RO         5083    i.xTaskResumeAll    tasks.o
    0x0800f4b4   0x00000040   Code   RO         5318    i.xTimerCreateTimerTask  timers.o
    0x0800f4f4   0x00000068   Code   RO         5319    i.xTimerGenericCommand  timers.o
    0x0800f55c   0x000029d0   Data   RO         4221    .constdata          stm32f429i_lcd_lib.o
    0x08011f2c   0x00000019   Data   RO         4480    .constdata          stm32f429i_lib.o
    0x08011f45   0x00000003   PAD
    0x08011f48   0x00000008   Data   RO         4594    .constdata          guidrv.o
    0x08011f50   0x0001dc45   Data   RO         5498    .constdata          automotivepanel.o
    0x0802fb95   0x00007d00   Data   RO         5579    .constdata          picto.o
    0x08037895   0x00000003   PAD
    0x08037898   0x00000018   Data   RO         5621    .constdata          STemWin522_4x9i_CM4_OS_Keil.lib(guicc_1616i.o)
    0x080378b0   0x00000018   Data   RO         5630    .constdata          STemWin522_4x9i_CM4_OS_Keil.lib(guicc_8666.o)
    0x080378c8   0x00000018   Data   RO         5639    .constdata          STemWin522_4x9i_CM4_OS_Keil.lib(guicc_88666i.o)
    0x080378e0   0x00000018   Data   RO         5651    .constdata          STemWin522_4x9i_CM4_OS_Keil.lib(guicc_m1555i.o)
    0x080378f8   0x00000018   Data   RO         5665    .constdata          STemWin522_4x9i_CM4_OS_Keil.lib(guicc_m4444i.o)
    0x08037910   0x00000018   Data   RO         5678    .constdata          STemWin522_4x9i_CM4_OS_Keil.lib(guicc_m565.o)
    0x08037928   0x00000018   Data   RO         5691    .constdata          STemWin522_4x9i_CM4_OS_Keil.lib(guicc_m8888i.o)
    0x08037940   0x00000008   Data   RO         5790    .constdata          STemWin522_4x9i_CM4_OS_Keil.lib(gui_core.o)
    0x08037948   0x00000008   Data   RO         5816    .constdata          STemWin522_4x9i_CM4_OS_Keil.lib(gui_device.o)
    0x08037950   0x00000018   Data   RO         5891    .constdata          STemWin522_4x9i_CM4_OS_Keil.lib(guicc_m888.o)
    0x08037968   0x0000000c   Data   RO         5916    .constdata          STemWin522_4x9i_CM4_OS_Keil.lib(lcd.o)
    0x08037974   0x00000034   Data   RO         6104    .constdata          STemWin522_4x9i_CM4_OS_Keil.lib(guidrv_lin_16.o)
    0x080379a8   0x00000018   Data   RO         6143    .constdata          STemWin522_4x9i_CM4_OS_Keil.lib(guicc_16.o)
    0x080379c0   0x00000010   Data   RO         6147    .constdata          STemWin522_4x9i_CM4_OS_Keil.lib(gui__divtbl_15_255.o)
    0x080379d0   0x00000100   Data   RO         6148    .constdata          STemWin522_4x9i_CM4_OS_Keil.lib(gui__divtbl_255_15.o)
    0x08037ad0   0x00000100   Data   RO         6149    .constdata          STemWin522_4x9i_CM4_OS_Keil.lib(gui__divtbl_255_31.o)
    0x08037bd0   0x00000100   Data   RO         6150    .constdata          STemWin522_4x9i_CM4_OS_Keil.lib(gui__divtbl_255_63.o)
    0x08037cd0   0x00000020   Data   RO         6151    .constdata          STemWin522_4x9i_CM4_OS_Keil.lib(gui__divtbl_31_255.o)
    0x08037cf0   0x00000040   Data   RO         6152    .constdata          STemWin522_4x9i_CM4_OS_Keil.lib(gui__divtbl_63_255.o)
    0x08037d30   0x0000016c   Data   RO         6161    .constdata          STemWin522_4x9i_CM4_OS_Keil.lib(gui__sinhq.o)
    0x08037e9c   0x00000010   Data   RO         6204    .constdata          STemWin522_4x9i_CM4_OS_Keil.lib(gui_uc_encodenone.o)
    0x08037eac   0x00000018   Data   RO         6215    .constdata          STemWin522_4x9i_CM4_OS_Keil.lib(guicc_0.o)
    0x08037ec4   0x00000100   Data   RO         6242    .constdata          STemWin522_4x9i_CM4_OS_Keil.lib(lcd_mirror.o)
    0x08037fc4   0x00000518   Data   RO         6253    .constdata          STemWin522_4x9i_CM4_OS_Keil.lib(f6x8.o)
    0x080384dc   0x000001c0   Data   RO         6254    .constdata          STemWin522_4x9i_CM4_OS_Keil.lib(f6x8.o)
    0x0803869c   0x00000008   Data   RO         6255    .constdata          STemWin522_4x9i_CM4_OS_Keil.lib(f6x8.o)
    0x080386a4   0x00000014   Data   RO         6256    .constdata          STemWin522_4x9i_CM4_OS_Keil.lib(f6x8.o)
    0x080386b8   0x00000024   Data   RO         6257    .constdata          STemWin522_4x9i_CM4_OS_Keil.lib(f6x8.o)
    0x080386dc   0x00000074   Data   RO         6271    .constdata          STemWin522_4x9i_CM4_OS_Keil.lib(guidev_16.o)
    0x08038750   0x00000034   Data   RO         6309    .constdata          STemWin522_4x9i_CM4_OS_Keil.lib(guidev_measure.o)
    0x08038784   0x00000008   Data   RO         6561    .constdata          STemWin522_4x9i_CM4_OS_Keil.lib(guidev_writetoactiveopaque.o)
    0x0803878c   0x00000018   Data   RO         6765    .constdata          STemWin522_4x9i_CM4_OS_Keil.lib(guicc_8888.o)
    0x080387a4   0x00000074   Data   RO         6786    .constdata          STemWin522_4x9i_CM4_OS_Keil.lib(guidev_32.o)
    0x08038818   0x00000018   Data   RO         6815    .constdata          STemWin522_4x9i_CM4_OS_Keil.lib(guidev_usagebm.o)
    0x08038830   0x00000020   Data   RO         7291    Region$$Table       anon$$obj.o


    Execution Region RW_IRAM1 (Base: 0x20000000, Size: 0x00011140, Max: 0x00030000, ABSOLUTE, COMPRESSED[0x00000244])

    Base Addr    Size         Type   Attr      Idx    E Section Name        Object

    0x20000000   0x00000010   Data   RW          342    .data               main.o
    0x20000010   0x00000014   Data   RW          392    .data               rtc.o
    0x20000024   0x0000000c   Data   RW          447    .data               stm32xxx_it.o
    0x20000030   0x00000014   Data   RW          552    .data               system_stm32f4xx.o
    0x20000044   0x00000008   Data   RW          629    .data               gui_x_freertos.o
    0x2000004c   0x00000030   Data   RW         4222    .data               stm32f429i_lcd_lib.o
    0x2000007c   0x00000010   Data   RW         4481    .data               stm32f429i_lib.o
    0x2000008c   0x00000058   Data   RW         4595    .data               guidrv.o
    0x200000e4   0x0000003c   Data   RW         5086    .data               tasks.o
    0x20000120   0x00000010   Data   RW         5322    .data               timers.o
    0x20000130   0x00000018   Data   RW         5396    .data               heap_2.o
    0x20000148   0x00000004   Data   RW         5433    .data               port_cm4.o
    0x2000014c   0x00000191   Data   RW         5499    .data               automotivepanel.o
    0x200002dd   0x00000003   PAD
    0x200002e0   0x00000200   Data   RW         5580    .data               picto.o
    0x200004e0   0x0000003c   Data   RW         5601    .data               STemWin522_4x9i_CM4_OS_Keil.lib(guiaa_lib.o)
    0x2000051c   0x00000008   Data   RW         5652    .data               STemWin522_4x9i_CM4_OS_Keil.lib(guicc_m1555i.o)
    0x20000524   0x00000008   Data   RW         5666    .data               STemWin522_4x9i_CM4_OS_Keil.lib(guicc_m4444i.o)
    0x2000052c   0x00000008   Data   RW         5679    .data               STemWin522_4x9i_CM4_OS_Keil.lib(guicc_m565.o)
    0x20000534   0x00000008   Data   RW         5692    .data               STemWin522_4x9i_CM4_OS_Keil.lib(guicc_m8888i.o)
    0x2000053c   0x00000028   Data   RW         5709    .data               STemWin522_4x9i_CM4_OS_Keil.lib(gui__alpha.o)
    0x20000564   0x00000008   Data   RW         5750    .data               STemWin522_4x9i_CM4_OS_Keil.lib(gui_alloc.o)
    0x2000056c   0x0000002c   Data   RW         5791    .data               STemWin522_4x9i_CM4_OS_Keil.lib(gui_core.o)
    0x20000598   0x00000004   Data   RW         5792    .data               STemWin522_4x9i_CM4_OS_Keil.lib(gui_core.o)
    0x2000059c   0x00000004   Data   RW         5793    .data               STemWin522_4x9i_CM4_OS_Keil.lib(gui_core.o)
    0x200005a0   0x00000004   Data   RW         5795    .data               STemWin522_4x9i_CM4_OS_Keil.lib(gui_core.o)
    0x200005a4   0x00000002   Data   RW         5796    .data               STemWin522_4x9i_CM4_OS_Keil.lib(gui_core.o)
    0x200005a6   0x00000002   Data   RW         5797    .data               STemWin522_4x9i_CM4_OS_Keil.lib(gui_core.o)
    0x200005a8   0x0000002c   Data   RW         5847    .data               STemWin522_4x9i_CM4_OS_Keil.lib(gui_multibuf.o)
    0x200005d4   0x00000008   Data   RW         5892    .data               STemWin522_4x9i_CM4_OS_Keil.lib(guicc_m888.o)
    0x200005dc   0x00000004   Data   RW         5917    .data               STemWin522_4x9i_CM4_OS_Keil.lib(lcd.o)
    0x200005e0   0x00000010   Data   RW         5943    .data               STemWin522_4x9i_CM4_OS_Keil.lib(lcd_color.o)
    0x200005f0   0x00000004   Data   RW         6167    .data               STemWin522_4x9i_CM4_OS_Keil.lib(gui_fillpolygon.o)
    0x200005f4   0x0000001c   Data   RW         6191    .data               STemWin522_4x9i_CM4_OS_Keil.lib(gui_task.o)
    0x20000610   0x00000004   Data   RW         6234    .data               STemWin522_4x9i_CM4_OS_Keil.lib(lcd_aa.o)
    0x20000614   0x00000004   Data   RW         6286    .data               STemWin522_4x9i_CM4_OS_Keil.lib(guidev_banding.o)
    0x20000618   0x00000058   Data   RW         6379    .data               STemWin522_4x9i_CM4_OS_Keil.lib(wm.o)
    0x20000670   0x00000008   Data   RW         6441    .data               STemWin522_4x9i_CM4_OS_Keil.lib(gui__managecache.o)
    0x20000678   0x0000000c   Data   RW         6472    .data               STemWin522_4x9i_CM4_OS_Keil.lib(gui_onkey.o)
    0x20000684   0x0000000c   Data   RW         6495    .data               STemWin522_4x9i_CM4_OS_Keil.lib(gui_waitevent.o)
    0x20000690   0x00000001   Data   RW         6545    .data               STemWin522_4x9i_CM4_OS_Keil.lib(guidev_staticdevices.o)
    0x20000691   0x00000003   PAD
    0x20000694   0x00000004   Data   RW         6564    .data               STemWin522_4x9i_CM4_OS_Keil.lib(wm__sendmessage.o)
    0x20000698   0x00000020   Data   RW         6695    .data               STemWin522_4x9i_CM4_OS_Keil.lib(gui_setalpha.o)
    0x200006b8   0x00000014   Data   RW         6744    .data               STemWin522_4x9i_CM4_OS_Keil.lib(gui_timer.o)
    0x200006cc   0x0000000c   Zero   RW          391    .bss                rtc.o
    0x200006d8   0x00009600   Zero   RW         4593    .bss                guidrv.o
    0x20009cd8   0x00000186   Zero   RW         5085    .bss                tasks.o
    0x20009e5e   0x00000002   PAD
    0x20009e60   0x00000028   Zero   RW         5321    .bss                timers.o
    0x20009e88   0x00005000   Zero   RW         5395    .bss                heap_2.o
    0x2000ee88   0x000000a4   Zero   RW         5497    .bss                automotivepanel.o
    0x2000ef2c   0x000000c8   Zero   RW         5749    .bss                STemWin522_4x9i_CM4_OS_Keil.lib(gui_alloc.o)
    0x2000eff4   0x00000078   Zero   RW         5789    .bss                STemWin522_4x9i_CM4_OS_Keil.lib(gui_core.o)
    0x2000f06c   0x00000018   Zero   RW         6166    .bss                STemWin522_4x9i_CM4_OS_Keil.lib(gui_fillpolygon.o)
    0x2000f084   0x00000018   Zero   RW         6378    .bss                STemWin522_4x9i_CM4_OS_Keil.lib(wm.o)
    0x2000f09c   0x00000058   Zero   RW         6471    .bss                STemWin522_4x9i_CM4_OS_Keil.lib(gui_onkey.o)
    0x2000f0f4   0x00000048   Zero   RW         6605    .bss                STemWin522_4x9i_CM4_OS_Keil.lib(wm_touch.o)
    0x2000f13c   0x00000004   PAD
    0x2000f140   0x00002000   Zero   RW          587    STACK               startup_stm32f429_439xx.o



  Load Region LR$$.ARM.__AT_0xD0100000 (Base: 0xd0100000, Size: 0x00000000, Max: 0x00400000, ABSOLUTE)

    Execution Region ER$$.ARM.__AT_0xD0100000 (Base: 0xd0100000, Size: 0x00400000, Max: 0x00400000, ABSOLUTE, UNINIT)

    Base Addr    Size         Type   Attr      Idx    E Section Name        Object

    0xd0100000   0x00400000   Zero   RW          596    .ARM.__AT_0xD0100000  guiconf.o



  Load Region LR$$.ARM.__AT_0xD0500000 (Base: 0xd0500000, Size: 0x00000000, Max: 0x00100000, ABSOLUTE)

    Execution Region ER$$.ARM.__AT_0xD0500000 (Base: 0xd0500000, Size: 0x00100000, Max: 0x00100000, ABSOLUTE, UNINIT)

    Base Addr    Size         Type   Attr      Idx    E Section Name        Object

    0xd0500000   0x00100000   Zero   RW          597    .ARM.__AT_0xD0500000  guiconf.o


==============================================================================

Image component sizes


      Code (inc. data)   RO Data    RW Data    ZI Data      Debug   Object Name

      2634        340     121925        401        164      15506   automotivepanel.o
        42          0          0          0          0     375649   bsp.o
       132         18          0          8          0       4667   gui_x_freertos.o
        20          6          0          0    5242880       1444   guiconf.o
      3946        498          8         88      38400      66443   guidrv.o
       288         28          0         24      20480       4067   heap_2.o
       148          0          0          0          0       5385   list.o
       170         38          0         16          0       4607   main.o
       120         14          0          0          0       1292   misc.o
         0          0      32000        512          0       2096   picto.o
       392         58          0          4          0       6133   port_cm4.o
      1228          0          0          0          0      12394   queue.o
       416         40          0         20         12       2907   rtc.o
        36          8        428          0       8192        872   startup_stm32f429_439xx.o
       918         68      10704         48          0       8139   stm32f429i_lcd_lib.o
        24          8         25         16          0       1943   stm32f429i_lib.o
       840         24          0          0          0       3617   stm32f429i_sdram_lib.o
        32          6          0          0          0        693   stm32f4xx_dma2d.o
        12          6          0          0          0        665   stm32f4xx_exti.o
       376         20          0          0          0       4095   stm32f4xx_fmc.o
       232          0          0          0          0       4255   stm32f4xx_gpio.o
       806         38          0          0          0       5733   stm32f4xx_ltdc.o
        12          6          0          0          0        654   stm32f4xx_pwr.o
       400         80          0          0          0       9172   stm32f4xx_rcc.o
       392         30          0          0          0       5517   stm32f4xx_rtc.o
       988         54          0          0          0      13659   stm32f4xx_tim.o
       204         34          0         12          0       8429   stm32xxx_it.o
       340         32          0         20          0       2177   system_stm32f4xx.o
      2134        332          0         60        390      23124   tasks.o
       902         80          0         16         40       9923   timers.o

    ----------------------------------------------------------------------
     18200       1866     165128       1248    5310560     605257   Object Totals
         0          0         32          0          0          0   (incl. Generated)
        16          0          6          3          2          0   (incl. Padding)

    ----------------------------------------------------------------------

      Code (inc. data)   RO Data    RW Data    ZI Data      Debug   Library Member Name

         0          0       1816          0          0          0   f6x8.o
      1110         54          0         40          0       1156   gui__alpha.o
       776          0          0          0          0        272   gui__compactpixelindices.o
         0          0         16          0          0          0   gui__divtbl_15_255.o
         0          0        256          0          0          0   gui__divtbl_255_15.o
         0          0        256          0          0          0   gui__divtbl_255_31.o
         0          0        256          0          0          0   gui__divtbl_255_63.o
         0          0         32          0          0          0   gui__divtbl_31_255.o
         0          0         64          0          0          0   gui__divtbl_63_255.o
       354          0          0          0          0        172   gui__expandpixelindices.o
        66          0          0          0          0        116   gui__intersectrect.o
        82          0          0          0          0        128   gui__intersectrects.o
       204          8          0          8          0        248   gui__managecache.o
       186          0          0          0          0        148   gui__memset.o
       148          0          0          0          0        132   gui__memset16.o
       280         28        364          0          0        256   gui__sinhq.o
      2526        100          0          8        200       2064   gui_alloc.o
        46          0          0          0          0        128   gui_alloc_alloczero.o
        70          0          0          0          0        116   gui_calccolordist.o
       398          8          0          0          0        492   gui_charm.o
       548         82          8         60        120        768   gui_core.o
       696         42          8          0          0       1012   gui_device.o
       244         10          0          0          0        144   gui_drawbitmap.o
        44          6          0          0          0        128   gui_exec.o
       612         14          0          4         24        148   gui_fillpolygon.o
        24          4          0          0          0        124   gui_getdrawmode.o
        44         10          0          0          0        136   gui_getorg.o
        32          4          0          0          0        128   gui_goto.o
        96          0          0          0          0        116   gui_mergerect.o
        32          0          0          0          0        116   gui_moverect.o
        52         14          0         44          0        116   gui_multibuf.o
        84         20          0         12         88        240   gui_onkey.o
        28          4          0          0          0        128   gui_pen.o
       116         10          0          0          0        132   gui_polyrotate.o
        56          0          0          0          0        116   gui_rectsintersect.o
        32         10          0          0          0        232   gui_savecontext.o
        86         10          0          0          0        264   gui_selectlayer.o
        26          0          0          0          0        128   gui_selectlcd.o
        40          6          0         32          0        124   gui_setalpha.o
        44          0          0          0          0        256   gui_setcolor.o
        64          6          0          0          0        128   gui_setdefault.o
        24          0          0          0          0        124   gui_setdrawmode.o
        32          4          0          0          0        128   gui_setfont.o
        28          4          0          0          0        128   gui_setlinestyle.o
        64         16          0          0          0        136   gui_setorg.o
        32          6          0          0          0        128   gui_settextalign.o
        32          6          0          0          0        128   gui_settextmode.o
       328         40          0         28          0        636   gui_task.o
         4          0          0          0          0        116   gui_time.o
       330         10          0         20          0        528   gui_timer.o
        18          0         16          0          0        464   gui_uc_encodenone.o
        16          4          0         12          0        116   gui_waitevent.o
       872         84          0         60          0        880   guiaa_lib.o
       528         10          0          0          0        144   guiaa_poly.o
       220          0         24          0          0        388   guicc_0.o
       182          0         24          0          0        384   guicc_16.o
       228         34         24          0          0        636   guicc_1616i.o
       224         22         24          0          0        348   guicc_8666.o
       202         18         24          0          0        636   guicc_88666i.o
       166          0         24          0          0        512   guicc_8888.o
         2          0          0          0          0        116   guicc_8888_index2color.o
         2          0          0          0          0        116   guicc_888_index2color.o
       510         30         24          8          0        804   guicc_m1555i.o
       446         30         24          8          0        792   guicc_m4444i.o
       398         42         24          8          0        688   guicc_m565.o
        44         10          0          0          0        116   guicc_m565_index2color.o
       294         14         24          8          0        668   guicc_m888.o
       402         14         24          8          0        804   guicc_m8888i.o
        20          0          0          0          0        116   guicc_m888_index2color.o
       920         34          0          0          0       1076   guidev.o
      3098         58        116          0          0       1568   guidev_16.o
      3140         56        116          0          0       1576   guidev_32.o
       192          0          0          0          0        264   guidev_auto.o
       320         10          0          4          0        152   guidev_banding.o
        76          4          0          0          0        132   guidev_clear.o
        34          0          0          0          0        128   guidev_getdataptr.o
        52          6          0          0          0        128   guidev_getysize.o
      1090         62         52          0          0       2496   guidev_measure.o
        60          4          0          0          0        128   guidev_reduceysize.o
       112          6          0          0          0        136   guidev_setorg.o
       320         14          0          1          0        276   guidev_staticdevices.o
        86          0          0          0          0        260   guidev_usage.o
       482          4         24          0          0        752   guidev_usagebm.o
       100          0          0          0          0        136   guidev_write.o
       288         14          0          0          0        152   guidev_writetoactivealpha.o
      1888         14          8          0          0        172   guidev_writetoactiveopaque.o
      3814        152         52          0          0       3756   guidrv_lin_16.o
      1952        132         12          4          0       2184   lcd.o
       200         24          0          4          0        276   lcd_aa.o
       384         38          0         16          0        648   lcd_color.o
       696         38          0          0          0       2376   lcd_getex.o
        28          0          0          0          0        128   lcd_getnumdisplays.o
        96          8          0          0          0        140   lcd_getp.o
        14          0          0          0          0        128   lcd_getpixelcolor.o
         0          0        256          0          0          0   lcd_mirror.o
       568         22          0          0          0        292   lcd_readrect.o
        68          8          0          0          0        128   lcd_selectlcd.o
       260          0          0          0          0        788   lcd_set.o
        52         10          0          0          0        132   lcd_setcliprectex.o
        36          4          0          0          0        128   lcd_updatecolorindices.o
      5696        202          0         88         24       4360   wm.o
        20          0          0          0          0        124   wm__getfirstsibling.o
        56         12          0          0          0        232   wm__getorg_aa.o
        40          0          0          0          0        128   wm__getprevsibling.o
        60          4          0          4          0        136   wm__sendmessage.o
        46          0          0          0          0        136   wm__sendmessagenopara.o
       242          0          0          0          0        148   wm__updatechildpositions.o
       140          0          0          0          0        140   wm_bringtobottom.o
        16          6          0          0          0        116   wm_criticalhandle.o
        32          0          0          0          0        128   wm_getclientrect.o
        24         10          0          0          0        116   wm_getdesktopwindow.o
        26          0          0          0          0        124   wm_getfirstchild.o
        26          0          0          0          0        124   wm_getparent.o
       408          0          0          0          0        428   wm_move.o
        20          0          0          0          0        128   wm_notifyparent.o
        64          8          0          0          0        136   wm_onkey.o
       258          0          0          0          0        140   wm_resizewindow.o
        26          0          0          0          0        136   wm_sendmessagenopara.o
        40          0          0          0          0        136   wm_sendtoparent.o
        76          0          0          0          0        132   wm_setsize.o
       122          0          0          0          0        136   wm_timer.o
         0          0          0          0         72          0   wm_touch.o
        86          0          0          0          0          0   __dczerorl2.o
         0          0          0          0          0          0   entry.o
         0          0          0          0          0          0   entry10a.o
         0          0          0          0          0          0   entry11a.o
         8          4          0          0          0          0   entry2.o
         4          0          0          0          0          0   entry5.o
         0          0          0          0          0          0   entry7b.o
         0          0          0          0          0          0   entry8b.o
         8          4          0          0          0          0   entry9a.o
        30          0          0          0          0          0   handlers.o
        36          8          0          0          0         68   init.o
         0          0          0          0          0          0   iusefp.o
        30          0          0          0          0         68   llshl.o
        36          0          0          0          0         68   llsshr.o
        32          0          0          0          0         68   llushr.o
        64          0          0          0          0         76   memmovea.o
        36          0          0          0          0        108   memseta.o
        24          0          0          0          0         76   strncpy.o
        56          0          0          0          0         88   d2f.o
       334          0          0          0          0        148   dadd.o
       186          0          0          0          0        176   depilogue.o
        34          0          0          0          0         76   dflti.o
       228          0          0          0          0         96   dmul.o
       110          0          0          0          0        168   fepilogue.o

    ----------------------------------------------------------------------
     44184       1828       3992        492        532      50196   Library Totals
        84          0          0          3          4          0   (incl. Padding)

    ----------------------------------------------------------------------

      Code (inc. data)   RO Data    RW Data    ZI Data      Debug   Library Name

     42758       1812       3992        489        528      48912   STemWin522_4x9i_CM4_OS_Keil.lib
       394         16          0          0          0        532   mc_w.l
       948          0          0          0          0        752   mf_w.l

    ----------------------------------------------------------------------
     44184       1828       3992        492        532      50196   Library Totals

    ----------------------------------------------------------------------

==============================================================================


      Code (inc. data)   RO Data    RW Data    ZI Data      Debug   

     62384       3694     169120       1740    5311092     596365   Grand Totals
     62384       3694     169120        580    5311092     596365   ELF Image Totals (compressed)
     62384       3694     169120        580          0          0   ROM Totals

==============================================================================

    Total RO  Size (Code + RO Data)               231504 ( 226.08kB)
    Total RW  Size (RW Data + ZI Data)           5312832 (5188.31kB)
    Total ROM Size (Code + RO Data + RW Data)     232084 ( 226.64kB)

==============================================================================

