Component: ARM Compiler 5.06 (build 20) Tool: armlink [4d35a3]

==============================================================================

Section Cross References

    bsp.o(i.Alarm_Init) refers to stm32f4xx_exti.o(i.EXTI_ClearITPendingBit) for EXTI_ClearITPendingBit
    bsp.o(i.Alarm_Init) refers to stm32f4xx_exti.o(i.EXTI_Init) for EXTI_Init
    bsp.o(i.Alarm_Init) refers to misc.o(i.NVIC_Init) for NVIC_Init
    bsp.o(i.BSP_Pointer_Update) refers to stm32f4xx_gpio.o(i.GPIO_ReadInputDataBit) for GPIO_ReadInputDataBit
    bsp.o(i.BSP_Pointer_Update) refers to gui_touch.o(i.GUI_TOUCH_StoreStateEx) for GUI_TOUCH_StoreStateEx
    bsp.o(i.BSP_Pointer_Update) refers to bsp.o(.data) for TS_Orientation
    bsp.o(i.LowLevel_Init) refers to stm32f4xx_rcc.o(i.RCC_AHB1PeriphClockCmd) for RCC_AHB1PeriphClockCmd
    bsp.o(i.LowLevel_Init) refers to stm32f4xx_gpio.o(i.GPIO_Init) for GPIO_Init
    bsp.o(i.LowLevel_Init) refers to stm32f4xx_gpio.o(i.GPIO_SetBits) for GPIO_SetBits
    bsp.o(i.LowLevel_Init) refers to stm32f429i_discovery_sdram.o(i.SDRAM_Init) for SDRAM_Init
    bsp.o(i.LowLevel_Init) refers to stm32f429i_discovery_lcd.o(i.LCD_Init) for LCD_Init
    bsp.o(i.LowLevel_Init) refers to stm32f429i_discovery_lcd.o(i.LCD_LayerInit) for LCD_LayerInit
    bsp.o(i.LowLevel_Init) refers to stm32f4xx_ltdc.o(i.LTDC_Cmd) for LTDC_Cmd
    bsp.o(i.LowLevel_Init) refers to stm32f429i_discovery_lcd.o(i.LCD_SetLayer) for LCD_SetLayer
    bsp.o(i.LowLevel_Init) refers to rtc.o(i.RTC_Configuration) for RTC_Configuration
    bsp.o(i.LowLevel_Init) refers to bsp.o(i.Alarm_Init) for Alarm_Init
    main.o(i.Background_Task) refers to bsp.o(i.LowLevel_Init) for LowLevel_Init
    main.o(i.Background_Task) refers to bsp.o(i.BSP_TS_Init) for BSP_TS_Init
    main.o(i.Background_Task) refers to gui_core.o(i.GUI_Init) for GUI_Init
    main.o(i.Background_Task) refers to tasks.o(i.xTaskGenericCreate) for xTaskGenericCreate
    main.o(i.Background_Task) refers to tasks.o(i.vTaskDelay) for vTaskDelay
    main.o(i.Background_Task) refers to main.o(.data) for Demo_Handle
    main.o(i.Background_Task) refers to main.o(i.Demo_Task) for Demo_Task
    main.o(i.Demo_Task) refers to gui_selectlayer.o(i.GUI_SelectLayer) for GUI_SelectLayer
    main.o(i.Demo_Task) refers to gui_setcolor.o(i.GUI_SetBkColor) for GUI_SetBkColor
    main.o(i.Demo_Task) refers to gui_core.o(i.GUI_Clear) for GUI_Clear
    main.o(i.Demo_Task) refers to guidemo_automotive.o(i.GUIDEMO_Automotive) for GUIDEMO_Automotive
    main.o(i.main) refers to tasks.o(i.xTaskGenericCreate) for xTaskGenericCreate
    main.o(i.main) refers to tasks.o(i.vTaskStartScheduler) for vTaskStartScheduler
    main.o(i.main) refers to main.o(.data) for Task_Handle
    main.o(i.main) refers to main.o(i.Background_Task) for Background_Task
    main.o(i.vTimerCallback) refers to bsp.o(i.BSP_Pointer_Update) for BSP_Pointer_Update
    rtc.o(i.GetLSIFrequency) refers to stm32f4xx_rcc.o(i.RCC_LSICmd) for RCC_LSICmd
    rtc.o(i.GetLSIFrequency) refers to stm32f4xx_rcc.o(i.RCC_GetFlagStatus) for RCC_GetFlagStatus
    rtc.o(i.GetLSIFrequency) refers to stm32f4xx_rcc.o(i.RCC_APB1PeriphClockCmd) for RCC_APB1PeriphClockCmd
    rtc.o(i.GetLSIFrequency) refers to stm32f4xx_tim.o(i.TIM_RemapConfig) for TIM_RemapConfig
    rtc.o(i.GetLSIFrequency) refers to stm32f4xx_tim.o(i.TIM_PrescalerConfig) for TIM_PrescalerConfig
    rtc.o(i.GetLSIFrequency) refers to stm32f4xx_tim.o(i.TIM_ICInit) for TIM_ICInit
    rtc.o(i.GetLSIFrequency) refers to misc.o(i.NVIC_Init) for NVIC_Init
    rtc.o(i.GetLSIFrequency) refers to stm32f4xx_tim.o(i.TIM_Cmd) for TIM_Cmd
    rtc.o(i.GetLSIFrequency) refers to stm32f4xx_tim.o(i.TIM_ITConfig) for TIM_ITConfig
    rtc.o(i.GetLSIFrequency) refers to stm32f4xx_tim.o(i.TIM_DeInit) for TIM_DeInit
    rtc.o(i.GetLSIFrequency) refers to rtc.o(.data) for CaptureNumber
    rtc.o(i.GetLSIFrequency) refers to system_stm32f4xx.o(.data) for SystemCoreClock
    rtc.o(i.RTC_Alarm_IRQHandler) refers to stm32f4xx_exti.o(i.EXTI_ClearITPendingBit) for EXTI_ClearITPendingBit
    rtc.o(i.RTC_Alarm_IRQHandler) refers to stm32f4xx_rtc.o(i.RTC_GetITStatus) for RTC_GetITStatus
    rtc.o(i.RTC_Alarm_IRQHandler) refers to stm32f429i_discovery.o(i.STM_EVAL_LEDOn) for STM_EVAL_LEDOn
    rtc.o(i.RTC_Alarm_IRQHandler) refers to stm32f4xx_rtc.o(i.RTC_ClearITPendingBit) for RTC_ClearITPendingBit
    rtc.o(i.RTC_Alarm_IRQHandler) refers to rtc.o(.data) for alarm_now
    rtc.o(i.RTC_Configuration) refers to stm32f4xx_rcc.o(i.RCC_APB1PeriphClockCmd) for RCC_APB1PeriphClockCmd
    rtc.o(i.RTC_Configuration) refers to stm32f4xx_pwr.o(i.PWR_BackupAccessCmd) for PWR_BackupAccessCmd
    rtc.o(i.RTC_Configuration) refers to stm32f4xx_rcc.o(i.RCC_LSICmd) for RCC_LSICmd
    rtc.o(i.RTC_Configuration) refers to stm32f4xx_rcc.o(i.RCC_GetFlagStatus) for RCC_GetFlagStatus
    rtc.o(i.RTC_Configuration) refers to stm32f4xx_rcc.o(i.RCC_RTCCLKConfig) for RCC_RTCCLKConfig
[...]
    0x080010c0   0x00000010   Code   RO         5736    i.GUI_AA_EnableHiRes  STemWin522_4x9i_CM4_OS_Keil.lib(guiaa_lib.o)
    0x080010d0   0x00000020   Code   RO         5737    i.GUI_AA_Exit       STemWin522_4x9i_CM4_OS_Keil.lib(guiaa_lib.o)
    0x080010f0   0x00000210   Code   RO         5760    i.GUI_AA_FillPolygon  STemWin522_4x9i_CM4_OS_Keil.lib(guiaa_poly.o)
    0x08001300   0x000000d8   Code   RO         5740    i.GUI_AA_Init       STemWin522_4x9i_CM4_OS_Keil.lib(guiaa_lib.o)
    0x080013d8   0x0000003c   Code   RO         5743    i.GUI_AA_SetFactor  STemWin522_4x9i_CM4_OS_Keil.lib(guiaa_lib.o)
    0x08001414   0x0000001e   Code   RO         5866    i.GUI_ALLOC_AllocNoInit  STemWin522_4x9i_CM4_OS_Keil.lib(gui_alloc.o)
    0x08001432   0x0000002e   Code   RO         6609    i.GUI_ALLOC_AllocZero  STemWin522_4x9i_CM4_OS_Keil.lib(gui_alloc_alloczero.o)
    0x08001460   0x00000010   Code   RO         5867    i.GUI_ALLOC_AssignMemory  STemWin522_4x9i_CM4_OS_Keil.lib(gui_alloc.o)
    0x08001470   0x0000004c   Code   RO         5868    i.GUI_ALLOC_Free    STemWin522_4x9i_CM4_OS_Keil.lib(gui_alloc.o)
    0x080014bc   0x0000001c   Code   RO         5869    i.GUI_ALLOC_FreeFixedBlock  STemWin522_4x9i_CM4_OS_Keil.lib(gui_alloc.o)
    0x080014d8   0x000000b4   Code   RO         5872    i.GUI_ALLOC_GetFixedBlock  STemWin522_4x9i_CM4_OS_Keil.lib(gui_alloc.o)
    0x0800158c   0x0000002c   Code   RO         5880    i.GUI_ALLOC_LockH   STemWin522_4x9i_CM4_OS_Keil.lib(gui_alloc.o)
    0x080015b8   0x00000084   Code   RO         5881    i.GUI_ALLOC_RequestSize  STemWin522_4x9i_CM4_OS_Keil.lib(gui_alloc.o)
    0x0800163c   0x00000030   Code   RO         5885    i.GUI_ALLOC_UnlockH  STemWin522_4x9i_CM4_OS_Keil.lib(gui_alloc.o)
    0x0800166c   0x0000001c   Code   RO         5886    i.GUI_ALLOC_h2p     STemWin522_4x9i_CM4_OS_Keil.lib(gui_alloc.o)
    0x08001688   0x00000046   Code   RO         6611    i.GUI_CalcColorDist  STemWin522_4x9i_CM4_OS_Keil.lib(gui_calccolordist.o)
    0x080016ce   0x00000002   PAD
    0x080016d0   0x00000074   Code   RO         5926    i.GUI_Clear         STemWin522_4x9i_CM4_OS_Keil.lib(gui_core.o)
    0x08001744   0x0000006c   Code   RO         5927    i.GUI_ClearRect     STemWin522_4x9i_CM4_OS_Keil.lib(gui_core.o)
    0x080017b0   0x00000058   Code   RO         5953    i.GUI_DEVICE_Create  STemWin522_4x9i_CM4_OS_Keil.lib(gui_device.o)
    0x08001808   0x00000070   Code   RO         5954    i.GUI_DEVICE_CreateAndLink  STemWin522_4x9i_CM4_OS_Keil.lib(gui_device.o)
    0x08001878   0x00000004   Code   RO         5955    i.GUI_DEVICE_Delete  STemWin522_4x9i_CM4_OS_Keil.lib(gui_device.o)
    0x0800187c   0x000000a0   Code   RO         5956    i.GUI_DEVICE_Link   STemWin522_4x9i_CM4_OS_Keil.lib(gui_device.o)
    0x0800191c   0x00000090   Code   RO         5957    i.GUI_DEVICE_LinkDevices  STemWin522_4x9i_CM4_OS_Keil.lib(gui_device.o)
    0x080019ac   0x00000034   Code   RO         5958    i.GUI_DEVICE_Unlink  STemWin522_4x9i_CM4_OS_Keil.lib(gui_device.o)
    0x080019e0   0x00000060   Code   RO         5959    i.GUI_DEVICE_UnlinkTaskDevices  STemWin522_4x9i_CM4_OS_Keil.lib(gui_device.o)
    0x08001a40   0x00000028   Code   RO         5961    i.GUI_DEVICE__GetpDriver  STemWin522_4x9i_CM4_OS_Keil.lib(gui_device.o)
    0x08001a68   0x000000f4   Code   RO         5973    i.GUI_DrawBitmap    STemWin522_4x9i_CM4_OS_Keil.lib(gui_drawbitmap.o)
    0x08001b5c   0x0000002c   Code   RO         5976    i.GUI_Exec          STemWin522_4x9i_CM4_OS_Keil.lib(gui_exec.o)
    0x08001b88   0x00000014   Code   RO         6102    i.GUI_GetBitsPerPixelEx  STemWin522_4x9i_CM4_OS_Keil.lib(lcd_getex.o)
    0x08001b9c   0x00000018   Code   RO         5980    i.GUI_GetDrawMode   STemWin522_4x9i_CM4_OS_Keil.lib(gui_getdrawmode.o)
    0x08001bb4   0x00000026   Code   RO         6009    i.GUI_GetLayerPosEx  STemWin522_4x9i_CM4_OS_Keil.lib(gui_selectlayer.o)
    0x08001bda   0x00000002   PAD
    0x08001bdc   0x0000002c   Code   RO         6621    i.GUI_GetOrg        STemWin522_4x9i_CM4_OS_Keil.lib(gui_getorg.o)
    0x08001c08   0x00000004   Code   RO         6029    i.GUI_GetTime       STemWin522_4x9i_CM4_OS_Keil.lib(gui_time.o)
    0x08001c0c   0x00000010   Code   RO         6103    i.GUI_GetpfColor2IndexEx  STemWin522_4x9i_CM4_OS_Keil.lib(lcd_getex.o)
    0x08001c1c   0x00000010   Code   RO         6104    i.GUI_GetpfIndex2ColorEx  STemWin522_4x9i_CM4_OS_Keil.lib(lcd_getex.o)
    0x08001c2c   0x00000020   Code   RO         6322    i.GUI_GotoXY        STemWin522_4x9i_CM4_OS_Keil.lib(gui_goto.o)
    0x08001c4c   0x000000fc   Code   RO         5929    i.GUI_Init          STemWin522_4x9i_CM4_OS_Keil.lib(gui_core.o)
    0x08001d48   0x0000008c   Code   RO         6351    i.GUI_Lock          STemWin522_4x9i_CM4_OS_Keil.lib(gui_task.o)
    0x08001dd4   0x00000030   Code   RO         6452    i.GUI_MEASDEV_ClearRect  STemWin522_4x9i_CM4_OS_Keil.lib(guidev_measure.o)
    0x08001e04   0x00000084   Code   RO         6453    i.GUI_MEASDEV_Create  STemWin522_4x9i_CM4_OS_Keil.lib(guidev_measure.o)
    0x08001e88   0x00000044   Code   RO         6454    i.GUI_MEASDEV_Delete  STemWin522_4x9i_CM4_OS_Keil.lib(guidev_measure.o)
    0x08001ecc   0x00000036   Code   RO         6455    i.GUI_MEASDEV_GetRect  STemWin522_4x9i_CM4_OS_Keil.lib(guidev_measure.o)
    0x08001f02   0x00000002   PAD
    0x08001f04   0x00000044   Code   RO         6456    i.GUI_MEASDEV_Select  STemWin522_4x9i_CM4_OS_Keil.lib(guidev_measure.o)
    0x08001f48   0x0000004c   Code   RO         6692    i.GUI_MEMDEV_Clear  STemWin522_4x9i_CM4_OS_Keil.lib(guidev_clear.o)
    0x08001f94   0x0000000c   Code   RO         6672    i.GUI_MEMDEV_CopyToLCD  STemWin522_4x9i_CM4_OS_Keil.lib(guidev.o)
    0x08001fa0   0x000000f8   Code   RO         6673    i.GUI_MEMDEV_CopyToLCDAt  STemWin522_4x9i_CM4_OS_Keil.lib(guidev.o)
    0x08002098   0x00000008   Code   RO         6285    i.GUI_MEMDEV_CreateAuto  STemWin522_4x9i_CM4_OS_Keil.lib(guidev_auto.o)
    0x080020a0   0x00000088   Code   RO         6675    i.GUI_MEMDEV_CreateEx  STemWin522_4x9i_CM4_OS_Keil.lib(guidev.o)
    0x08002128   0x0000004c   Code   RO         6676    i.GUI_MEMDEV_Delete  STemWin522_4x9i_CM4_OS_Keil.lib(guidev.o)
    0x08002174   0x00000140   Code   RO         6447    i.GUI_MEMDEV_Draw   STemWin522_4x9i_CM4_OS_Keil.lib(guidev_banding.o)
    0x080022b4   0x000000b8   Code   RO         6287    i.GUI_MEMDEV_DrawAuto  STemWin522_4x9i_CM4_OS_Keil.lib(guidev_auto.o)
    0x0800236c   0x00000032   Code   RO         6677    i.GUI_MEMDEV_GetBitsPerPixel  STemWin522_4x9i_CM4_OS_Keil.lib(guidev.o)
    0x0800239e   0x00000022   Code   RO         6952    i.GUI_MEMDEV_GetDataPtr  STemWin522_4x9i_CM4_OS_Keil.lib(guidev_getdataptr.o)
    0x080023c0   0x00000034   Code   RO         6694    i.GUI_MEMDEV_GetYSize  STemWin522_4x9i_CM4_OS_Keil.lib(guidev_getysize.o)
    0x080023f4   0x00000014   Code   RO         6704    i.GUI_MEMDEV_Paint1Static  STemWin522_4x9i_CM4_OS_Keil.lib(guidev_staticdevices.o)
    0x08002408   0x0000003c   Code   RO         6696    i.GUI_MEMDEV_ReduceYSize  STemWin522_4x9i_CM4_OS_Keil.lib(guidev_reduceysize.o)
    0x08002444   0x0000005c   Code   RO         6679    i.GUI_MEMDEV_Select  STemWin522_4x9i_CM4_OS_Keil.lib(guidev.o)
    0x080024a0   0x00000070   Code   RO         6698    i.GUI_MEMDEV_SetOrg  STemWin522_4x9i_CM4_OS_Keil.lib(guidev_setorg.o)
    0x08002510   0x00000064   Code   RO         6973    i.GUI_MEMDEV_Write  STemWin522_4x9i_CM4_OS_Keil.lib(guidev_write.o)
    0x08002574   0x00000100   Code   RO         6680    i.GUI_MEMDEV__CreateFixed  STemWin522_4x9i_CM4_OS_Keil.lib(guidev.o)
    0x08002674   0x00000120   Code   RO         7087    i.GUI_MEMDEV__WriteToActiveAlpha  STemWin522_4x9i_CM4_OS_Keil.lib(guidev_writetoactivealpha.o)
    0x08002794   0x00000032   Code   RO         6681    i.GUI_MEMDEV__WriteToActiveAt  STemWin522_4x9i_CM4_OS_Keil.lib(guidev.o)
    0x080027c6   0x00000002   PAD
    0x080027c8   0x00000760   Code   RO         6723    i.GUI_MEMDEV__WriteToActiveOpaque  STemWin522_4x9i_CM4_OS_Keil.lib(guidev_writetoactiveopaque.o)
    0x08002f28   0x00000034   Code   RO         5987    i.GUI_MULTIBUF_ConfirmEx  STemWin522_4x9i_CM4_OS_Keil.lib(gui_multibuf.o)
    0x08002f5c   0x00000060   Code   RO         6327    i.GUI_MergeRect     STemWin522_4x9i_CM4_OS_Keil.lib(gui_mergerect.o)
    0x08002fbc   0x00000020   Code   RO         6625    i.GUI_MoveRect      STemWin522_4x9i_CM4_OS_Keil.lib(gui_moverect.o)
    0x08002fdc   0x00000040   Code   RO         6630    i.GUI_PollKeyMsg    STemWin522_4x9i_CM4_OS_Keil.lib(gui_onkey.o)
    0x0800301c   0x00000070   Code   RO         6407    i.GUI_ReadRectEx    STemWin522_4x9i_CM4_OS_Keil.lib(lcd_readrect.o)
    0x0800308c   0x00000038   Code   RO         6643    i.GUI_RectsIntersect  STemWin522_4x9i_CM4_OS_Keil.lib(gui_rectsintersect.o)
    0x080030c4   0x00000010   Code   RO         6645    i.GUI_RestoreContext  STemWin522_4x9i_CM4_OS_Keil.lib(gui_savecontext.o)
    0x080030d4   0x00000074   Code   RO         6005    i.GUI_RotatePolygon  STemWin522_4x9i_CM4_OS_Keil.lib(gui_polyrotate.o)
    0x08003148   0x00000010   Code   RO         6646    i.GUI_SaveContext_W  STemWin522_4x9i_CM4_OS_Keil.lib(gui_savecontext.o)
    0x08003158   0x0000001a   Code   RO         6341    i.GUI_SelectLCD     STemWin522_4x9i_CM4_OS_Keil.lib(gui_selectlcd.o)
    0x08003172   0x00000002   PAD
    0x08003174   0x00000030   Code   RO         6010    i.GUI_SelectLayer   STemWin522_4x9i_CM4_OS_Keil.lib(gui_selectlayer.o)
    0x080031a4   0x00000016   Code   RO         6024    i.GUI_SetBkColor    STemWin522_4x9i_CM4_OS_Keil.lib(gui_setcolor.o)
    0x080031ba   0x00000016   Code   RO         6025    i.GUI_SetColor      STemWin522_4x9i_CM4_OS_Keil.lib(gui_setcolor.o)
    0x080031d0   0x00000018   Code   RO         6343    i.GUI_SetDrawMode   STemWin522_4x9i_CM4_OS_Keil.lib(gui_setdrawmode.o)
    0x080031e8   0x00000020   Code   RO         6871    i.GUI_SetFont       STemWin522_4x9i_CM4_OS_Keil.lib(gui_setfont.o)
    0x08003208   0x0000000c   Code   RO         5845    i.GUI_SetFuncAlphaBlending  STemWin522_4x9i_CM4_OS_Keil.lib(gui__alpha.o)
    0x08003214   0x0000000c   Code   RO         5931    i.GUI_SetFuncGetpPalConvTable  STemWin522_4x9i_CM4_OS_Keil.lib(gui_core.o)
    0x08003220   0x0000000c   Code   RO         5846    i.GUI_SetFuncMixColors  STemWin522_4x9i_CM4_OS_Keil.lib(gui__alpha.o)
    0x0800322c   0x0000000c   Code   RO         5847    i.GUI_SetFuncMixColorsBulk  STemWin522_4x9i_CM4_OS_Keil.lib(gui__alpha.o)
    0x08003238   0x0000001c   Code   RO         6873    i.GUI_SetLineStyle  STemWin522_4x9i_CM4_OS_Keil.lib(gui_setlinestyle.o)
    0x08003254   0x00000040   Code   RO         6345    i.GUI_SetOrg        STemWin522_4x9i_CM4_OS_Keil.lib(gui_setorg.o)
    0x08003294   0x0000001c   Code   RO         6816    i.GUI_SetPenSize    STemWin522_4x9i_CM4_OS_Keil.lib(gui_pen.o)
    0x080032b0   0x00000020   Code   RO         6875    i.GUI_SetTextAlign  STemWin522_4x9i_CM4_OS_Keil.lib(gui_settextalign.o)
    0x080032d0   0x00000020   Code   RO         6877    i.GUI_SetTextMode   STemWin522_4x9i_CM4_OS_Keil.lib(gui_settextmode.o)
    0x080032f0   0x00000010   Code   RO         6656    i.GUI_SignalEvent   STemWin522_4x9i_CM4_OS_Keil.lib(gui_waitevent.o)
    0x08003300   0x00000014   Code   RO         6632    i.GUI_StoreKey      STemWin522_4x9i_CM4_OS_Keil.lib(gui_onkey.o)
    0x08003314   0x000000bc   Code   RO         6880    i.GUI_TIMER_Delete  STemWin522_4x9i_CM4_OS_Keil.lib(gui_timer.o)
    0x080033d0   0x00000030   Code   RO         6882    i.GUI_TIMER_GetFlag  STemWin522_4x9i_CM4_OS_Keil.lib(gui_timer.o)
    0x08003400   0x00000028   Code   RO         6888    i.GUI_TIMER__GetFirstTimer  STemWin522_4x9i_CM4_OS_Keil.lib(gui_timer.o)
    0x08003428   0x00000036   Code   RO         6890    i.GUI_TIMER__GetNextTimerLin  STemWin522_4x9i_CM4_OS_Keil.lib(gui_timer.o)
    0x0800345e   0x00000028   Code   RO         6717    i.GUI_USAGE_AddRect  STemWin522_4x9i_CM4_OS_Keil.lib(guidev_usage.o)
    0x08003486   0x00000078   Code   RO         6960    i.GUI_USAGE_BM_AddHLine  STemWin522_4x9i_CM4_OS_Keil.lib(guidev_usagebm.o)
    0x080034fe   0x0000002e   Code   RO         6961    i.GUI_USAGE_BM_AddPixel  STemWin522_4x9i_CM4_OS_Keil.lib(guidev_usagebm.o)
    0x0800352c   0x0000000e   Code   RO         6962    i.GUI_USAGE_BM_Clear  STemWin522_4x9i_CM4_OS_Keil.lib(guidev_usagebm.o)
    0x0800353a   0x00000002   PAD
    0x0800353c   0x0000005c   Code   RO         6963    i.GUI_USAGE_BM_Create  STemWin522_4x9i_CM4_OS_Keil.lib(guidev_usagebm.o)
    0x08003598   0x000000ce   Code   RO         6964    i.GUI_USAGE_BM_GetNextDirty  STemWin522_4x9i_CM4_OS_Keil.lib(guidev_usagebm.o)
    0x08003666   0x0000002e   Code   RO         6718    i.GUI_USAGE_DecUseCnt  STemWin522_4x9i_CM4_OS_Keil.lib(guidev_usage.o)
    0x08003694   0x00000014   Code   RO         6352    i.GUI_Unlock        STemWin522_4x9i_CM4_OS_Keil.lib(gui_task.o)
    0x080036a8   0x00000014   Code   RO          715    i.GUI_X_Config      guiconf.o
    0x080036bc   0x00000002   Code   RO          739    i.GUI_X_ExecIdle    gui_x_freertos.o
    0x080036be   0x00000008   Code   RO          740    i.GUI_X_GetTaskId   gui_x_freertos.o
    0x080036c6   0x00000008   Code   RO          741    i.GUI_X_GetTime     gui_x_freertos.o
    0x080036ce   0x00000002   Code   RO          742    i.GUI_X_Init        gui_x_freertos.o
    0x080036d0   0x00000038   Code   RO          743    i.GUI_X_InitOS      gui_x_freertos.o
    0x08003708   0x00000020   Code   RO          744    i.GUI_X_Lock        gui_x_freertos.o
    0x08003728   0x00000018   Code   RO          747    i.GUI_X_Unlock      gui_x_freertos.o
    0x08003740   0x0000001a   Code   RO         5848    i.GUI__AllocAlphaBuffer  STemWin522_4x9i_CM4_OS_Keil.lib(gui__alpha.o)
    0x0800375a   0x00000002   PAD
    0x0800375c   0x00000028   Code   RO         6822    i.GUI__AlphaSuppressMixing  STemWin522_4x9i_CM4_OS_Keil.lib(gui_setalpha.o)
    0x08003784   0x00000194   Code   RO         6777    i.GUI__CompactPixelIndices  STemWin522_4x9i_CM4_OS_Keil.lib(gui__compactpixelindices.o)
    0x08003918   0x00000174   Code   RO         6778    i.GUI__CompactPixelIndicesEx  STemWin522_4x9i_CM4_OS_Keil.lib(gui__compactpixelindices.o)
    0x08003a8c   0x00000090   Code   RO         6310    i.GUI__CosHQ        STemWin522_4x9i_CM4_OS_Keil.lib(gui__sinhq.o)
    0x08003b1c   0x00000220   Code   RO         5849    i.GUI__DoAlphaBlending  STemWin522_4x9i_CM4_OS_Keil.lib(gui__alpha.o)
    0x08003d3c   0x00000162   Code   RO         6305    i.GUI__ExpandPixelIndicesEx  STemWin522_4x9i_CM4_OS_Keil.lib(gui__expandpixelindices.o)
    0x08003e9e   0x00000002   PAD
    0x08003ea0   0x00000098   Code   RO         5850    i.GUI__GetAlphaBuffer  STemWin522_4x9i_CM4_OS_Keil.lib(gui__alpha.o)
    0x08003f38   0x00000042   Code   RO         6598    i.GUI__IntersectRect  STemWin522_4x9i_CM4_OS_Keil.lib(gui__intersectrect.o)
    0x08003f7a   0x00000052   Code   RO         6600    i.GUI__IntersectRects  STemWin522_4x9i_CM4_OS_Keil.lib(gui__intersectrects.o)
    0x08003fcc   0x00000010   Code   RO         6602    i.GUI__ManageCache  STemWin522_4x9i_CM4_OS_Keil.lib(gui__managecache.o)
    0x08003fdc   0x000000bc   Code   RO         6603    i.GUI__ManageCacheEx  STemWin522_4x9i_CM4_OS_Keil.lib(gui__managecache.o)
    0x08004098   0x0000006c   Code   RO         5851    i.GUI__MixColors    STemWin522_4x9i_CM4_OS_Keil.lib(gui__alpha.o)
    0x08004104   0x000000cc   Code   RO         5852    i.GUI__MixColorsBulk  STemWin522_4x9i_CM4_OS_Keil.lib(gui__alpha.o)
    0x080041d0   0x00000010   Code   RO         5933    i.GUI__RegisterExit  STemWin522_4x9i_CM4_OS_Keil.lib(gui_core.o)
    0x080041e0   0x00000088   Code   RO         6311    i.GUI__SinHQ        STemWin522_4x9i_CM4_OS_Keil.lib(gui__sinhq.o)
    0x08004268   0x000000ba   Code   RO         6308    i.GUI__memset       STemWin522_4x9i_CM4_OS_Keil.lib(gui__memset.o)
    0x08004322   0x00000094   Code   RO         6607    i.GUI__memset16     STemWin522_4x9i_CM4_OS_Keil.lib(gui__memset16.o)
    0x080043b6   0x00000002   PAD
    0x080043b8   0x000000e0   Code   RO          486    i.GetLSIFrequency   rtc.o
    0x08004498   0x00000004   Code   RO          534    i.HardFault_Handler  stm32xxx_it.o
    0x0800449c   0x00000010   Code   RO         6393    i.LCD_AA_SetAndMask  STemWin522_4x9i_CM4_OS_Keil.lib(lcd_aa.o)
    0x080044ac   0x000001b4   Code   RO         1088    i.LCD_AF_GPIOConfig  stm32f429i_discovery_lcd.o
    0x08004660   0x00000020   Code   RO         1089    i.LCD_ChipSelect    stm32f429i_discovery_lcd.o
    0x08004680   0x0000001c   Code   RO         6049    i.LCD_Color2Index   STemWin522_4x9i_CM4_OS_Keil.lib(lcd.o)
    0x0800469c   0x0000006c   Code   RO         5773    i.LCD_Color2Index_8666  STemWin522_4x9i_CM4_OS_Keil.lib(guicc_8666.o)
    0x08004708   0x0000003c   Code   RO         1094    i.LCD_CtrlLinesConfig  stm32f429i_discovery_lcd.o
    0x08004744   0x00000014   Code   RO         1095    i.LCD_CtrlLinesWrite  stm32f429i_discovery_lcd.o
    0x08004758   0x0000027c   Code   RO         6050    i.LCD_DrawBitmap    STemWin522_4x9i_CM4_OS_Keil.lib(lcd.o)
    0x080049d4   0x00000058   Code   RO         6051    i.LCD_DrawHLine     STemWin522_4x9i_CM4_OS_Keil.lib(lcd.o)
    0x08004a2c   0x00000070   Code   RO         6052    i.LCD_DrawPixel     STemWin522_4x9i_CM4_OS_Keil.lib(lcd.o)
    0x08004a9c   0x00000064   Code   RO         6054    i.LCD_FillRect      STemWin522_4x9i_CM4_OS_Keil.lib(lcd.o)
    0x08004b00   0x0000001e   Code   RO         6106    i.LCD_GetBitsPerPixelEx  STemWin522_4x9i_CM4_OS_Keil.lib(lcd_getex.o)
    0x08004b1e   0x00000002   PAD
    0x08004b20   0x00000018   Code   RO         6108    i.LCD_GetDevFunc    STemWin522_4x9i_CM4_OS_Keil.lib(lcd_getex.o)
    0x08004b38   0x0000001e   Code   RO         6110    i.LCD_GetMirrorXEx  STemWin522_4x9i_CM4_OS_Keil.lib(lcd_getex.o)
    0x08004b56   0x0000001e   Code   RO         6112    i.LCD_GetMirrorYEx  STemWin522_4x9i_CM4_OS_Keil.lib(lcd_getex.o)
    0x08004b74   0x00000028   Code   RO         6113    i.LCD_GetNumColors  STemWin522_4x9i_CM4_OS_Keil.lib(lcd_getex.o)
    0x08004b9c   0x0000001e   Code   RO         6114    i.LCD_GetNumColorsEx  STemWin522_4x9i_CM4_OS_Keil.lib(lcd_getex.o)
    0x08004bba   0x0000001c   Code   RO         6403    i.LCD_GetNumLayers  STemWin522_4x9i_CM4_OS_Keil.lib(lcd_getnumdisplays.o)
    0x08004bd6   0x00000002   PAD
    0x08004bd8   0x00000024   Code   RO         6115    i.LCD_GetPalette    STemWin522_4x9i_CM4_OS_Keil.lib(lcd_getex.o)
    0x08004bfc   0x0000000e   Code   RO         6664    i.LCD_GetPixelColor  STemWin522_4x9i_CM4_OS_Keil.lib(lcd_getpixelcolor.o)
    0x08004c0a   0x00000002   PAD
    0x08004c0c   0x00000060   Code   RO         6922    i.LCD_GetPixelIndex  STemWin522_4x9i_CM4_OS_Keil.lib(lcd_getp.o)
    0x08004c6c   0x0000002c   Code   RO         6177    i.LCD_GetPosEx      STemWin522_4x9i_CM4_OS_Keil.lib(lcd_set.o)
    0x08004c98   0x0000001e   Code   RO         6118    i.LCD_GetSwapXYEx   STemWin522_4x9i_CM4_OS_Keil.lib(lcd_getex.o)
    0x08004cb6   0x0000001e   Code   RO         6120    i.LCD_GetVXSizeEx   STemWin522_4x9i_CM4_OS_Keil.lib(lcd_getex.o)
    0x08004cd4   0x00000032   Code   RO         6121    i.LCD_GetVXSizeMax  STemWin522_4x9i_CM4_OS_Keil.lib(lcd_getex.o)
    0x08004d06   0x0000001e   Code   RO         6123    i.LCD_GetVYSizeEx   STemWin522_4x9i_CM4_OS_Keil.lib(lcd_getex.o)
    0x08004d24   0x00000028   Code   RO         6127    i.LCD_GetXSize      STemWin522_4x9i_CM4_OS_Keil.lib(lcd_getex.o)
    0x08004d4c   0x0000001e   Code   RO         6128    i.LCD_GetXSizeEx    STemWin522_4x9i_CM4_OS_Keil.lib(lcd_getex.o)
    0x08004d6a   0x00000002   PAD
    0x08004d6c   0x00000028   Code   RO         6132    i.LCD_GetYSize      STemWin522_4x9i_CM4_OS_Keil.lib(lcd_getex.o)
    0x08004d94   0x0000001e   Code   RO         6133    i.LCD_GetYSizeEx    STemWin522_4x9i_CM4_OS_Keil.lib(lcd_getex.o)
    0x08004db2   0x00000002   PAD
    0x08004db4   0x0000005c   Code   RO         6087    i.LCD_GetpPalConvTable  STemWin522_4x9i_CM4_OS_Keil.lib(lcd_color.o)
    0x08004e10   0x0000005c   Code   RO         6088    i.LCD_GetpPalConvTableBM  STemWin522_4x9i_CM4_OS_Keil.lib(lcd_color.o)
    0x08004e6c   0x0000001c   Code   RO         6055    i.LCD_Index2Color   STemWin522_4x9i_CM4_OS_Keil.lib(lcd.o)
    0x08004e88   0x00000070   Code   RO         5774    i.LCD_Index2Color_8666  STemWin522_4x9i_CM4_OS_Keil.lib(guicc_8666.o)
    0x08004ef8   0x00000002   Code   RO         6386    i.LCD_Index2Color_888  STemWin522_4x9i_CM4_OS_Keil.lib(guicc_888_index2color.o)
    0x08004efa   0x00000002   Code   RO         6384    i.LCD_Index2Color_8888  STemWin522_4x9i_CM4_OS_Keil.lib(guicc_8888_index2color.o)
    0x08004efc   0x0000002c   Code   RO         6388    i.LCD_Index2Color_M565  STemWin522_4x9i_CM4_OS_Keil.lib(guicc_m565_index2color.o)
    0x08004f28   0x00000014   Code   RO         6390    i.LCD_Index2Color_M888  STemWin522_4x9i_CM4_OS_Keil.lib(guicc_m888_index2color.o)
    0x08004f3c   0x00000096   Code   RO         1113    i.LCD_Init          stm32f429i_discovery_lcd.o
    0x08004fd2   0x00000002   PAD
    0x08004fd4   0x00000038   Code   RO         6090    i.LCD_InitColors    STemWin522_4x9i_CM4_OS_Keil.lib(lcd_color.o)
    0x0800500c   0x0000007c   Code   RO         6091    i.LCD_InitLUT       STemWin522_4x9i_CM4_OS_Keil.lib(lcd_color.o)
    0x08005088   0x000000a4   Code   RO         1114    i.LCD_LayerInit     stm32f429i_discovery_lcd.o
    0x0800512c   0x000001c8   Code   RO         6409    i.LCD_ReadRectEx    STemWin522_4x9i_CM4_OS_Keil.lib(lcd_readrect.o)
    0x080052f4   0x00000044   Code   RO         6666    i.LCD_SelectLCD     STemWin522_4x9i_CM4_OS_Keil.lib(lcd_selectlcd.o)
    0x08005338   0x0000000c   Code   RO         6056    i.LCD_SetBkColor    STemWin522_4x9i_CM4_OS_Keil.lib(lcd.o)
    0x08005344   0x00000018   Code   RO         6057    i.LCD_SetBkColorIndex  STemWin522_4x9i_CM4_OS_Keil.lib(lcd.o)
    0x0800535c   0x00000034   Code   RO         6668    i.LCD_SetClipRectEx  STemWin522_4x9i_CM4_OS_Keil.lib(lcd_setcliprectex.o)
    0x08005390   0x0000001c   Code   RO         6058    i.LCD_SetClipRectMax  STemWin522_4x9i_CM4_OS_Keil.lib(lcd.o)
    0x080053ac   0x0000000c   Code   RO         6059    i.LCD_SetColor      STemWin522_4x9i_CM4_OS_Keil.lib(lcd.o)
    0x080053b8   0x00000018   Code   RO         6060    i.LCD_SetColorIndex  STemWin522_4x9i_CM4_OS_Keil.lib(lcd.o)
    0x080053d0   0x0000002c   Code   RO         6188    i.LCD_SetDevFunc    STemWin522_4x9i_CM4_OS_Keil.lib(lcd_set.o)
    0x080053fc   0x0000000c   Code   RO         6061    i.LCD_SetDrawMode   STemWin522_4x9i_CM4_OS_Keil.lib(lcd.o)
    0x08005408   0x0000000c   Code   RO         1124    i.LCD_SetFont       stm32f429i_discovery_lcd.o
    0x08005414   0x0000002c   Code   RO         6190    i.LCD_SetLUTEntryEx  STemWin522_4x9i_CM4_OS_Keil.lib(lcd_set.o)
    0x08005440   0x0000002c   Code   RO         1125    i.LCD_SetLayer      stm32f429i_discovery_lcd.o
    0x0800546c   0x000000b8   Code   RO         6394    i.LCD_SetPixelAA    STemWin522_4x9i_CM4_OS_Keil.lib(lcd_aa.o)
    0x08005524   0x0000002c   Code   RO         6194    i.LCD_SetSizeEx     STemWin522_4x9i_CM4_OS_Keil.lib(lcd_set.o)
    0x08005550   0x00000028   Code   RO         6196    i.LCD_SetVRAMAddrEx  STemWin522_4x9i_CM4_OS_Keil.lib(lcd_set.o)
    0x08005578   0x0000002c   Code   RO         6198    i.LCD_SetVSizeEx    STemWin522_4x9i_CM4_OS_Keil.lib(lcd_set.o)
    0x080055a4   0x00000024   Code   RO         6670    i.LCD_UpdateColorIndices  STemWin522_4x9i_CM4_OS_Keil.lib(lcd_updatecolorindices.o)
    0x080055c8   0x00000168   Code   RO         4684    i.LCD_X_Config      guidrv_stm32f429i_discovery.o
    0x08005730   0x00000144   Code   RO         4685    i.LCD_X_DisplayDriver  guidrv_stm32f429i_discovery.o
    0x08005874   0x000001fc   Code   RO         6062    i.LCD__DrawBitmap_1bpp  STemWin522_4x9i_CM4_OS_Keil.lib(lcd.o)
    0x08005a70   0x00000090   Code   RO         6138    i.LCD__GetBPPDevice  STemWin522_4x9i_CM4_OS_Keil.lib(lcd_getex.o)
    0x08005b00   0x00000024   Code   RO         2700    i.LTDC_Cmd          stm32f4xx_ltdc.o
    0x08005b24   0x00000024   Code   RO         2704    i.LTDC_DitherCmd    stm32f4xx_ltdc.o
    0x08005b48   0x00000008   Code   RO          535    i.LTDC_IRQHandler   stm32xxx_it.o
    0x08005b50   0x000000a8   Code   RO         4686    i.LTDC_ISR_Handler  guidrv_stm32f429i_discovery.o
    0x08005bf8   0x00000020   Code   RO         2710    i.LTDC_ITConfig     stm32f4xx_ltdc.o
    0x08005c18   0x00000188   Code   RO         2711    i.LTDC_Init         stm32f4xx_ltdc.o
    0x08005da0   0x00000016   Code   RO         2715    i.LTDC_LayerCmd     stm32f4xx_ltdc.o
    0x08005db6   0x00000114   Code   RO         2716    i.LTDC_LayerInit    stm32f4xx_ltdc.o
    0x08005eca   0x00000002   PAD
    0x08005ecc   0x0000000c   Code   RO         2723    i.LTDC_ReloadConfig  stm32f4xx_ltdc.o
    0x08005ed8   0x00000064   Code   RO            7    i.LowLevel_Init     bsp.o
    0x08005f3c   0x00000004   Code   RO          536    i.MemManage_Handler  stm32xxx_it.o
    0x08005f40   0x00000002   Code   RO          537    i.NMI_Handler       stm32xxx_it.o
    0x08005f42   0x00000016   Code   RO         4687    i.NVIC_EnableIRQ    guidrv_stm32f429i_discovery.o
    0x08005f58   0x00000078   Code   RO         1441    i.NVIC_Init         misc.o
    0x08005fd0   0x00000028   Code   RO         4688    i.NVIC_SetPriority  guidrv_stm32f429i_discovery.o
    0x08005ff8   0x0000000c   Code   RO         2893    i.PWR_BackupAccessCmd  stm32f4xx_pwr.o
    0x08006004   0x00000020   Code   RO         3007    i.RCC_AHB1PeriphClockCmd  stm32f4xx_rcc.o
    0x08006024   0x00000020   Code   RO         3013    i.RCC_AHB3PeriphClockCmd  stm32f4xx_rcc.o
    0x08006044   0x00000020   Code   RO         3016    i.RCC_APB1PeriphClockCmd  stm32f4xx_rcc.o
    0x08006064   0x00000020   Code   RO         3018    i.RCC_APB1PeriphResetCmd  stm32f4xx_rcc.o
    0x08006084   0x00000020   Code   RO         3019    i.RCC_APB2PeriphClockCmd  stm32f4xx_rcc.o
    0x080060a4   0x00000020   Code   RO         3021    i.RCC_APB2PeriphResetCmd  stm32f4xx_rcc.o
    0x080060c4   0x00000040   Code   RO         3029    i.RCC_GetFlagStatus  stm32f4xx_rcc.o
    0x08006104   0x0000000c   Code   RO         3038    i.RCC_LSICmd        stm32f4xx_rcc.o
    0x08006110   0x00000018   Code   RO         3039    i.RCC_LTDCCLKDivConfig  stm32f4xx_rcc.o
    0x08006128   0x0000000c   Code   RO         3048    i.RCC_PLLSAICmd     stm32f4xx_rcc.o
    0x08006134   0x00000018   Code   RO         3049    i.RCC_PLLSAIConfig  stm32f4xx_rcc.o
    0x0800614c   0x0000000c   Code   RO         3050    i.RCC_RTCCLKCmd     stm32f4xx_rcc.o
    0x08006158   0x0000003c   Code   RO         3051    i.RCC_RTCCLKConfig  stm32f4xx_rcc.o
    0x08006194   0x00000038   Code   RO          487    i.RTC_Alarm_IRQHandler  rtc.o
    0x080061cc   0x00000020   Code   RO         3348    i.RTC_ClearITPendingBit  stm32f4xx_rtc.o
    0x080061ec   0x00000088   Code   RO          488    i.RTC_Configuration  rtc.o
    0x08006274   0x00000050   Code   RO         3354    i.RTC_EnterInitMode  stm32f4xx_rtc.o
    0x080062c4   0x00000014   Code   RO         3355    i.RTC_ExitInitMode  stm32f4xx_rtc.o
    0x080062d8   0x00000040   Code   RO         3360    i.RTC_GetITStatus   stm32f4xx_rtc.o
    0x08006318   0x00000064   Code   RO         3368    i.RTC_Init          stm32f4xx_rtc.o
    0x0800637c   0x00000060   Code   RO         3391    i.RTC_WaitForSynchro  stm32f4xx_rtc.o
    0x080063dc   0x000001f4   Code   RO         1388    i.SDRAM_GPIOConfig  stm32f429i_discovery_sdram.o
    0x080065d0   0x00000068   Code   RO         1389    i.SDRAM_Init        stm32f429i_discovery_sdram.o
    0x08006638   0x000000c8   Code   RO         1390    i.SDRAM_InitSequence  stm32f429i_discovery_sdram.o
    0x08006700   0x00000018   Code   RO          831    i.STM_EVAL_LEDOn    stm32f429i_discovery.o
    0x08006718   0x000000ec   Code   RO          670    i.SetSysClock       system_stm32f4xx.o
    0x08006804   0x00000018   Code   RO          540    i.SysTick_Handler   stm32xxx_it.o
    0x0800681c   0x00000068   Code   RO          672    i.SystemInit        system_stm32f4xx.o
    0x08006884   0x0000003a   Code   RO         3925    i.TI1_Config        stm32f4xx_tim.o
    0x080068be   0x00000050   Code   RO         3926    i.TI2_Config        stm32f4xx_tim.o
    0x0800690e   0x00000048   Code   RO         3927    i.TI3_Config        stm32f4xx_tim.o
    0x08006956   0x00000050   Code   RO         3928    i.TI4_Config        stm32f4xx_tim.o
    0x080069a6   0x00000002   Code   RO          541    i.TIM2_IRQHandler   stm32xxx_it.o
    0x080069a8   0x00000060   Code   RO          542    i.TIM5_IRQHandler   stm32xxx_it.o
    0x08006a08   0x00000006   Code   RO         3936    i.TIM_ClearITPendingBit  stm32f4xx_tim.o
    0x08006a0e   0x00000018   Code   RO         3941    i.TIM_Cmd           stm32f4xx_tim.o
    0x08006a26   0x00000002   PAD
    0x08006a28   0x00000190   Code   RO         3946    i.TIM_DeInit        stm32f4xx_tim.o
    0x08006bb8   0x00000006   Code   RO         3959    i.TIM_GetCapture4   stm32f4xx_tim.o
    0x08006bbe   0x00000022   Code   RO         3962    i.TIM_GetITStatus   stm32f4xx_tim.o
    0x08006be0   0x0000006e   Code   RO         3964    i.TIM_ICInit        stm32f4xx_tim.o
    0x08006c4e   0x00000012   Code   RO         3966    i.TIM_ITConfig      stm32f4xx_tim.o
    0x08006c60   0x00000006   Code   RO         3990    i.TIM_PrescalerConfig  stm32f4xx_tim.o
    0x08006c66   0x00000006   Code   RO         3991    i.TIM_RemapConfig   stm32f4xx_tim.o
    0x08006c6c   0x00000012   Code   RO         4008    i.TIM_SetIC1Prescaler  stm32f4xx_tim.o
    0x08006c7e   0x0000001a   Code   RO         4009    i.TIM_SetIC2Prescaler  stm32f4xx_tim.o
    0x08006c98   0x00000012   Code   RO         4010    i.TIM_SetIC3Prescaler  stm32f4xx_tim.o
    0x08006caa   0x0000001a   Code   RO         4011    i.TIM_SetIC4Prescaler  stm32f4xx_tim.o
    0x08006cc4   0x00000018   Code   RO          543    i.TimingDelay_Decrement  stm32xxx_it.o
    0x08006cdc   0x00000004   Code   RO          544    i.UsageFault_Handler  stm32xxx_it.o
    0x08006ce0   0x00000010   Code   RO         6493    i.WM_Activate       STemWin522_4x9i_CM4_OS_Keil.lib(wm.o)
    0x08006cf0   0x0000008c   Code   RO         6729    i.WM_BringToBottom  STemWin522_4x9i_CM4_OS_Keil.lib(wm_bringtobottom.o)
    0x08006d7c   0x00000154   Code   RO         6495    i.WM_CreateWindowAsChild  STemWin522_4x9i_CM4_OS_Keil.lib(wm.o)
    0x08006ed0   0x00000020   Code   RO         6496    i.WM_Deactivate     STemWin522_4x9i_CM4_OS_Keil.lib(wm.o)
    0x08006ef0   0x00000046   Code   RO         6497    i.WM_DefaultProc    STemWin522_4x9i_CM4_OS_Keil.lib(wm.o)
    0x08006f36   0x00000002   PAD
    0x08006f38   0x00000198   Code   RO         6498    i.WM_DeleteWindow   STemWin522_4x9i_CM4_OS_Keil.lib(wm.o)
    0x080070d0   0x00000208   Code   RO         6499    i.WM_Exec           STemWin522_4x9i_CM4_OS_Keil.lib(wm.o)
    0x080072d8   0x00000018   Code   RO         6596    i.WM_GetDesktopWindow  STemWin522_4x9i_CM4_OS_Keil.lib(wm_getdesktopwindow.o)
    0x080072f0   0x0000001a   Code   RO         6741    i.WM_GetFirstChild  STemWin522_4x9i_CM4_OS_Keil.lib(wm_getfirstchild.o)
    0x0800730a   0x0000001a   Code   RO         6989    i.WM_GetParent      STemWin522_4x9i_CM4_OS_Keil.lib(wm_getparent.o)
    0x08007324   0x000000d8   Code   RO         6501    i.WM_Init           STemWin522_4x9i_CM4_OS_Keil.lib(wm.o)
    0x080073fc   0x000000d2   Code   RO         6502    i.WM_InvalidateRect  STemWin522_4x9i_CM4_OS_Keil.lib(wm.o)
    0x080074ce   0x0000006e   Code   RO         6504    i.WM_InvalidateWindowAndDescsEx  STemWin522_4x9i_CM4_OS_Keil.lib(wm.o)
    0x0800753c   0x0000001e   Code   RO         7105    i.WM_MoveWindow     STemWin522_4x9i_CM4_OS_Keil.lib(wm_move.o)
    0x0800755a   0x00000014   Code   RO         6743    i.WM_NotifyParent   STemWin522_4x9i_CM4_OS_Keil.lib(wm_notifyparent.o)
    0x0800756e   0x00000002   PAD
    0x08007570   0x00000040   Code   RO         6997    i.WM_OnKey          STemWin522_4x9i_CM4_OS_Keil.lib(wm_onkey.o)
    0x080075b0   0x00000102   Code   RO         7093    i.WM_ResizeWindow   STemWin522_4x9i_CM4_OS_Keil.lib(wm_resizewindow.o)
    0x080076b2   0x00000002   PAD
    0x080076b4   0x00000070   Code   RO         6505    i.WM_SelectWindow   STemWin522_4x9i_CM4_OS_Keil.lib(wm.o)
    0x08007724   0x0000001a   Code   RO         6745    i.WM_SendMessageNoPara  STemWin522_4x9i_CM4_OS_Keil.lib(wm_sendmessagenopara.o)
    0x0800773e   0x00000028   Code   RO         6747    i.WM_SendToParent   STemWin522_4x9i_CM4_OS_Keil.lib(wm_sendtoparent.o)
    0x08007766   0x0000004c   Code   RO         7016    i.WM_SetSize        STemWin522_4x9i_CM4_OS_Keil.lib(wm_setsize.o)
    0x080077b2   0x00000002   PAD
    0x080077b4   0x000000d0   Code   RO         6508    i.WM__ActivateClipRect  STemWin522_4x9i_CM4_OS_Keil.lib(wm.o)
    0x08007884   0x00000010   Code   RO         6731    i.WM__AddCriticalHandle  STemWin522_4x9i_CM4_OS_Keil.lib(wm_criticalhandle.o)
    0x08007894   0x00000058   Code   RO         6510    i.WM__ClipAtParentBorders  STemWin522_4x9i_CM4_OS_Keil.lib(wm.o)
    0x080078ec   0x0000007a   Code   RO         6753    i.WM__DeleteAssocTimer  STemWin522_4x9i_CM4_OS_Keil.lib(wm_timer.o)
    0x08007966   0x00000020   Code   RO         6737    i.WM__GetClientRectEx  STemWin522_4x9i_CM4_OS_Keil.lib(wm_getclientrect.o)
    0x08007986   0x00000018   Code   RO         6513    i.WM__GetClientRectWin  STemWin522_4x9i_CM4_OS_Keil.lib(wm.o)
    0x0800799e   0x00000014   Code   RO         7089    i.WM__GetFirstSibling  STemWin522_4x9i_CM4_OS_Keil.lib(wm__getfirstsibling.o)
    0x080079b2   0x00000002   PAD
    0x080079b4   0x0000033c   Code   RO         6514    i.WM__GetNextIVR    STemWin522_4x9i_CM4_OS_Keil.lib(wm.o)
    0x08007cf0   0x0000001c   Code   RO         6592    i.WM__GetOrgX_AA    STemWin522_4x9i_CM4_OS_Keil.lib(wm__getorg_aa.o)
    0x08007d0c   0x0000001c   Code   RO         6593    i.WM__GetOrgY_AA    STemWin522_4x9i_CM4_OS_Keil.lib(wm__getorg_aa.o)
    0x08007d28   0x00000028   Code   RO         6977    i.WM__GetPrevSibling  STemWin522_4x9i_CM4_OS_Keil.lib(wm__getprevsibling.o)
    0x08007d50   0x00000104   Code   RO         6516    i.WM__InitIVRSearch  STemWin522_4x9i_CM4_OS_Keil.lib(wm.o)
    0x08007e54   0x000000b6   Code   RO         6517    i.WM__InsertWindowIntoList  STemWin522_4x9i_CM4_OS_Keil.lib(wm.o)
    0x08007f0a   0x0000004c   Code   RO         6519    i.WM__InvalidateDrawAndDescs  STemWin522_4x9i_CM4_OS_Keil.lib(wm.o)
    0x08007f56   0x0000002a   Code   RO         6520    i.WM__InvalidateParent  STemWin522_4x9i_CM4_OS_Keil.lib(wm.o)
    0x08007f80   0x000000d2   Code   RO         6521    i.WM__InvalidateRect  STemWin522_4x9i_CM4_OS_Keil.lib(wm.o)
    0x08008052   0x00000006   Code   RO         6522    i.WM__InvalidateRectEx  STemWin522_4x9i_CM4_OS_Keil.lib(wm.o)
    0x08008058   0x00000100   Code   RO         7107    i.WM__MoveWindow    STemWin522_4x9i_CM4_OS_Keil.lib(wm_move.o)
    0x08008158   0x000000b0   Code   RO         6525    i.WM__Paint1        STemWin522_4x9i_CM4_OS_Keil.lib(wm.o)
    0x08008208   0x00000138   Code   RO         6526    i.WM__PaintWinAndOverlays  STemWin522_4x9i_CM4_OS_Keil.lib(wm.o)
    0x08008340   0x0000003c   Code   RO         6726    i.WM__SendMessage   STemWin522_4x9i_CM4_OS_Keil.lib(wm__sendmessage.o)
    0x0800837c   0x0000002e   Code   RO         6987    i.WM__SendMessageNoPara  STemWin522_4x9i_CM4_OS_Keil.lib(wm__sendmessagenopara.o)
    0x080083aa   0x00000012   Code   RO         6531    i.WM__SendMsgNoData  STemWin522_4x9i_CM4_OS_Keil.lib(wm.o)
    0x080083bc   0x000000f2   Code   RO         7102    i.WM__UpdateChildPositions  STemWin522_4x9i_CM4_OS_Keil.lib(wm__updatechildpositions.o)
    0x080084ae   0x00000002   PAD
    0x080084b0   0x0000009c   Code   RO         5888    i._AddFreeMemory    STemWin522_4x9i_CM4_OS_Keil.lib(gui_alloc.o)
    0x0800854c   0x00000204   Code   RO         5889    i._Alloc            STemWin522_4x9i_CM4_OS_Keil.lib(gui_alloc.o)
    0x08008750   0x000001fc   Code   RO         5666    i._AutomotiveDemo   guidemo_automotive.o
    0x0800894c   0x00000004   Code   RO         6363    i._CalcSizeOfChar   STemWin522_4x9i_CM4_OS_Keil.lib(gui_uc_encodenone.o)
    0x08008950   0x000000a8   Code   RO         5820    i._Color2IndexBulk  STemWin522_4x9i_CM4_OS_Keil.lib(guicc_m565.o)
    0x080089f8   0x00000084   Code   RO         6038    i._Color2IndexBulk  STemWin522_4x9i_CM4_OS_Keil.lib(guicc_m888.o)
    0x08008a7c   0x00000044   Code   RO         6912    i._Color2IndexBulk  STemWin522_4x9i_CM4_OS_Keil.lib(guicc_8888.o)
    0x08008ac0   0x00000044   Code   RO         5762    i._Color2IndexBulk_1616I  STemWin522_4x9i_CM4_OS_Keil.lib(guicc_1616i.o)
    0x08008b04   0x0000003c   Code   RO         5780    i._Color2IndexBulk_88666I  STemWin522_4x9i_CM4_OS_Keil.lib(guicc_88666i.o)
    0x08008b40   0x000000c0   Code   RO         5792    i._Color2IndexBulk_M1555I  STemWin522_4x9i_CM4_OS_Keil.lib(guicc_m1555i.o)
    0x08008c00   0x0000001c   Code   RO         4689    i._Color2IndexBulk_M1555I_DMA2D  guidrv_stm32f429i_discovery.o
    0x08008c1c   0x00000074   Code   RO         5806    i._Color2IndexBulk_M4444I  STemWin522_4x9i_CM4_OS_Keil.lib(guicc_m4444i.o)
    0x08008c90   0x0000001c   Code   RO         4690    i._Color2IndexBulk_M4444I_DMA2D  guidrv_stm32f429i_discovery.o
    0x08008cac   0x0000001c   Code   RO         4691    i._Color2IndexBulk_M565_DMA2D  guidrv_stm32f429i_discovery.o
    0x08008cc8   0x000000a4   Code   RO         5832    i._Color2IndexBulk_M8888I  STemWin522_4x9i_CM4_OS_Keil.lib(guicc_m8888i.o)
    0x08008d6c   0x0000001c   Code   RO         4692    i._Color2IndexBulk_M8888I_DMA2D  guidrv_stm32f429i_discovery.o
    0x08008d88   0x0000001c   Code   RO         4693    i._Color2IndexBulk_M888_DMA2D  guidrv_stm32f429i_discovery.o
    0x08008da4   0x0000006a   Code   RO         6375    i._Color2Index_0    STemWin522_4x9i_CM4_OS_Keil.lib(guicc_0.o)
    0x08008e0e   0x0000007c   Code   RO         6291    i._Color2Index_16   STemWin522_4x9i_CM4_OS_Keil.lib(guicc_16.o)
    0x08008e8a   0x00000002   PAD
    0x08008e8c   0x00000028   Code   RO         5763    i._Color2Index_1616I  STemWin522_4x9i_CM4_OS_Keil.lib(guicc_1616i.o)
    0x08008eb4   0x00000024   Code   RO         5781    i._Color2Index_88666I  STemWin522_4x9i_CM4_OS_Keil.lib(guicc_88666i.o)
    0x08008ed8   0x00000002   Code   RO         6913    i._Color2Index_8888  STemWin522_4x9i_CM4_OS_Keil.lib(guicc_8888.o)
    0x08008eda   0x00000002   PAD
    0x08008edc   0x00000038   Code   RO         5793    i._Color2Index_M1555I  STemWin522_4x9i_CM4_OS_Keil.lib(guicc_m1555i.o)
    0x08008f14   0x0000004c   Code   RO         5807    i._Color2Index_M4444I  STemWin522_4x9i_CM4_OS_Keil.lib(guicc_m4444i.o)
    0x08008f60   0x0000002c   Code   RO         5821    i._Color2Index_M565  STemWin522_4x9i_CM4_OS_Keil.lib(guicc_m565.o)
    0x08008f8c   0x00000014   Code   RO         6039    i._Color2Index_M888  STemWin522_4x9i_CM4_OS_Keil.lib(guicc_m888.o)
    0x08008fa0   0x00000020   Code   RO         5833    i._Color2Index_M8888I  STemWin522_4x9i_CM4_OS_Keil.lib(guicc_m8888i.o)
    0x08008fc0   0x0000006c   Code   RO         6226    i._CopyBuffer       STemWin522_4x9i_CM4_OS_Keil.lib(guidrv_lin_16.o)
    0x0800902c   0x0000012c   Code   RO         6706    i._CreateStaticDevice  STemWin522_4x9i_CM4_OS_Keil.lib(guidev_staticdevices.o)
    0x08009158   0x00000048   Code   RO         4694    i._DMA_AlphaBlending  guidrv_stm32f429i_discovery.o
    0x080091a0   0x00000048   Code   RO         4695    i._DMA_AlphaBlendingBulk  guidrv_stm32f429i_discovery.o
    0x080091e8   0x00000030   Code   RO         4696    i._DMA_Color2IndexBulk  guidrv_stm32f429i_discovery.o
    0x08009218   0x00000044   Code   RO         4697    i._DMA_ConvertColor  guidrv_stm32f429i_discovery.o
    0x0800925c   0x00000060   Code   RO         4698    i._DMA_Copy         guidrv_stm32f429i_discovery.o
    0x080092bc   0x00000050   Code   RO         4699    i._DMA_DrawBitmapL8  guidrv_stm32f429i_discovery.o
    0x0800930c   0x0000005c   Code   RO         4700    i._DMA_Fill         guidrv_stm32f429i_discovery.o
    0x08009368   0x00000030   Code   RO         4701    i._DMA_Index2ColorBulk  guidrv_stm32f429i_discovery.o
    0x08009398   0x00000024   Code   RO         4702    i._DMA_LoadLUT      guidrv_stm32f429i_discovery.o
    0x080093bc   0x0000007c   Code   RO         4703    i._DMA_MixColors    guidrv_stm32f429i_discovery.o
    0x08009438   0x00000058   Code   RO         4704    i._DMA_MixColorsBulk  guidrv_stm32f429i_discovery.o
    0x08009490   0x00000012   Code   RO         6532    i._DeleteAllChildren  STemWin522_4x9i_CM4_OS_Keil.lib(wm.o)
    0x080094a2   0x00000002   PAD
    0x080094a4   0x000006f2   Code   RO         6227    i._DrawBitmap       STemWin522_4x9i_CM4_OS_Keil.lib(guidrv_lin_16.o)
    0x08009b96   0x00000002   PAD
    0x08009b98   0x00000884   Code   RO         6422    i._DrawBitmap       STemWin522_4x9i_CM4_OS_Keil.lib(guidev_16.o)
    0x0800a41c   0x00000016   Code   RO         6457    i._DrawBitmap       STemWin522_4x9i_CM4_OS_Keil.lib(guidev_measure.o)
    0x0800a432   0x00000002   PAD
    0x0800a434   0x00000894   Code   RO         6925    i._DrawBitmap       STemWin522_4x9i_CM4_OS_Keil.lib(guidev_32.o)
    0x0800acc8   0x0000011c   Code   RO         5744    i._DrawHLine        STemWin522_4x9i_CM4_OS_Keil.lib(guiaa_lib.o)
    0x0800ade4   0x0000000a   Code   RO         6228    i._DrawHLine        STemWin522_4x9i_CM4_OS_Keil.lib(guidrv_lin_16.o)
    0x0800adee   0x0000000a   Code   RO         6423    i._DrawHLine        STemWin522_4x9i_CM4_OS_Keil.lib(guidev_16.o)
    0x0800adf8   0x0000000e   Code   RO         6458    i._DrawHLine        STemWin522_4x9i_CM4_OS_Keil.lib(guidev_measure.o)
    0x0800ae06   0x0000000a   Code   RO         6926    i._DrawHLine        STemWin522_4x9i_CM4_OS_Keil.lib(guidev_32.o)
    0x0800ae10   0x0000000c   Code   RO         6229    i._DrawVLine        STemWin522_4x9i_CM4_OS_Keil.lib(guidrv_lin_16.o)
    0x0800ae1c   0x00000118   Code   RO         6424    i._DrawVLine        STemWin522_4x9i_CM4_OS_Keil.lib(guidev_16.o)
    0x0800af34   0x0000000c   Code   RO         6459    i._DrawVLine        STemWin522_4x9i_CM4_OS_Keil.lib(guidev_measure.o)
    0x0800af40   0x000000fc   Code   RO         6927    i._DrawVLine        STemWin522_4x9i_CM4_OS_Keil.lib(guidev_32.o)
    0x0800b03c   0x00000084   Code   RO         5667    i._Draw_0           guidemo_automotive.o
    0x0800b0c0   0x0000006c   Code   RO         5668    i._Draw_1           guidemo_automotive.o
    0x0800b12c   0x00000058   Code   RO         5669    i._Draw_2           guidemo_automotive.o
    0x0800b184   0x00000006   Code   RO         6364    i._Encode           STemWin522_4x9i_CM4_OS_Keil.lib(gui_uc_encodenone.o)
    0x0800b18a   0x00000002   PAD
    0x0800b18c   0x00000110   Code   RO         5890    i._EnlargeBlocks    STemWin522_4x9i_CM4_OS_Keil.lib(gui_alloc.o)
    0x0800b29c   0x00000084   Code   RO         6460    i._FillPolygon      STemWin522_4x9i_CM4_OS_Keil.lib(guidev_measure.o)
    0x0800b320   0x000000d0   Code   RO         6461    i._FillPolygonAA    STemWin522_4x9i_CM4_OS_Keil.lib(guidev_measure.o)
    0x0800b3f0   0x00000200   Code   RO         6230    i._FillRect         STemWin522_4x9i_CM4_OS_Keil.lib(guidrv_lin_16.o)
    0x0800b5f0   0x000000f0   Code   RO         6425    i._FillRect         STemWin522_4x9i_CM4_OS_Keil.lib(guidev_16.o)
    0x0800b6e0   0x00000014   Code   RO         6462    i._FillRect         STemWin522_4x9i_CM4_OS_Keil.lib(guidev_measure.o)
    0x0800b6f4   0x00000120   Code   RO         6928    i._FillRect         STemWin522_4x9i_CM4_OS_Keil.lib(guidev_32.o)
    0x0800b814   0x0000008a   Code   RO         6533    i._Findx0           STemWin522_4x9i_CM4_OS_Keil.lib(wm.o)
    0x0800b89e   0x00000080   Code   RO         6534    i._Findx1           STemWin522_4x9i_CM4_OS_Keil.lib(wm.o)
    0x0800b91e   0x000000b4   Code   RO         6535    i._Findy1           STemWin522_4x9i_CM4_OS_Keil.lib(wm.o)
    0x0800b9d2   0x00000002   PAD
    0x0800b9d4   0x000000f4   Code   RO         5745    i._FlushLine        STemWin522_4x9i_CM4_OS_Keil.lib(guiaa_lib.o)
    0x0800bac8   0x00000004   Code   RO         6965    i._GUI_USAGE_BM_Delete  STemWin522_4x9i_CM4_OS_Keil.lib(guidev_usagebm.o)
    0x0800bacc   0x00000274   Code   RO         5670    i._GetAngle_0       guidemo_automotive.o
    0x0800bd40   0x00000220   Code   RO         5671    i._GetAngle_1       guidemo_automotive.o
    0x0800bf60   0x00000028   Code   RO         4705    i._GetBufferSize    guidrv_stm32f429i_discovery.o
    0x0800bf88   0x00000024   Code   RO         4706    i._GetBytesPerLine  guidrv_stm32f429i_discovery.o
    0x0800bfac   0x00000004   Code   RO         6365    i._GetCharCode      STemWin522_4x9i_CM4_OS_Keil.lib(gui_uc_encodenone.o)
    0x0800bfb0   0x00000004   Code   RO         6366    i._GetCharSize      STemWin522_4x9i_CM4_OS_Keil.lib(gui_uc_encodenone.o)
    0x0800bfb4   0x00000010   Code   RO         6231    i._GetDevData       STemWin522_4x9i_CM4_OS_Keil.lib(guidrv_lin_16.o)
    0x0800bfc4   0x00000010   Code   RO         6426    i._GetDevData       STemWin522_4x9i_CM4_OS_Keil.lib(guidev_16.o)
    0x0800bfd4   0x00000004   Code   RO         6463    i._GetDevData       STemWin522_4x9i_CM4_OS_Keil.lib(guidev_measure.o)
    0x0800bfd8   0x00000010   Code   RO         6929    i._GetDevData       STemWin522_4x9i_CM4_OS_Keil.lib(guidev_32.o)
    0x0800bfe8   0x000000dc   Code   RO         6232    i._GetDevFunc       STemWin522_4x9i_CM4_OS_Keil.lib(guidrv_lin_16.o)
    0x0800c0c4   0x00000010   Code   RO         6427    i._GetDevFunc       STemWin522_4x9i_CM4_OS_Keil.lib(guidev_16.o)
    0x0800c0d4   0x0000001c   Code   RO         6464    i._GetDevFunc       STemWin522_4x9i_CM4_OS_Keil.lib(guidev_measure.o)
    0x0800c0f0   0x00000010   Code   RO         6930    i._GetDevFunc       STemWin522_4x9i_CM4_OS_Keil.lib(guidev_32.o)
    0x0800c100   0x0000003c   Code   RO         6233    i._GetDevProp       STemWin522_4x9i_CM4_OS_Keil.lib(guidrv_lin_16.o)
    0x0800c13c   0x00000008   Code   RO         6428    i._GetDevProp       STemWin522_4x9i_CM4_OS_Keil.lib(guidev_16.o)
    0x0800c144   0x00000004   Code   RO         6465    i._GetDevProp       STemWin522_4x9i_CM4_OS_Keil.lib(guidev_measure.o)
    0x0800c148   0x0000000a   Code   RO         6931    i._GetDevProp       STemWin522_4x9i_CM4_OS_Keil.lib(guidev_32.o)
    0x0800c152   0x00000052   Code   RO         6376    i._GetIndexMask_0   STemWin522_4x9i_CM4_OS_Keil.lib(guicc_0.o)
    0x0800c1a4   0x00000004   Code   RO         6292    i._GetIndexMask_16  STemWin522_4x9i_CM4_OS_Keil.lib(guicc_16.o)
    0x0800c1a8   0x00000004   Code   RO         5764    i._GetIndexMask_1616I  STemWin522_4x9i_CM4_OS_Keil.lib(guicc_1616i.o)
    0x0800c1ac   0x00000004   Code   RO         5775    i._GetIndexMask_8666  STemWin522_4x9i_CM4_OS_Keil.lib(guicc_8666.o)
    0x0800c1b0   0x00000006   Code   RO         5782    i._GetIndexMask_88666I  STemWin522_4x9i_CM4_OS_Keil.lib(guicc_88666i.o)
    0x0800c1b6   0x00000006   Code   RO         6914    i._GetIndexMask_8888  STemWin522_4x9i_CM4_OS_Keil.lib(guicc_8888.o)
    0x0800c1bc   0x00000006   Code   RO         5794    i._GetIndexMask_M1555I  STemWin522_4x9i_CM4_OS_Keil.lib(guicc_m1555i.o)
    0x0800c1c2   0x00000006   Code   RO         5808    i._GetIndexMask_M4444I  STemWin522_4x9i_CM4_OS_Keil.lib(guicc_m4444i.o)
    0x0800c1c8   0x00000006   Code   RO         5822    i._GetIndexMask_M565  STemWin522_4x9i_CM4_OS_Keil.lib(guicc_m565.o)
    0x0800c1ce   0x00000006   Code   RO         6040    i._GetIndexMask_M888  STemWin522_4x9i_CM4_OS_Keil.lib(guicc_m888.o)
    0x0800c1d4   0x00000006   Code   RO         5834    i._GetIndexMask_M8888I  STemWin522_4x9i_CM4_OS_Keil.lib(guicc_m8888i.o)
    0x0800c1da   0x00000010   Code   RO         6234    i._GetPixelIndex    STemWin522_4x9i_CM4_OS_Keil.lib(guidrv_lin_16.o)
    0x0800c1ea   0x00000002   PAD
    0x0800c1ec   0x0000003c   Code   RO         6429    i._GetPixelIndex    STemWin522_4x9i_CM4_OS_Keil.lib(guidev_16.o)
    0x0800c228   0x00000004   Code   RO         6466    i._GetPixelIndex    STemWin522_4x9i_CM4_OS_Keil.lib(guidev_measure.o)
    0x0800c22c   0x0000003c   Code   RO         6932    i._GetPixelIndex    STemWin522_4x9i_CM4_OS_Keil.lib(guidev_32.o)
    0x0800c268   0x00000088   Code   RO         4707    i._GetPixelformat   guidrv_stm32f429i_discovery.o
    0x0800c2f0   0x00000030   Code   RO         6235    i._GetPos           STemWin522_4x9i_CM4_OS_Keil.lib(guidrv_lin_16.o)
    0x0800c320   0x00000016   Code   RO         6236    i._GetRect          STemWin522_4x9i_CM4_OS_Keil.lib(guidrv_lin_16.o)
    0x0800c336   0x00000030   Code   RO         6430    i._GetRect          STemWin522_4x9i_CM4_OS_Keil.lib(guidev_16.o)
    0x0800c366   0x00000002   PAD
    0x0800c368   0x00000014   Code   RO         6467    i._GetRect          STemWin522_4x9i_CM4_OS_Keil.lib(guidev_measure.o)
    0x0800c37c   0x00000030   Code   RO         6933    i._GetRect          STemWin522_4x9i_CM4_OS_Keil.lib(guidev_32.o)
    0x0800c3ac   0x000000a8   Code   RO         5823    i._Index2ColorBulk  STemWin522_4x9i_CM4_OS_Keil.lib(guicc_m565.o)
    0x0800c454   0x0000007c   Code   RO         6041    i._Index2ColorBulk  STemWin522_4x9i_CM4_OS_Keil.lib(guicc_m888.o)
    0x0800c4d0   0x0000005a   Code   RO         6915    i._Index2ColorBulk  STemWin522_4x9i_CM4_OS_Keil.lib(guicc_8888.o)
    0x0800c52a   0x00000002   PAD
    0x0800c52c   0x0000004c   Code   RO         5765    i._Index2ColorBulk_1616I  STemWin522_4x9i_CM4_OS_Keil.lib(guicc_1616i.o)
    0x0800c578   0x00000044   Code   RO         5783    i._Index2ColorBulk_88666I  STemWin522_4x9i_CM4_OS_Keil.lib(guicc_88666i.o)
    0x0800c5bc   0x000000c0   Code   RO         5795    i._Index2ColorBulk_M1555I  STemWin522_4x9i_CM4_OS_Keil.lib(guicc_m1555i.o)
    0x0800c67c   0x0000001c   Code   RO         4708    i._Index2ColorBulk_M1555I_DMA2D  guidrv_stm32f429i_discovery.o
    0x0800c698   0x000000bc   Code   RO         5809    i._Index2ColorBulk_M4444I  STemWin522_4x9i_CM4_OS_Keil.lib(guicc_m4444i.o)
    0x0800c754   0x0000001c   Code   RO         4709    i._Index2ColorBulk_M4444I_DMA2D  guidrv_stm32f429i_discovery.o
    0x0800c770   0x0000001c   Code   RO         4710    i._Index2ColorBulk_M565_DMA2D  guidrv_stm32f429i_discovery.o
    0x0800c78c   0x0000009c   Code   RO         5835    i._Index2ColorBulk_M8888I  STemWin522_4x9i_CM4_OS_Keil.lib(guicc_m8888i.o)
    0x0800c828   0x0000001c   Code   RO         4711    i._Index2ColorBulk_M8888I_DMA2D  guidrv_stm32f429i_discovery.o
    0x0800c844   0x0000001c   Code   RO         4712    i._Index2ColorBulk_M888_DMA2D  guidrv_stm32f429i_discovery.o
    0x0800c860   0x00000020   Code   RO         6377    i._Index2Color_0    STemWin522_4x9i_CM4_OS_Keil.lib(guicc_0.o)
    0x0800c880   0x00000036   Code   RO         6293    i._Index2Color_16   STemWin522_4x9i_CM4_OS_Keil.lib(guicc_16.o)
    0x0800c8b6   0x00000002   PAD
    0x0800c8b8   0x00000028   Code   RO         5766    i._Index2Color_1616I  STemWin522_4x9i_CM4_OS_Keil.lib(guicc_1616i.o)
    0x0800c8e0   0x00000020   Code   RO         5784    i._Index2Color_88666I  STemWin522_4x9i_CM4_OS_Keil.lib(guicc_88666i.o)
    0x0800c900   0x00000034   Code   RO         5796    i._Index2Color_M1555I  STemWin522_4x9i_CM4_OS_Keil.lib(guicc_m1555i.o)
    0x0800c934   0x00000030   Code   RO         5810    i._Index2Color_M4444I  STemWin522_4x9i_CM4_OS_Keil.lib(guicc_m4444i.o)
    0x0800c964   0x00000020   Code   RO         5836    i._Index2Color_M8888I  STemWin522_4x9i_CM4_OS_Keil.lib(guicc_m8888i.o)
    0x0800c984   0x00000032   Code   RO         6237    i._Init             STemWin522_4x9i_CM4_OS_Keil.lib(guidrv_lin_16.o)
    0x0800c9b6   0x00000002   PAD
    0x0800c9b8   0x00000290   Code   RO         5891    i._InitOnce         STemWin522_4x9i_CM4_OS_Keil.lib(gui_alloc.o)
    0x0800cc48   0x000000b4   Code   RO         6536    i._Invalidate1Abs   STemWin522_4x9i_CM4_OS_Keil.lib(wm.o)
    0x0800ccfc   0x00000014   Code   RO         4713    i._InvertAlpha      guidrv_stm32f429i_discovery.o
    0x0800cd10   0x0000002c   Code   RO         4714    i._InvertAlpha_SwapRB  guidrv_stm32f429i_discovery.o
    0x0800cd3c   0x00000054   Code   RO         4715    i._LCD_CopyBuffer   guidrv_stm32f429i_discovery.o
    0x0800cd90   0x000000a0   Code   RO         4716    i._LCD_CopyRect     guidrv_stm32f429i_discovery.o
    0x0800ce30   0x0000007c   Code   RO         4718    i._LCD_DrawBitmap16bpp  guidrv_stm32f429i_discovery.o
    0x0800ceac   0x00000084   Code   RO         4719    i._LCD_DrawBitmap8bpp  guidrv_stm32f429i_discovery.o
    0x0800cf30   0x000000a8   Code   RO         4720    i._LCD_FillRect     guidrv_stm32f429i_discovery.o
    0x0800cfd8   0x0000006c   Code   RO         4721    i._LCD_GetpPalConvTable  guidrv_stm32f429i_discovery.o
    0x0800d044   0x000001a0   Code   RO         4722    i._LCD_InitController  guidrv_stm32f429i_discovery.o
    0x0800d1e4   0x00000078   Code   RO         4723    i._LCD_MixColorsBulk  guidrv_stm32f429i_discovery.o
    0x0800d25c   0x00000020   Code   RO         4724    i._LTDC_LayerEnableColorKeying  guidrv_stm32f429i_discovery.o
    0x0800d27c   0x00000020   Code   RO         4725    i._LTDC_LayerEnableLUT  guidrv_stm32f429i_discovery.o
    0x0800d29c   0x00000054   Code   RO         4726    i._LTDC_SetLUTEntry  guidrv_stm32f429i_discovery.o
    0x0800d2f0   0x00000034   Code   RO         4727    i._LTDC_SetLayerAlpha  guidrv_stm32f429i_discovery.o
    0x0800d324   0x00000080   Code   RO         4728    i._LTDC_SetLayerPos  guidrv_stm32f429i_discovery.o
    0x0800d3a4   0x00000054   Code   RO         6468    i._MarkRect         STemWin522_4x9i_CM4_OS_Keil.lib(guidev_measure.o)
    0x0800d3f8   0x0000007a   Code   RO         7108    i._MoveDescendents  STemWin522_4x9i_CM4_OS_Keil.lib(wm_move.o)
    0x0800d472   0x0000000a   Code   RO         6238    i._Off              STemWin522_4x9i_CM4_OS_Keil.lib(guidrv_lin_16.o)
    0x0800d47c   0x0000000a   Code   RO         6239    i._On               STemWin522_4x9i_CM4_OS_Keil.lib(guidrv_lin_16.o)
    0x0800d486   0x00000002   PAD
    0x0800d488   0x00000014   Code   RO         5746    i._OnExit           STemWin522_4x9i_CM4_OS_Keil.lib(guiaa_lib.o)
    0x0800d49c   0x00000028   Code   RO         5854    i._OnExit           STemWin522_4x9i_CM4_OS_Keil.lib(gui__alpha.o)
    0x0800d4c4   0x00000034   Code   RO         5892    i._OnExit           STemWin522_4x9i_CM4_OS_Keil.lib(gui_alloc.o)
    0x0800d4f8   0x0000002c   Code   RO         5934    i._OnExit           STemWin522_4x9i_CM4_OS_Keil.lib(gui_core.o)
    0x0800d524   0x00000014   Code   RO         6093    i._OnExit           STemWin522_4x9i_CM4_OS_Keil.lib(lcd_color.o)
    0x0800d538   0x00000014   Code   RO         6353    i._OnExit           STemWin522_4x9i_CM4_OS_Keil.lib(gui_task.o)
    0x0800d54c   0x00000028   Code   RO         6537    i._OnExit           STemWin522_4x9i_CM4_OS_Keil.lib(wm.o)
    0x0800d574   0x00000140   Code   RO         6538    i._PaintTransChildren  STemWin522_4x9i_CM4_OS_Keil.lib(wm.o)
    0x0800d6b4   0x0000006e   Code   RO         6240    i._ReadRect         STemWin522_4x9i_CM4_OS_Keil.lib(guidrv_lin_16.o)
    0x0800d722   0x00000002   PAD
    0x0800d724   0x00000054   Code   RO         5893    i._RemoveFreeBlock  STemWin522_4x9i_CM4_OS_Keil.lib(gui_alloc.o)
    0x0800d778   0x000000d0   Code   RO         5894    i._RemoveHoles      STemWin522_4x9i_CM4_OS_Keil.lib(gui_alloc.o)
    0x0800d848   0x00000036   Code   RO         6241    i._SetAlpha         STemWin522_4x9i_CM4_OS_Keil.lib(guidrv_lin_16.o)
    0x0800d87e   0x00000010   Code   RO         6242    i._SetAlphaMode     STemWin522_4x9i_CM4_OS_Keil.lib(guidrv_lin_16.o)
    0x0800d88e   0x00000002   PAD
    0x0800d890   0x00000038   Code   RO         6063    i._SetBkColor       STemWin522_4x9i_CM4_OS_Keil.lib(lcd.o)
    0x0800d8c8   0x00000016   Code   RO         6243    i._SetChroma        STemWin522_4x9i_CM4_OS_Keil.lib(guidrv_lin_16.o)
    0x0800d8de   0x00000010   Code   RO         6244    i._SetChromaMode    STemWin522_4x9i_CM4_OS_Keil.lib(guidrv_lin_16.o)
    0x0800d8ee   0x00000002   PAD
    0x0800d8f0   0x00000038   Code   RO         6064    i._SetColor         STemWin522_4x9i_CM4_OS_Keil.lib(lcd.o)
    0x0800d928   0x00000058   Code   RO         6245    i._SetDevFunc       STemWin522_4x9i_CM4_OS_Keil.lib(guidrv_lin_16.o)
    0x0800d980   0x00000038   Code   RO         6065    i._SetDrawMode      STemWin522_4x9i_CM4_OS_Keil.lib(lcd.o)
    0x0800d9b8   0x000000b8   Code   RO         6246    i._SetOrg           STemWin522_4x9i_CM4_OS_Keil.lib(guidrv_lin_16.o)
    0x0800da70   0x00000008   Code   RO         6431    i._SetOrg           STemWin522_4x9i_CM4_OS_Keil.lib(guidev_16.o)
    0x0800da78   0x00000008   Code   RO         6469    i._SetOrg           STemWin522_4x9i_CM4_OS_Keil.lib(guidev_measure.o)
    0x0800da80   0x00000008   Code   RO         6934    i._SetOrg           STemWin522_4x9i_CM4_OS_Keil.lib(guidev_32.o)
    0x0800da88   0x00000012   Code   RO         6247    i._SetPixelIndex    STemWin522_4x9i_CM4_OS_Keil.lib(guidrv_lin_16.o)
    0x0800da9a   0x00000002   PAD
    0x0800da9c   0x00000070   Code   RO         6432    i._SetPixelIndex    STemWin522_4x9i_CM4_OS_Keil.lib(guidev_16.o)
    0x0800db0c   0x00000050   Code   RO         6470    i._SetPixelIndex    STemWin522_4x9i_CM4_OS_Keil.lib(guidev_measure.o)
    0x0800db5c   0x00000070   Code   RO         6935    i._SetPixelIndex    STemWin522_4x9i_CM4_OS_Keil.lib(guidev_32.o)
    0x0800dbcc   0x00000044   Code   RO         6248    i._SetPos           STemWin522_4x9i_CM4_OS_Keil.lib(guidrv_lin_16.o)
    0x0800dc10   0x0000005a   Code   RO         6249    i._SetSize          STemWin522_4x9i_CM4_OS_Keil.lib(guidrv_lin_16.o)
    0x0800dc6a   0x00000038   Code   RO         6250    i._SetVRAMAddr      STemWin522_4x9i_CM4_OS_Keil.lib(guidrv_lin_16.o)
    0x0800dca2   0x00000040   Code   RO         6251    i._SetVSize         STemWin522_4x9i_CM4_OS_Keil.lib(guidrv_lin_16.o)
    0x0800dce2   0x00000036   Code   RO         6252    i._SetVis           STemWin522_4x9i_CM4_OS_Keil.lib(guidrv_lin_16.o)
    0x0800dd18   0x00000034   Code   RO         6253    i._ShowBuffer       STemWin522_4x9i_CM4_OS_Keil.lib(guidrv_lin_16.o)
    0x0800dd4c   0x00000032   Code   RO         6254    i._XorPixel         STemWin522_4x9i_CM4_OS_Keil.lib(guidrv_lin_16.o)
    0x0800dd7e   0x00000002   PAD
    0x0800dd80   0x00000078   Code   RO         6433    i._XorPixel         STemWin522_4x9i_CM4_OS_Keil.lib(guidev_16.o)
    0x0800ddf8   0x00000050   Code   RO         6471    i._XorPixel         STemWin522_4x9i_CM4_OS_Keil.lib(guidev_measure.o)
    0x0800de48   0x0000007c   Code   RO         6936    i._XorPixel         STemWin522_4x9i_CM4_OS_Keil.lib(guidev_32.o)
    0x0800dec4   0x0000000e   Code   RO         7446    i.__scatterload_copy  mc_w.l(handlers.o)
    0x0800ded2   0x00000002   Code   RO         7447    i.__scatterload_null  mc_w.l(handlers.o)
    0x0800ded4   0x0000000e   Code   RO         7448    i.__scatterload_zeroinit  mc_w.l(handlers.o)
    0x0800dee2   0x00000002   PAD
    0x0800dee4   0x00000044   Code   RO         6539    i._cbPaintMemDev    STemWin522_4x9i_CM4_OS_Keil.lib(wm.o)
    0x0800df28   0x000000a0   Code   RO         6540    i.cbBackWin         STemWin522_4x9i_CM4_OS_Keil.lib(wm.o)
    0x0800dfc8   0x00000024   Code   RO         1393    i.delay             stm32f429i_discovery_sdram.o
    0x0800dfec   0x000000ac   Code   RO         6066    i.emWin_LCD_Init    STemWin522_4x9i_CM4_OS_Keil.lib(lcd.o)
    0x0800e098   0x00000038   Code   RO          437    i.main              main.o
    0x0800e0d0   0x00000054   Code   RO         5226    i.prvAddCurrentTaskToDelayedList  tasks.o
    0x0800e124   0x0000003a   Code   RO         5227    i.prvAllocateTCBAndStack  tasks.o
    0x0800e15e   0x00000002   PAD
    0x0800e160   0x0000004c   Code   RO         5489    i.prvCheckForValidListAndQueue  timers.o
    0x0800e1ac   0x00000060   Code   RO         5228    i.prvCheckTasksWaitingTermination  tasks.o
    0x0800e20c   0x0000002a   Code   RO         5084    i.prvCopyDataFromQueue  queue.o
    0x0800e236   0x00000068   Code   RO         5085    i.prvCopyDataToQueue  queue.o
    0x0800e29e   0x00000012   Code   RO         5229    i.prvDeleteTCB      tasks.o
    0x0800e2b0   0x00000028   Code   RO         5490    i.prvGetNextExpireTime  timers.o
    0x0800e2d8   0x00000018   Code   RO         5230    i.prvIdleTask       tasks.o
    0x0800e2f0   0x00000046   Code   RO         5231    i.prvInitialiseTCBVariables  tasks.o
    0x0800e336   0x00000002   PAD
    0x0800e338   0x00000068   Code   RO         5232    i.prvInitialiseTaskLists  tasks.o
    0x0800e3a0   0x00000058   Code   RO         5491    i.prvInsertTimerInActiveList  timers.o
    0x0800e3f8   0x0000001c   Code   RO         5086    i.prvIsQueueEmpty   queue.o
    0x0800e414   0x00000020   Code   RO         5087    i.prvIsQueueFull    queue.o
    0x0800e434   0x0000004c   Code   RO         5492    i.prvProcessExpiredTimer  timers.o
    0x0800e480   0x000000ac   Code   RO         5493    i.prvProcessReceivedCommands  timers.o
    0x0800e52c   0x0000004c   Code   RO         5494    i.prvProcessTimerOrBlockTask  timers.o
    0x0800e578   0x00000030   Code   RO         5495    i.prvSampleTimeNow  timers.o
    0x0800e5a8   0x00000014   Code   RO         5607    i.prvSetupTimerInterrupt  port_cm4.o
    0x0800e5bc   0x00000084   Code   RO         5496    i.prvSwitchTimerLists  timers.o
    0x0800e640   0x0000001a   Code   RO         5497    i.prvTimerTask      timers.o
    0x0800e65a   0x0000007e   Code   RO         5088    i.prvUnlockQueue    queue.o
    0x0800e6d8   0x000000e0   Code   RO         5573    i.pvPortMalloc      heap_2.o
    0x0800e7b8   0x00000020   Code   RO         5608    i.pxPortInitialiseStack  port_cm4.o
    0x0800e7d8   0x00000004   Code   RO          438    i.vApplicationMallocFailedHook  main.o
    0x0800e7dc   0x0000001a   Code   RO         5048    i.vListInitialise   list.o
    0x0800e7f6   0x00000006   Code   RO         5049    i.vListInitialiseItem  list.o
    0x0800e7fc   0x00000034   Code   RO         5050    i.vListInsert       list.o
    0x0800e830   0x0000001c   Code   RO         5051    i.vListInsertEnd    list.o
    0x0800e84c   0x00000024   Code   RO         5052    i.vListRemove       list.o
    0x0800e870   0x00000018   Code   RO         5610    i.vPortEnterCritical  port_cm4.o
    0x0800e888   0x0000001c   Code   RO         5611    i.vPortExitCritical  port_cm4.o
    0x0800e8a4   0x00000040   Code   RO         5574    i.vPortFree         heap_2.o
    0x0800e8e4   0x00000010   Code   RO         5612    i.vPortYieldFromISR  port_cm4.o
    0x0800e8f4   0x00000038   Code   RO         5095    i.vQueueWaitForMessageRestricted  queue.o
    0x0800e92c   0x00000038   Code   RO         5238    i.vTaskDelay        tasks.o
    0x0800e964   0x00000108   Code   RO         5242    i.vTaskIncrementTick  tasks.o
    0x0800ea6c   0x0000000c   Code   RO         5244    i.vTaskMissedYield  tasks.o
    0x0800ea78   0x00000048   Code   RO         5245    i.vTaskPlaceOnEventList  tasks.o
    0x0800eac0   0x00000034   Code   RO         5246    i.vTaskPlaceOnEventListRestricted  tasks.o
    0x0800eaf4   0x00000050   Code   RO         5247    i.vTaskPriorityDisinherit  tasks.o
    0x0800eb44   0x00000080   Code   RO         5248    i.vTaskPriorityInherit  tasks.o
    0x0800ebc4   0x00000018   Code   RO         5252    i.vTaskSetTimeOutState  tasks.o
    0x0800ebdc   0x00000054   Code   RO         5253    i.vTaskStartScheduler  tasks.o
    0x0800ec30   0x00000010   Code   RO         5255    i.vTaskSuspendAll   tasks.o
    0x0800ec40   0x00000070   Code   RO         5256    i.vTaskSwitchContext  tasks.o
    0x0800ecb0   0x00000048   Code   RO         5613    i.xPortStartScheduler  port_cm4.o
    0x0800ecf8   0x00000020   Code   RO         5614    i.xPortSysTickHandler  port_cm4.o
    0x0800ed18   0x0000004c   Code   RO         5097    i.xQueueCreateMutex  queue.o
    0x0800ed64   0x0000004e   Code   RO         5098    i.xQueueGenericCreate  queue.o
    0x0800edb2   0x0000011a   Code   RO         5099    i.xQueueGenericReceive  queue.o
    0x0800eecc   0x00000068   Code   RO         5100    i.xQueueGenericReset  queue.o
    0x0800ef34   0x000000ce   Code   RO         5101    i.xQueueGenericSend  queue.o
    0x0800f002   0x0000005e   Code   RO         5102    i.xQueueGenericSendFromISR  queue.o
    0x0800f060   0x00000064   Code   RO         5257    i.xTaskCheckForTimeOut  tasks.o
    0x0800f0c4   0x00000114   Code   RO         5258    i.xTaskGenericCreate  tasks.o
    0x0800f1d8   0x0000000c   Code   RO         5259    i.xTaskGetCurrentTaskHandle  tasks.o
    0x0800f1e4   0x00000020   Code   RO         5260    i.xTaskGetSchedulerState  tasks.o
    0x0800f204   0x00000018   Code   RO         5261    i.xTaskGetTickCount  tasks.o
    0x0800f21c   0x00000074   Code   RO         5264    i.xTaskRemoveFromEventList  tasks.o
    0x0800f290   0x000000dc   Code   RO         5265    i.xTaskResumeAll    tasks.o
    0x0800f36c   0x00000040   Code   RO         5500    i.xTimerCreateTimerTask  timers.o
    0x0800f3ac   0x00000068   Code   RO         5501    i.xTimerGenericCommand  timers.o
    0x0800f414   0x00000019   Data   RO          839    .constdata          stm32f429i_discovery.o
    0x0800f42d   0x00000001   PAD
    0x0800f42e   0x000029d0   Data   RO         1133    .constdata          stm32f429i_discovery_lcd.o
    0x08011dfe   0x00000002   PAD
    0x08011e00   0x00000008   Data   RO         4730    .constdata          guidrv_stm32f429i_discovery.o
    0x08011e08   0x0001dd68   Data   RO         5672    .constdata          guidemo_automotive.o
    0x0802fb70   0x0000028c   Data   RO         5725    .constdata          picto1_2.o
    0x0802fdfc   0x00000018   Data   RO         5767    .constdata          STemWin522_4x9i_CM4_OS_Keil.lib(guicc_1616i.o)
    0x0802fe14   0x00000018   Data   RO         5776    .constdata          STemWin522_4x9i_CM4_OS_Keil.lib(guicc_8666.o)
    0x0802fe2c   0x00000018   Data   RO         5785    .constdata          STemWin522_4x9i_CM4_OS_Keil.lib(guicc_88666i.o)
    0x0802fe44   0x00000018   Data   RO         5797    .constdata          STemWin522_4x9i_CM4_OS_Keil.lib(guicc_m1555i.o)
    0x0802fe5c   0x00000018   Data   RO         5811    .constdata          STemWin522_4x9i_CM4_OS_Keil.lib(guicc_m4444i.o)
    0x0802fe74   0x00000018   Data   RO         5824    .constdata          STemWin522_4x9i_CM4_OS_Keil.lib(guicc_m565.o)
    0x0802fe8c   0x00000018   Data   RO         5837    .constdata          STemWin522_4x9i_CM4_OS_Keil.lib(guicc_m8888i.o)
    0x0802fea4   0x00000008   Data   RO         5936    .constdata          STemWin522_4x9i_CM4_OS_Keil.lib(gui_core.o)
    0x0802feac   0x00000008   Data   RO         5962    .constdata          STemWin522_4x9i_CM4_OS_Keil.lib(gui_device.o)
    0x0802feb4   0x00000018   Data   RO         6042    .constdata          STemWin522_4x9i_CM4_OS_Keil.lib(guicc_m888.o)
    0x0802fecc   0x0000000c   Data   RO         6067    .constdata          STemWin522_4x9i_CM4_OS_Keil.lib(lcd.o)
    0x0802fed8   0x00000034   Data   RO         6255    .constdata          STemWin522_4x9i_CM4_OS_Keil.lib(guidrv_lin_16.o)
    0x0802ff0c   0x00000018   Data   RO         6294    .constdata          STemWin522_4x9i_CM4_OS_Keil.lib(guicc_16.o)
    0x0802ff24   0x00000010   Data   RO         6298    .constdata          STemWin522_4x9i_CM4_OS_Keil.lib(gui__divtbl_15_255.o)
    0x0802ff34   0x00000100   Data   RO         6299    .constdata          STemWin522_4x9i_CM4_OS_Keil.lib(gui__divtbl_255_15.o)
    0x08030034   0x00000100   Data   RO         6300    .constdata          STemWin522_4x9i_CM4_OS_Keil.lib(gui__divtbl_255_31.o)
    0x08030134   0x00000100   Data   RO         6301    .constdata          STemWin522_4x9i_CM4_OS_Keil.lib(gui__divtbl_255_63.o)
    0x08030234   0x00000020   Data   RO         6302    .constdata          STemWin522_4x9i_CM4_OS_Keil.lib(gui__divtbl_31_255.o)
    0x08030254   0x00000040   Data   RO         6303    .constdata          STemWin522_4x9i_CM4_OS_Keil.lib(gui__divtbl_63_255.o)
    0x08030294   0x0000016c   Data   RO         6312    .constdata          STemWin522_4x9i_CM4_OS_Keil.lib(gui__sinhq.o)
    0x08030400   0x00000010   Data   RO         6367    .constdata          STemWin522_4x9i_CM4_OS_Keil.lib(gui_uc_encodenone.o)
    0x08030410   0x00000018   Data   RO         6378    .constdata          STemWin522_4x9i_CM4_OS_Keil.lib(guicc_0.o)
    0x08030428   0x00000100   Data   RO         6405    .constdata          STemWin522_4x9i_CM4_OS_Keil.lib(lcd_mirror.o)
    0x08030528   0x00000518   Data   RO         6416    .constdata          STemWin522_4x9i_CM4_OS_Keil.lib(f6x8.o)
    0x08030a40   0x000001c0   Data   RO         6417    .constdata          STemWin522_4x9i_CM4_OS_Keil.lib(f6x8.o)
    0x08030c00   0x00000008   Data   RO         6418    .constdata          STemWin522_4x9i_CM4_OS_Keil.lib(f6x8.o)
    0x08030c08   0x00000014   Data   RO         6419    .constdata          STemWin522_4x9i_CM4_OS_Keil.lib(f6x8.o)
    0x08030c1c   0x00000024   Data   RO         6420    .constdata          STemWin522_4x9i_CM4_OS_Keil.lib(f6x8.o)
    0x08030c40   0x00000074   Data   RO         6434    .constdata          STemWin522_4x9i_CM4_OS_Keil.lib(guidev_16.o)
    0x08030cb4   0x00000034   Data   RO         6472    .constdata          STemWin522_4x9i_CM4_OS_Keil.lib(guidev_measure.o)
    0x08030ce8   0x00000008   Data   RO         6724    .constdata          STemWin522_4x9i_CM4_OS_Keil.lib(guidev_writetoactiveopaque.o)
    0x08030cf0   0x00000018   Data   RO         6916    .constdata          STemWin522_4x9i_CM4_OS_Keil.lib(guicc_8888.o)
    0x08030d08   0x00000074   Data   RO         6937    .constdata          STemWin522_4x9i_CM4_OS_Keil.lib(guidev_32.o)
    0x08030d7c   0x00000018   Data   RO         6966    .constdata          STemWin522_4x9i_CM4_OS_Keil.lib(guidev_usagebm.o)
    0x08030d94   0x00000020   Data   RO         7444    Region$$Table       anon$$obj.o


    Execution Region RW_IRAM1 (Base: 0x20000000, Size: 0x00010d70, Max: 0x00030000, ABSOLUTE, COMPRESSED[0x000000dc])

    Base Addr    Size         Type   Attr      Idx    E Section Name        Object

    0x20000000   0x00000010   Data   RW          440    .data               main.o
    0x20000010   0x00000014   Data   RW          490    .data               rtc.o
    0x20000024   0x0000000c   Data   RW          545    .data               stm32xxx_it.o
    0x20000030   0x00000014   Data   RW          673    .data               system_stm32f4xx.o
    0x20000044   0x00000008   Data   RW          750    .data               gui_x_freertos.o
    0x2000004c   0x00000010   Data   RW          840    .data               stm32f429i_discovery.o
    0x2000005c   0x00000030   Data   RW         1134    .data               stm32f429i_discovery_lcd.o
    0x2000008c   0x00000058   Data   RW         4731    .data               guidrv_stm32f429i_discovery.o
    0x200000e4   0x0000003c   Data   RW         5268    .data               tasks.o
    0x20000120   0x00000010   Data   RW         5504    .data               timers.o
    0x20000130   0x00000018   Data   RW         5578    .data               heap_2.o
    0x20000148   0x00000004   Data   RW         5615    .data               port_cm4.o
    0x2000014c   0x00000060   Data   RW         5673    .data               guidemo_automotive.o
    0x200001ac   0x00000008   Data   RW         5726    .data               picto1_2.o
    0x200001b4   0x0000003c   Data   RW         5747    .data               STemWin522_4x9i_CM4_OS_Keil.lib(guiaa_lib.o)
    0x200001f0   0x00000008   Data   RW         5798    .data               STemWin522_4x9i_CM4_OS_Keil.lib(guicc_m1555i.o)
    0x200001f8   0x00000008   Data   RW         5812    .data               STemWin522_4x9i_CM4_OS_Keil.lib(guicc_m4444i.o)
    0x20000200   0x00000008   Data   RW         5825    .data               STemWin522_4x9i_CM4_OS_Keil.lib(guicc_m565.o)
    0x20000208   0x00000008   Data   RW         5838    .data               STemWin522_4x9i_CM4_OS_Keil.lib(guicc_m8888i.o)
    0x20000210   0x00000028   Data   RW         5855    .data               STemWin522_4x9i_CM4_OS_Keil.lib(gui__alpha.o)
    0x20000238   0x00000008   Data   RW         5896    .data               STemWin522_4x9i_CM4_OS_Keil.lib(gui_alloc.o)
    0x20000240   0x0000002c   Data   RW         5937    .data               STemWin522_4x9i_CM4_OS_Keil.lib(gui_core.o)
    0x2000026c   0x00000004   Data   RW         5938    .data               STemWin522_4x9i_CM4_OS_Keil.lib(gui_core.o)
    0x20000270   0x00000004   Data   RW         5939    .data               STemWin522_4x9i_CM4_OS_Keil.lib(gui_core.o)
    0x20000274   0x00000004   Data   RW         5941    .data               STemWin522_4x9i_CM4_OS_Keil.lib(gui_core.o)
    0x20000278   0x00000002   Data   RW         5942    .data               STemWin522_4x9i_CM4_OS_Keil.lib(gui_core.o)
    0x2000027a   0x00000002   Data   RW         5943    .data               STemWin522_4x9i_CM4_OS_Keil.lib(gui_core.o)
    0x2000027c   0x0000002c   Data   RW         5993    .data               STemWin522_4x9i_CM4_OS_Keil.lib(gui_multibuf.o)
    0x200002a8   0x00000008   Data   RW         6043    .data               STemWin522_4x9i_CM4_OS_Keil.lib(guicc_m888.o)
    0x200002b0   0x00000004   Data   RW         6068    .data               STemWin522_4x9i_CM4_OS_Keil.lib(lcd.o)
    0x200002b4   0x00000010   Data   RW         6094    .data               STemWin522_4x9i_CM4_OS_Keil.lib(lcd_color.o)
    0x200002c4   0x00000004   Data   RW         6318    .data               STemWin522_4x9i_CM4_OS_Keil.lib(gui_fillpolygon.o)
    0x200002c8   0x0000001c   Data   RW         6354    .data               STemWin522_4x9i_CM4_OS_Keil.lib(gui_task.o)
    0x200002e4   0x00000004   Data   RW         6397    .data               STemWin522_4x9i_CM4_OS_Keil.lib(lcd_aa.o)
    0x200002e8   0x00000004   Data   RW         6449    .data               STemWin522_4x9i_CM4_OS_Keil.lib(guidev_banding.o)
    0x200002ec   0x00000058   Data   RW         6542    .data               STemWin522_4x9i_CM4_OS_Keil.lib(wm.o)
    0x20000344   0x00000008   Data   RW         6604    .data               STemWin522_4x9i_CM4_OS_Keil.lib(gui__managecache.o)
    0x2000034c   0x0000000c   Data   RW         6635    .data               STemWin522_4x9i_CM4_OS_Keil.lib(gui_onkey.o)
    0x20000358   0x0000000c   Data   RW         6658    .data               STemWin522_4x9i_CM4_OS_Keil.lib(gui_waitevent.o)
    0x20000364   0x00000001   Data   RW         6708    .data               STemWin522_4x9i_CM4_OS_Keil.lib(guidev_staticdevices.o)
    0x20000365   0x00000003   PAD
    0x20000368   0x00000004   Data   RW         6727    .data               STemWin522_4x9i_CM4_OS_Keil.lib(wm__sendmessage.o)
    0x2000036c   0x00000020   Data   RW         6846    .data               STemWin522_4x9i_CM4_OS_Keil.lib(gui_setalpha.o)
    0x2000038c   0x00000014   Data   RW         6895    .data               STemWin522_4x9i_CM4_OS_Keil.lib(gui_timer.o)
    0x200003a0   0x0000000c   Zero   RW          489    .bss                rtc.o
    0x200003ac   0x00009600   Zero   RW         4729    .bss                guidrv_stm32f429i_discovery.o
    0x200099ac   0x00000186   Zero   RW         5267    .bss                tasks.o
    0x20009b32   0x00000002   PAD
    0x20009b34   0x00000028   Zero   RW         5503    .bss                timers.o
    0x20009b5c   0x00000004   PAD
    0x20009b60   0x00005000   Zero   RW         5577    .bss                heap_2.o
    0x2000eb60   0x000000c8   Zero   RW         5895    .bss                STemWin522_4x9i_CM4_OS_Keil.lib(gui_alloc.o)
    0x2000ec28   0x00000078   Zero   RW         5935    .bss                STemWin522_4x9i_CM4_OS_Keil.lib(gui_core.o)
    0x2000eca0   0x00000018   Zero   RW         6317    .bss                STemWin522_4x9i_CM4_OS_Keil.lib(gui_fillpolygon.o)
    0x2000ecb8   0x00000018   Zero   RW         6541    .bss                STemWin522_4x9i_CM4_OS_Keil.lib(wm.o)
    0x2000ecd0   0x00000058   Zero   RW         6634    .bss                STemWin522_4x9i_CM4_OS_Keil.lib(gui_onkey.o)
    0x2000ed28   0x00000048   Zero   RW         6768    .bss                STemWin522_4x9i_CM4_OS_Keil.lib(wm_touch.o)
    0x2000ed70   0x00002000   Zero   RW          708    STACK               startup_stm32f429_439xx.o



  Load Region LR$$.ARM.__AT_0xD0100000 (Base: 0xd0100000, Size: 0x00000000, Max: 0x00400000, ABSOLUTE)

    Execution Region ER$$.ARM.__AT_0xD0100000 (Base: 0xd0100000, Size: 0x00400000, Max: 0x00400000, ABSOLUTE, UNINIT)

    Base Addr    Size         Type   Attr      Idx    E Section Name        Object

    0xd0100000   0x00400000   Zero   RW          717    .ARM.__AT_0xD0100000  guiconf.o



  Load Region LR$$.ARM.__AT_0xD0500000 (Base: 0xd0500000, Size: 0x00000000, Max: 0x00100000, ABSOLUTE)

    Execution Region ER$$.ARM.__AT_0xD0500000 (Base: 0xd0500000, Size: 0x00100000, Max: 0x00100000, ABSOLUTE, UNINIT)

    Base Addr    Size         Type   Attr      Idx    E Section Name        Object

    0xd0500000   0x00100000   Zero   RW          718    .ARM.__AT_0xD0500000  guiconf.o


==============================================================================

Image component sizes


      Code (inc. data)   RO Data    RW Data    ZI Data      Debug   Object Name

       176          6          0          0          0     393864   bsp.o
       132         18          0          8          0       6591   gui_x_freertos.o
        20          6          0          0    5242880       1444   guiconf.o
      2022        204     122216         96          0      10244   guidemo_automotive.o
      3946        498          8         88      38400      68355   guidrv_stm32f429i_discovery.o
       288         28          0         24      20480       4067   heap_2.o
       148          0          0          0          0       3921   list.o
       174         38          0         16          0       4615   main.o
       120         14          0          0          0       1292   misc.o
         0          0        652          8          0        845   picto1_2.o
       392         58          0          4          0       6133   port_cm4.o
      1228          0          0          0          0      12394   queue.o
       416         40          0         20         12       2907   rtc.o
        36          8        428          0       8192        872   startup_stm32f429_439xx.o
        24          8         25         16          0       4451   stm32f429i_discovery.o
       918         68      10704         48          0       8415   stm32f429i_discovery_lcd.o
       840         24          0          0          0       3749   stm32f429i_discovery_sdram.o
        32          6          0          0          0        693   stm32f4xx_dma2d.o
       160         12          0          0          0       1909   stm32f4xx_exti.o
       376         20          0          0          0       4095   stm32f4xx_fmc.o
       232          0          0          0          0       4255   stm32f4xx_gpio.o
       806         38          0          0          0       5733   stm32f4xx_ltdc.o
        12          6          0          0          0        654   stm32f4xx_pwr.o
       400         80          0          0          0       9172   stm32f4xx_rcc.o
       392         30          0          0          0       5517   stm32f4xx_rtc.o
       988         54          0          0          0      13659   stm32f4xx_tim.o
       204         34          0         12          0       8850   stm32xxx_it.o
         0          0          0          0          0       1464   syscall.o
       340         32          0         20          0       2177   system_stm32f4xx.o
      2134        332          0         60        390      23124   tasks.o
       902         80          0         16         40       9923   timers.o

    ----------------------------------------------------------------------
     17874       1742     134068        436    5310400     625384   Object Totals
         0          0         32          0          0          0   (incl. Generated)
        16          0          3          0          6          0   (incl. Padding)

    ----------------------------------------------------------------------

      Code (inc. data)   RO Data    RW Data    ZI Data      Debug   Library Member Name

         0          0       1816          0          0          0   f6x8.o
      1110         54          0         40          0       1156   gui__alpha.o
       776          0          0          0          0        272   gui__compactpixelindices.o
         0          0         16          0          0          0   gui__divtbl_15_255.o
         0          0        256          0          0          0   gui__divtbl_255_15.o
         0          0        256          0          0          0   gui__divtbl_255_31.o
         0          0        256          0          0          0   gui__divtbl_255_63.o
         0          0         32          0          0          0   gui__divtbl_31_255.o
         0          0         64          0          0          0   gui__divtbl_63_255.o
       354          0          0          0          0        172   gui__expandpixelindices.o
        66          0          0          0          0        116   gui__intersectrect.o
        82          0          0          0          0        128   gui__intersectrects.o
       204          8          0          8          0        248   gui__managecache.o
       186          0          0          0          0        148   gui__memset.o
       148          0          0          0          0        132   gui__memset16.o
       280         28        364          0          0        256   gui__sinhq.o
      2526        100          0          8        200       2064   gui_alloc.o
        46          0          0          0          0        128   gui_alloc_alloczero.o
        70          0          0          0          0        116   gui_calccolordist.o
       398          8          0          0          0        492   gui_charm.o
       548         82          8         60        120        768   gui_core.o
       696         42          8          0          0       1012   gui_device.o
       244         10          0          0          0        144   gui_drawbitmap.o
        44          6          0          0          0        128   gui_exec.o
       612         14          0          4         24        148   gui_fillpolygon.o
        24          4          0          0          0        124   gui_getdrawmode.o
        44         10          0          0          0        136   gui_getorg.o
        32          4          0          0          0        128   gui_goto.o
        96          0          0          0          0        116   gui_mergerect.o
        32          0          0          0          0        116   gui_moverect.o
        52         14          0         44          0        116   gui_multibuf.o
        84         20          0         12         88        240   gui_onkey.o
        28          4          0          0          0        128   gui_pen.o
       116         10          0          0          0        132   gui_polyrotate.o
        56          0          0          0          0        116   gui_rectsintersect.o
        32         10          0          0          0        232   gui_savecontext.o
        86         10          0          0          0        264   gui_selectlayer.o
        26          0          0          0          0        128   gui_selectlcd.o
        40          6          0         32          0        124   gui_setalpha.o
        44          0          0          0          0        256   gui_setcolor.o
        64          6          0          0          0        128   gui_setdefault.o
        24          0          0          0          0        124   gui_setdrawmode.o
        32          4          0          0          0        128   gui_setfont.o
        28          4          0          0          0        128   gui_setlinestyle.o
        64         16          0          0          0        136   gui_setorg.o
        32          6          0          0          0        128   gui_settextalign.o
        32          6          0          0          0        128   gui_settextmode.o
       328         40          0         28          0        636   gui_task.o
         4          0          0          0          0        116   gui_time.o
       330         10          0         20          0        528   gui_timer.o
        18          0         16          0          0        464   gui_uc_encodenone.o
        16          4          0         12          0        116   gui_waitevent.o
       872         84          0         60          0        880   guiaa_lib.o
       528         10          0          0          0        144   guiaa_poly.o
       220          0         24          0          0        388   guicc_0.o
       182          0         24          0          0        384   guicc_16.o
       228         34         24          0          0        636   guicc_1616i.o
       224         22         24          0          0        348   guicc_8666.o
       202         18         24          0          0        636   guicc_88666i.o
       166          0         24          0          0        512   guicc_8888.o
         2          0          0          0          0        116   guicc_8888_index2color.o
         2          0          0          0          0        116   guicc_888_index2color.o
       510         30         24          8          0        804   guicc_m1555i.o
       446         30         24          8          0        792   guicc_m4444i.o
       398         42         24          8          0        688   guicc_m565.o
        44         10          0          0          0        116   guicc_m565_index2color.o
       294         14         24          8          0        668   guicc_m888.o
       402         14         24          8          0        804   guicc_m8888i.o
        20          0          0          0          0        116   guicc_m888_index2color.o
       920         34          0          0          0       1076   guidev.o
      3098         58        116          0          0       1568   guidev_16.o
      3140         56        116          0          0       1576   guidev_32.o
       192          0          0          0          0        264   guidev_auto.o
       320         10          0          4          0        152   guidev_banding.o
        76          4          0          0          0        132   guidev_clear.o
        34          0          0          0          0        128   guidev_getdataptr.o
        52          6          0          0          0        128   guidev_getysize.o
      1090         62         52          0          0       2496   guidev_measure.o
        60          4          0          0          0        128   guidev_reduceysize.o
       112          6          0          0          0        136   guidev_setorg.o
       320         14          0          1          0        276   guidev_staticdevices.o
        86          0          0          0          0        260   guidev_usage.o
       482          4         24          0          0        752   guidev_usagebm.o
       100          0          0          0          0        136   guidev_write.o
       288         14          0          0          0        152   guidev_writetoactivealpha.o
      1888         14          8          0          0        172   guidev_writetoactiveopaque.o
      3814        152         52          0          0       3756   guidrv_lin_16.o
      1952        132         12          4          0       2184   lcd.o
       200         24          0          4          0        276   lcd_aa.o
       384         38          0         16          0        648   lcd_color.o
       696         38          0          0          0       2376   lcd_getex.o
        28          0          0          0          0        128   lcd_getnumdisplays.o
        96          8          0          0          0        140   lcd_getp.o
        14          0          0          0          0        128   lcd_getpixelcolor.o
         0          0        256          0          0          0   lcd_mirror.o
       568         22          0          0          0        292   lcd_readrect.o
        68          8          0          0          0        128   lcd_selectlcd.o
       260          0          0          0          0        788   lcd_set.o
        52         10          0          0          0        132   lcd_setcliprectex.o
        36          4          0          0          0        128   lcd_updatecolorindices.o
      5696        202          0         88         24       4360   wm.o
        20          0          0          0          0        124   wm__getfirstsibling.o
        56         12          0          0          0        232   wm__getorg_aa.o
        40          0          0          0          0        128   wm__getprevsibling.o
        60          4          0          4          0        136   wm__sendmessage.o
        46          0          0          0          0        136   wm__sendmessagenopara.o
       242          0          0          0          0        148   wm__updatechildpositions.o
       140          0          0          0          0        140   wm_bringtobottom.o
        16          6          0          0          0        116   wm_criticalhandle.o
        32          0          0          0          0        128   wm_getclientrect.o
        24         10          0          0          0        116   wm_getdesktopwindow.o
        26          0          0          0          0        124   wm_getfirstchild.o
        26          0          0          0          0        124   wm_getparent.o
       408          0          0          0          0        428   wm_move.o
        20          0          0          0          0        128   wm_notifyparent.o
        64          8          0          0          0        136   wm_onkey.o
       258          0          0          0          0        140   wm_resizewindow.o
        26          0          0          0          0        136   wm_sendmessagenopara.o
        40          0          0          0          0        136   wm_sendtoparent.o
        76          0          0          0          0        132   wm_setsize.o
       122          0          0          0          0        136   wm_timer.o
         0          0          0          0         72          0   wm_touch.o
        86          0          0          0          0          0   __dczerorl2.o
         0          0          0          0          0          0   entry.o
         0          0          0          0          0          0   entry10a.o
         0          0          0          0          0          0   entry11a.o
         8          4          0          0          0          0   entry2.o
         4          0          0          0          0          0   entry5.o
         0          0          0          0          0          0   entry7b.o
         0          0          0          0          0          0   entry8b.o
         8          4          0          0          0          0   entry9a.o
        30          0          0          0          0          0   handlers.o
        36          8          0          0          0         68   init.o
         0          0          0          0          0          0   iusefp.o
        30          0          0          0          0         68   llshl.o
        36          0          0          0          0         68   llsshr.o
        32          0          0          0          0         68   llushr.o
        64          0          0          0          0         76   memmovea.o
        36          0          0          0          0        108   memseta.o
        24          0          0          0          0         76   strncpy.o
        56          0          0          0          0         88   d2f.o
       334          0          0          0          0        148   dadd.o
       186          0          0          0          0        176   depilogue.o
        34          0          0          0          0         76   dflti.o
       228          0          0          0          0         96   dmul.o
       110          0          0          0          0        168   fepilogue.o

    ----------------------------------------------------------------------
     44182       1828       3992        492        528      50196   Library Totals
        82          0          0          3          0          0   (incl. Padding)

    ----------------------------------------------------------------------

      Code (inc. data)   RO Data    RW Data    ZI Data      Debug   Library Name

     42758       1812       3992        489        528      48912   STemWin522_4x9i_CM4_OS_Keil.lib
       394         16          0          0          0        532   mc_w.l
       948          0          0          0          0        752   mf_w.l

    ----------------------------------------------------------------------
     44182       1828       3992        492        528      50196   Library Totals

    ----------------------------------------------------------------------

==============================================================================


      Code (inc. data)   RO Data    RW Data    ZI Data      Debug   

     62056       3570     138060        928    5310928     616592   Grand Totals
     62056       3570     138060        220    5310928     616592   ELF Image Totals (compressed)
     62056       3570     138060        220          0          0   ROM Totals

==============================================================================

    Total RO  Size (Code + RO Data)               200116 ( 195.43kB)
    Total RW  Size (RW Data + ZI Data)           5311856 (5187.36kB)
    Total ROM Size (Code + RO Data + RW Data)     200336 ( 195.64kB)

==============================================================================

