<html>
<body>
<pre>
<h1>µVision Build Log</h1>
<h2>Tool Versions:</h2>
IDE-Version: µVision V5.16a
Copyright (C) 2015 ARM Ltd and ARM Germany GmbH. All rights reserved.
License Information: now now, geo, LIC=DSNPC-7J741-347ST-RF136-ZVPY0-3K1N8
 
Tool Versions:
Toolchain:       MDK-ARM Professional  Version: 5.16a
Toolchain Path:  C:\Keil_v5\ARM\ARMCC\Bin
C Compiler:      Armcc.exe V5.06 (build 20)
Assembler:       Armasm.exe V5.06 (build 20)
Linker/Locator:  ArmLink.exe V5.06 (build 20)
Library Manager: ArmAr.exe V5.06 (build 20)
Hex Converter:   FromElf.exe V5.06 (build 20)
CPU DLL:         SARMCM3.DLL V5.16a
Dialog DLL:      DCM.DLL V1.13.2.0
Target DLL:      STLink\ST-LINKIII-KEIL_SWO.dll V2.0.17.0
Dialog DLL:      TCM.DLL V1.14.5.0
 
<h2>Project:</h2>
D:\PROJECTS\GIT_REPOSITORY\STM32\STM32F429_TEREX_PANEL\LCD_gauge\Open429I-C-Demo\Project\STemWin_RTOS _7inch\MDK-ARM\STM32F429I-Discovery_Demo.uvprojx
Project File Date:  05/27/2016

<h2>Output:</h2>
*** Using Compiler 'V5.06 (build 20)', folder: 'C:\Keil_v5\ARM\ARMCC\Bin'
Build target 'STM32F429I-Discovery_Demo'
compiling GUIDEMO_Automotive.c...
..\Core\Demo5.22\GUIDEMO_Automotive.c(212): warning:  #550-D: variable "xSize" was set but never used
    int     xSize, ySize;
..\Core\Demo5.22\GUIDEMO_Automotive.c(235): warning:  #550-D: variable "xSize" was set but never used
    int     xSize, ySize;
..\Core\Demo5.22\GUIDEMO_Automotive.c(336): warning:  #128-D: loop is not reachable
    for (i = 0; i < NUM_SCALES; i++) {
..\Core\Demo5.22\GUIDEMO_Automotive.c(268): warning:  #550-D: variable "atDiff" was set but never used
    int         atDiff   [NUM_SCALES];
..\Core\Demo5.22\GUIDEMO_Automotive.c(269): warning:  #177-D: variable "atDiffOld" was declared but never referenced
    int         atDiffOld[NUM_SCALES] = {0};
..\Core\Demo5.22\GUIDEMO_Automotive.c(272): warning:  #550-D: variable "ySize" was set but never used
    int         ySize;
..\Core\Demo5.22\GUIDEMO_Automotive.c(82): warning:  #177-D: variable "_OldGear" was declared but never referenced
  static int _OldGear = 0;
..\Core\Demo5.22\GUIDEMO_Automotive.c: 7 warnings, 0 errors
linking...
Program Size: Code=62056 RO-data=138060 RW-data=928 ZI-data=5310928  
FromELF: creating hex file...
".\STM32F429I-Discovery_Demo\STM32F429I-Discovery_Demo.axf" - 0 Error(s), 7 Warning(s).

<h2>Software Packages used:</h2>

Package Vendor: ARM
                http://www.keil.com/pack/ARM.CMSIS.4.3.0.pack
                ARM::CMSIS:CORE:4.1.0
                CMSIS (Cortex Microcontroller Software Interface Standard)
   * Component: CORE Version: 4.1.0

<h2>Collection of Component include folders:</h2>
  D:\PROJECTS\GIT_REPOSITORY\STM32\STM32F429_TEREX_PANEL\LCD_gauge\Open429I-C-Demo\Project\STemWin_RTOS _7inch\MDK-ARM\RTE
  C:\Keil_v5\ARM\PACK\ARM\CMSIS\4.3.0\CMSIS\Include
  C:\Keil_v5\ARM\PACK\Keil\STM32F4xx_DFP\2.5.0\Drivers\CMSIS\Device\ST\STM32F4xx\Include

<h2>Collection of Component Files used:</h2>

   * Component: ARM::CMSIS:CORE:4.1.0
Build Time Elapsed:  00:00:02
</pre>
</body>
</html>
