Component: ARM Compiler 5.06 (build 20) Tool: armlink [4d35a3]

==============================================================================

Section Cross References

    bsp.o(i.LowLevel_Init) refers to stm32f429i_sdram_lib.o(i.SDRAM_Init) for SDRAM_Init
    bsp.o(i.LowLevel_Init) refers to stm32f429i_lcd_lib.o(i.LCD_Init) for LCD_Init
    bsp.o(i.LowLevel_Init) refers to stm32f429i_lcd_lib.o(i.LCD_LayerInit) for LCD_LayerInit
    bsp.o(i.LowLevel_Init) refers to stm32f4xx_ltdc.o(i.LTDC_Cmd) for LTDC_Cmd
    bsp.o(i.LowLevel_Init) refers to stm32f429i_lcd_lib.o(i.LCD_SetLayer) for LCD_SetLayer
    bsp.o(i.LowLevel_Init) refers to rtc.o(i.RTC_Configuration) for RTC_Configuration
    bsp.o(i.LowLevel_Init) refers to stm32f4xx_rcc.o(i.RCC_AHB1PeriphClockCmd) for RCC_AHB1PeriphClockCmd
    main.o(i.main) refers to bsp.o(i.LowLevel_Init) for LowLevel_Init
    main.o(i.main) refers to automotivepanel.o(i.AutomotivePanel_Init) for AutomotivePanel_Init
    main.o(i.main) refers to tasks.o(i.vTaskStartScheduler) for vTaskStartScheduler
    stm32xxx_it.o(i.DMA2D_IRQHandler) refers to guidrv.o(i.DMA2D_ISR_Handler) for DMA2D_ISR_Handler
    stm32xxx_it.o(i.EXTI0_IRQHandler) refers to stm32f4xx_exti.o(i.EXTI_ClearITPendingBit) for EXTI_ClearITPendingBit
    stm32xxx_it.o(i.EXTI0_IRQHandler) refers to stm32xxx_it.o(.data) for ButtonPressed
    stm32xxx_it.o(i.LTDC_IRQHandler) refers to guidrv.o(i.LTDC_ISR_Handler) for LTDC_ISR_Handler
    stm32xxx_it.o(i.SysTick_Handler) refers to port_cm4.o(i.xPortSysTickHandler) for xPortSysTickHandler
    stm32xxx_it.o(i.TIM5_IRQHandler) refers to stm32f4xx_tim.o(i.TIM_GetITStatus) for TIM_GetITStatus
    stm32xxx_it.o(i.TIM5_IRQHandler) refers to stm32f4xx_tim.o(i.TIM_GetCapture4) for TIM_GetCapture4
    stm32xxx_it.o(i.TIM5_IRQHandler) refers to stm32f4xx_tim.o(i.TIM_ClearITPendingBit) for TIM_ClearITPendingBit
    stm32xxx_it.o(i.TIM5_IRQHandler) refers to rtc.o(.data) for CaptureNumber
    stm32xxx_it.o(i.TIM5_IRQHandler) refers to stm32xxx_it.o(.data) for tmpCC4
    stm32xxx_it.o(i.TimingDelay_Decrement) refers to stm32xxx_it.o(.data) for TimingDelay
    system_stm32f4xx.o(i.SystemCoreClockUpdate) refers to system_stm32f4xx.o(.data) for SystemCoreClock
    system_stm32f4xx.o(i.SystemInit) refers to system_stm32f4xx.o(i.SetSysClock) for SetSysClock
    startup_stm32f429_439xx.o(RESET) refers to startup_stm32f429_439xx.o(STACK) for __initial_sp
    startup_stm32f429_439xx.o(RESET) refers to startup_stm32f429_439xx.o(.text) for Reset_Handler
    startup_stm32f429_439xx.o(RESET) refers to stm32xxx_it.o(i.NMI_Handler) for NMI_Handler
    startup_stm32f429_439xx.o(RESET) refers to stm32xxx_it.o(i.HardFault_Handler) for HardFault_Handler
    startup_stm32f429_439xx.o(RESET) refers to stm32xxx_it.o(i.MemManage_Handler) for MemManage_Handler
    startup_stm32f429_439xx.o(RESET) refers to stm32xxx_it.o(i.BusFault_Handler) for BusFault_Handler
    startup_stm32f429_439xx.o(RESET) refers to stm32xxx_it.o(i.UsageFault_Handler) for UsageFault_Handler
    startup_stm32f429_439xx.o(RESET) refers to port_cm4.o(.emb_text) for vPortSVCHandler
    startup_stm32f429_439xx.o(RESET) refers to stm32xxx_it.o(i.DebugMon_Handler) for DebugMon_Handler
    startup_stm32f429_439xx.o(RESET) refers to stm32xxx_it.o(i.SysTick_Handler) for SysTick_Handler
    startup_stm32f429_439xx.o(RESET) refers to stm32xxx_it.o(i.EXTI0_IRQHandler) for EXTI0_IRQHandler
    startup_stm32f429_439xx.o(RESET) refers to proto.o(i.TIM2_IRQHandler) for TIM2_IRQHandler
    startup_stm32f429_439xx.o(RESET) refers to proto.o(i.USART1_IRQHandler) for USART1_IRQHandler
    startup_stm32f429_439xx.o(RESET) refers to rtc.o(i.RTC_Alarm_IRQHandler) for RTC_Alarm_IRQHandler
    startup_stm32f429_439xx.o(RESET) refers to stm32xxx_it.o(i.TIM5_IRQHandler) for TIM5_IRQHandler
    startup_stm32f429_439xx.o(RESET) refers to stm32xxx_it.o(i.DMA2_Stream1_IRQHandler) for DMA2_Stream1_IRQHandler
    startup_stm32f429_439xx.o(RESET) refers to stm32xxx_it.o(i.LTDC_IRQHandler) for LTDC_IRQHandler
    startup_stm32f429_439xx.o(RESET) refers to stm32xxx_it.o(i.DMA2D_IRQHandler) for DMA2D_IRQHandler
    startup_stm32f429_439xx.o(.text) refers to system_stm32f4xx.o(i.SystemInit) for SystemInit
    startup_stm32f429_439xx.o(.text) refers to entry.o(.ARM.Collect$$$$00000000) for __main
    rtc.o(i.GetLSIFrequency) refers to stm32f4xx_rcc.o(i.RCC_LSICmd) for RCC_LSICmd
    rtc.o(i.GetLSIFrequency) refers to stm32f4xx_rcc.o(i.RCC_GetFlagStatus) for RCC_GetFlagStatus
    rtc.o(i.GetLSIFrequency) refers to stm32f4xx_rcc.o(i.RCC_APB1PeriphClockCmd) for RCC_APB1PeriphClockCmd
    rtc.o(i.GetLSIFrequency) refers to stm32f4xx_tim.o(i.TIM_RemapConfig) for TIM_RemapConfig
    rtc.o(i.GetLSIFrequency) refers to stm32f4xx_tim.o(i.TIM_PrescalerConfig) for TIM_PrescalerConfig
    rtc.o(i.GetLSIFrequency) refers to stm32f4xx_tim.o(i.TIM_ICInit) for TIM_ICInit
    rtc.o(i.GetLSIFrequency) refers to misc.o(i.NVIC_Init) for NVIC_Init
[...]
    0x08001678   0x00000010   Code   RO         5578    i.GUI_ALLOC_AssignMemory  STemWin522_4x9i_CM4_OS_Keil.lib(gui_alloc.o)
    0x08001688   0x0000004c   Code   RO         5579    i.GUI_ALLOC_Free    STemWin522_4x9i_CM4_OS_Keil.lib(gui_alloc.o)
    0x080016d4   0x0000001c   Code   RO         5580    i.GUI_ALLOC_FreeFixedBlock  STemWin522_4x9i_CM4_OS_Keil.lib(gui_alloc.o)
    0x080016f0   0x000000b4   Code   RO         5583    i.GUI_ALLOC_GetFixedBlock  STemWin522_4x9i_CM4_OS_Keil.lib(gui_alloc.o)
    0x080017a4   0x0000002c   Code   RO         5591    i.GUI_ALLOC_LockH   STemWin522_4x9i_CM4_OS_Keil.lib(gui_alloc.o)
    0x080017d0   0x00000084   Code   RO         5592    i.GUI_ALLOC_RequestSize  STemWin522_4x9i_CM4_OS_Keil.lib(gui_alloc.o)
    0x08001854   0x00000030   Code   RO         5596    i.GUI_ALLOC_UnlockH  STemWin522_4x9i_CM4_OS_Keil.lib(gui_alloc.o)
    0x08001884   0x0000001c   Code   RO         5597    i.GUI_ALLOC_h2p     STemWin522_4x9i_CM4_OS_Keil.lib(gui_alloc.o)
    0x080018a0   0x000000d4   Code   RO         6037    i.GUI_AddDecShift   STemWin522_4x9i_CM4_OS_Keil.lib(gui_adddecshift.o)
    0x08001974   0x00000046   Code   RO         6350    i.GUI_CalcColorDist  STemWin522_4x9i_CM4_OS_Keil.lib(gui_calccolordist.o)
    0x080019ba   0x00000002   PAD
    0x080019bc   0x00000074   Code   RO         5637    i.GUI_Clear         STemWin522_4x9i_CM4_OS_Keil.lib(gui_core.o)
    0x08001a30   0x0000006c   Code   RO         5638    i.GUI_ClearRect     STemWin522_4x9i_CM4_OS_Keil.lib(gui_core.o)
    0x08001a9c   0x00000058   Code   RO         5664    i.GUI_DEVICE_Create  STemWin522_4x9i_CM4_OS_Keil.lib(gui_device.o)
    0x08001af4   0x00000070   Code   RO         5665    i.GUI_DEVICE_CreateAndLink  STemWin522_4x9i_CM4_OS_Keil.lib(gui_device.o)
    0x08001b64   0x00000004   Code   RO         5666    i.GUI_DEVICE_Delete  STemWin522_4x9i_CM4_OS_Keil.lib(gui_device.o)
    0x08001b68   0x000000a0   Code   RO         5667    i.GUI_DEVICE_Link   STemWin522_4x9i_CM4_OS_Keil.lib(gui_device.o)
    0x08001c08   0x00000090   Code   RO         5668    i.GUI_DEVICE_LinkDevices  STemWin522_4x9i_CM4_OS_Keil.lib(gui_device.o)
    0x08001c98   0x00000034   Code   RO         5669    i.GUI_DEVICE_Unlink  STemWin522_4x9i_CM4_OS_Keil.lib(gui_device.o)
    0x08001ccc   0x00000060   Code   RO         5670    i.GUI_DEVICE_UnlinkTaskDevices  STemWin522_4x9i_CM4_OS_Keil.lib(gui_device.o)
    0x08001d2c   0x00000028   Code   RO         5672    i.GUI_DEVICE__GetpDriver  STemWin522_4x9i_CM4_OS_Keil.lib(gui_device.o)
    0x08001d54   0x00000026   Code   RO         5744    i.GUI_DispDecAt     STemWin522_4x9i_CM4_OS_Keil.lib(gui_val.o)
    0x08001d7a   0x00000002   PAD
    0x08001d7c   0x00000114   Code   RO         6054    i.GUI_DispString    STemWin522_4x9i_CM4_OS_Keil.lib(gui_dispstring.o)
    0x08001e90   0x00000028   Code   RO         6056    i.GUI_DispStringAt  STemWin522_4x9i_CM4_OS_Keil.lib(gui_dispstringat.o)
    0x08001eb8   0x000000f4   Code   RO         5684    i.GUI_DrawBitmap    STemWin522_4x9i_CM4_OS_Keil.lib(gui_drawbitmap.o)
    0x08001fac   0x0000002c   Code   RO         5687    i.GUI_Exec          STemWin522_4x9i_CM4_OS_Keil.lib(gui_exec.o)
    0x08001fd8   0x00000014   Code   RO         5822    i.GUI_GetBitsPerPixelEx  STemWin522_4x9i_CM4_OS_Keil.lib(lcd_getex.o)
    0x08001fec   0x00000018   Code   RO         6395    i.GUI_GetBkColor    STemWin522_4x9i_CM4_OS_Keil.lib(gui_getcolor.o)
    0x08002004   0x00000024   Code   RO         6354    i.GUI_GetCharDistX  STemWin522_4x9i_CM4_OS_Keil.lib(gui_char.o)
    0x08002028   0x00000028   Code   RO         6355    i.GUI_GetCharDistXEx  STemWin522_4x9i_CM4_OS_Keil.lib(gui_char.o)
    0x08002050   0x00000018   Code   RO         6397    i.GUI_GetColor      STemWin522_4x9i_CM4_OS_Keil.lib(gui_getcolor.o)
    0x08002068   0x00000018   Code   RO         5691    i.GUI_GetDrawMode   STemWin522_4x9i_CM4_OS_Keil.lib(gui_getdrawmode.o)
    0x08002080   0x0000001c   Code   RO         6356    i.GUI_GetFontDistY  STemWin522_4x9i_CM4_OS_Keil.lib(gui_char.o)
    0x0800209c   0x00000026   Code   RO         5720    i.GUI_GetLayerPosEx  STemWin522_4x9i_CM4_OS_Keil.lib(gui_selectlayer.o)
    0x080020c2   0x00000002   PAD
    0x080020c4   0x0000002c   Code   RO         6403    i.GUI_GetOrg        STemWin522_4x9i_CM4_OS_Keil.lib(gui_getorg.o)
    0x080020f0   0x0000003c   Code   RO         6357    i.GUI_GetYAdjust    STemWin522_4x9i_CM4_OS_Keil.lib(gui_char.o)
    0x0800212c   0x00000010   Code   RO         5823    i.GUI_GetpfColor2IndexEx  STemWin522_4x9i_CM4_OS_Keil.lib(lcd_getex.o)
    0x0800213c   0x00000010   Code   RO         5824    i.GUI_GetpfIndex2ColorEx  STemWin522_4x9i_CM4_OS_Keil.lib(lcd_getex.o)
    0x0800214c   0x00000020   Code   RO         6073    i.GUI_GotoXY        STemWin522_4x9i_CM4_OS_Keil.lib(gui_goto.o)
    0x0800216c   0x000000fc   Code   RO         5640    i.GUI_Init          STemWin522_4x9i_CM4_OS_Keil.lib(gui_core.o)
    0x08002268   0x0000008c   Code   RO         6090    i.GUI_Lock          STemWin522_4x9i_CM4_OS_Keil.lib(gui_task.o)
    0x080022f4   0x00000030   Code   RO         6191    i.GUI_MEASDEV_ClearRect  STemWin522_4x9i_CM4_OS_Keil.lib(guidev_measure.o)
    0x08002324   0x00000084   Code   RO         6192    i.GUI_MEASDEV_Create  STemWin522_4x9i_CM4_OS_Keil.lib(guidev_measure.o)
    0x080023a8   0x00000044   Code   RO         6193    i.GUI_MEASDEV_Delete  STemWin522_4x9i_CM4_OS_Keil.lib(guidev_measure.o)
    0x080023ec   0x00000036   Code   RO         6194    i.GUI_MEASDEV_GetRect  STemWin522_4x9i_CM4_OS_Keil.lib(guidev_measure.o)
    0x08002422   0x00000002   PAD
    0x08002424   0x00000044   Code   RO         6195    i.GUI_MEASDEV_Select  STemWin522_4x9i_CM4_OS_Keil.lib(guidev_measure.o)
    0x08002468   0x0000004c   Code   RO         6488    i.GUI_MEMDEV_Clear  STemWin522_4x9i_CM4_OS_Keil.lib(guidev_clear.o)
    0x080024b4   0x0000000c   Code   RO         6468    i.GUI_MEMDEV_CopyToLCD  STemWin522_4x9i_CM4_OS_Keil.lib(guidev.o)
    0x080024c0   0x000000f8   Code   RO         6469    i.GUI_MEMDEV_CopyToLCDAt  STemWin522_4x9i_CM4_OS_Keil.lib(guidev.o)
    0x080025b8   0x00000008   Code   RO         6005    i.GUI_MEMDEV_CreateAuto  STemWin522_4x9i_CM4_OS_Keil.lib(guidev_auto.o)
    0x080025c0   0x00000088   Code   RO         6471    i.GUI_MEMDEV_CreateEx  STemWin522_4x9i_CM4_OS_Keil.lib(guidev.o)
    0x08002648   0x0000004c   Code   RO         6472    i.GUI_MEMDEV_Delete  STemWin522_4x9i_CM4_OS_Keil.lib(guidev.o)
    0x08002694   0x00000140   Code   RO         6186    i.GUI_MEMDEV_Draw   STemWin522_4x9i_CM4_OS_Keil.lib(guidev_banding.o)
    0x080027d4   0x000000b8   Code   RO         6007    i.GUI_MEMDEV_DrawAuto  STemWin522_4x9i_CM4_OS_Keil.lib(guidev_auto.o)
    0x0800288c   0x00000032   Code   RO         6473    i.GUI_MEMDEV_GetBitsPerPixel  STemWin522_4x9i_CM4_OS_Keil.lib(guidev.o)
    0x080028be   0x00000022   Code   RO         6764    i.GUI_MEMDEV_GetDataPtr  STemWin522_4x9i_CM4_OS_Keil.lib(guidev_getdataptr.o)
    0x080028e0   0x00000034   Code   RO         6490    i.GUI_MEMDEV_GetYSize  STemWin522_4x9i_CM4_OS_Keil.lib(guidev_getysize.o)
    0x08002914   0x00000014   Code   RO         6500    i.GUI_MEMDEV_Paint1Static  STemWin522_4x9i_CM4_OS_Keil.lib(guidev_staticdevices.o)
    0x08002928   0x0000003c   Code   RO         6492    i.GUI_MEMDEV_ReduceYSize  STemWin522_4x9i_CM4_OS_Keil.lib(guidev_reduceysize.o)
    0x08002964   0x0000005c   Code   RO         6475    i.GUI_MEMDEV_Select  STemWin522_4x9i_CM4_OS_Keil.lib(guidev.o)
    0x080029c0   0x00000070   Code   RO         6494    i.GUI_MEMDEV_SetOrg  STemWin522_4x9i_CM4_OS_Keil.lib(guidev_setorg.o)
    0x08002a30   0x00000064   Code   RO         6785    i.GUI_MEMDEV_Write  STemWin522_4x9i_CM4_OS_Keil.lib(guidev_write.o)
    0x08002a94   0x00000100   Code   RO         6476    i.GUI_MEMDEV__CreateFixed  STemWin522_4x9i_CM4_OS_Keil.lib(guidev.o)
    0x08002b94   0x00000120   Code   RO         6899    i.GUI_MEMDEV__WriteToActiveAlpha  STemWin522_4x9i_CM4_OS_Keil.lib(guidev_writetoactivealpha.o)
    0x08002cb4   0x00000032   Code   RO         6477    i.GUI_MEMDEV__WriteToActiveAt  STemWin522_4x9i_CM4_OS_Keil.lib(guidev.o)
    0x08002ce6   0x00000002   PAD
    0x08002ce8   0x00000760   Code   RO         6519    i.GUI_MEMDEV__WriteToActiveOpaque  STemWin522_4x9i_CM4_OS_Keil.lib(guidev_writetoactiveopaque.o)
    0x08003448   0x00000034   Code   RO         5698    i.GUI_MULTIBUF_ConfirmEx  STemWin522_4x9i_CM4_OS_Keil.lib(gui_multibuf.o)
    0x0800347c   0x00000060   Code   RO         6078    i.GUI_MergeRect     STemWin522_4x9i_CM4_OS_Keil.lib(gui_mergerect.o)
    0x080034dc   0x00000020   Code   RO         6407    i.GUI_MoveRect      STemWin522_4x9i_CM4_OS_Keil.lib(gui_moverect.o)
    0x080034fc   0x00000040   Code   RO         6412    i.GUI_PollKeyMsg    STemWin522_4x9i_CM4_OS_Keil.lib(gui_onkey.o)
    0x0800353c   0x00000070   Code   RO         6146    i.GUI_ReadRectEx    STemWin522_4x9i_CM4_OS_Keil.lib(lcd_readrect.o)
    0x080035ac   0x00000038   Code   RO         6425    i.GUI_RectsIntersect  STemWin522_4x9i_CM4_OS_Keil.lib(gui_rectsintersect.o)
    0x080035e4   0x00000010   Code   RO         6427    i.GUI_RestoreContext  STemWin522_4x9i_CM4_OS_Keil.lib(gui_savecontext.o)
    0x080035f4   0x00000074   Code   RO         5716    i.GUI_RotatePolygon  STemWin522_4x9i_CM4_OS_Keil.lib(gui_polyrotate.o)
    0x08003668   0x00000010   Code   RO         6428    i.GUI_SaveContext_W  STemWin522_4x9i_CM4_OS_Keil.lib(gui_savecontext.o)
    0x08003678   0x0000001a   Code   RO         6080    i.GUI_SelectLCD     STemWin522_4x9i_CM4_OS_Keil.lib(gui_selectlcd.o)
    0x08003692   0x00000002   PAD
    0x08003694   0x00000030   Code   RO         5721    i.GUI_SelectLayer   STemWin522_4x9i_CM4_OS_Keil.lib(gui_selectlayer.o)
    0x080036c4   0x00000016   Code   RO         5735    i.GUI_SetBkColor    STemWin522_4x9i_CM4_OS_Keil.lib(gui_setcolor.o)
    0x080036da   0x00000016   Code   RO         5736    i.GUI_SetColor      STemWin522_4x9i_CM4_OS_Keil.lib(gui_setcolor.o)
    0x080036f0   0x00000018   Code   RO         6082    i.GUI_SetDrawMode   STemWin522_4x9i_CM4_OS_Keil.lib(gui_setdrawmode.o)
    0x08003708   0x00000020   Code   RO         5739    i.GUI_SetFont       STemWin522_4x9i_CM4_OS_Keil.lib(gui_setfont.o)
    0x08003728   0x0000000c   Code   RO         5556    i.GUI_SetFuncAlphaBlending  STemWin522_4x9i_CM4_OS_Keil.lib(gui__alpha.o)
    0x08003734   0x0000000c   Code   RO         5642    i.GUI_SetFuncGetpPalConvTable  STemWin522_4x9i_CM4_OS_Keil.lib(gui_core.o)
    0x08003740   0x0000000c   Code   RO         5557    i.GUI_SetFuncMixColors  STemWin522_4x9i_CM4_OS_Keil.lib(gui__alpha.o)
    0x0800374c   0x0000000c   Code   RO         5558    i.GUI_SetFuncMixColorsBulk  STemWin522_4x9i_CM4_OS_Keil.lib(gui__alpha.o)
    0x08003758   0x0000001c   Code   RO         6679    i.GUI_SetLineStyle  STemWin522_4x9i_CM4_OS_Keil.lib(gui_setlinestyle.o)
    0x08003774   0x00000040   Code   RO         6084    i.GUI_SetOrg        STemWin522_4x9i_CM4_OS_Keil.lib(gui_setorg.o)
    0x080037b4   0x0000001c   Code   RO         6612    i.GUI_SetPenSize    STemWin522_4x9i_CM4_OS_Keil.lib(gui_pen.o)
    0x080037d0   0x00000020   Code   RO         6681    i.GUI_SetTextAlign  STemWin522_4x9i_CM4_OS_Keil.lib(gui_settextalign.o)
    0x080037f0   0x00000020   Code   RO         5741    i.GUI_SetTextMode   STemWin522_4x9i_CM4_OS_Keil.lib(gui_settextmode.o)
    0x08003810   0x00000010   Code   RO         6452    i.GUI_SignalEvent   STemWin522_4x9i_CM4_OS_Keil.lib(gui_waitevent.o)
    0x08003820   0x00000014   Code   RO         6414    i.GUI_StoreKey      STemWin522_4x9i_CM4_OS_Keil.lib(gui_onkey.o)
    0x08003834   0x000000bc   Code   RO         6688    i.GUI_TIMER_Delete  STemWin522_4x9i_CM4_OS_Keil.lib(gui_timer.o)
    0x080038f0   0x00000030   Code   RO         6690    i.GUI_TIMER_GetFlag  STemWin522_4x9i_CM4_OS_Keil.lib(gui_timer.o)
    0x08003920   0x00000028   Code   RO         6696    i.GUI_TIMER__GetFirstTimer  STemWin522_4x9i_CM4_OS_Keil.lib(gui_timer.o)
    0x08003948   0x00000036   Code   RO         6698    i.GUI_TIMER__GetNextTimerLin  STemWin522_4x9i_CM4_OS_Keil.lib(gui_timer.o)
    0x0800397e   0x00000002   PAD
    0x08003980   0x0000002c   Code   RO         6439    i.GUI_UC__GetCharCodeInc  STemWin522_4x9i_CM4_OS_Keil.lib(gui_uc.o)
    0x080039ac   0x0000002c   Code   RO         6441    i.GUI_UC__NumChars2NumBytes  STemWin522_4x9i_CM4_OS_Keil.lib(gui_uc.o)
    0x080039d8   0x00000028   Code   RO         6513    i.GUI_USAGE_AddRect  STemWin522_4x9i_CM4_OS_Keil.lib(guidev_usage.o)
    0x08003a00   0x00000078   Code   RO         6772    i.GUI_USAGE_BM_AddHLine  STemWin522_4x9i_CM4_OS_Keil.lib(guidev_usagebm.o)
    0x08003a78   0x0000002e   Code   RO         6773    i.GUI_USAGE_BM_AddPixel  STemWin522_4x9i_CM4_OS_Keil.lib(guidev_usagebm.o)
    0x08003aa6   0x0000000e   Code   RO         6774    i.GUI_USAGE_BM_Clear  STemWin522_4x9i_CM4_OS_Keil.lib(guidev_usagebm.o)
    0x08003ab4   0x0000005c   Code   RO         6775    i.GUI_USAGE_BM_Create  STemWin522_4x9i_CM4_OS_Keil.lib(guidev_usagebm.o)
    0x08003b10   0x000000ce   Code   RO         6776    i.GUI_USAGE_BM_GetNextDirty  STemWin522_4x9i_CM4_OS_Keil.lib(guidev_usagebm.o)
    0x08003bde   0x0000002e   Code   RO         6514    i.GUI_USAGE_DecUseCnt  STemWin522_4x9i_CM4_OS_Keil.lib(guidev_usage.o)
    0x08003c0c   0x00000014   Code   RO         6091    i.GUI_Unlock        STemWin522_4x9i_CM4_OS_Keil.lib(gui_task.o)
    0x08003c20   0x00000014   Code   RO          640    i.GUI_X_Config      guiconf.o
    0x08003c34   0x00000002   Code   RO          664    i.GUI_X_ExecIdle    gui_x_freertos.o
    0x08003c36   0x00000008   Code   RO          665    i.GUI_X_GetTaskId   gui_x_freertos.o
    0x08003c3e   0x00000002   Code   RO          667    i.GUI_X_Init        gui_x_freertos.o
    0x08003c40   0x00000038   Code   RO          668    i.GUI_X_InitOS      gui_x_freertos.o
    0x08003c78   0x00000020   Code   RO          669    i.GUI_X_Lock        gui_x_freertos.o
    0x08003c98   0x00000018   Code   RO          672    i.GUI_X_Unlock      gui_x_freertos.o
    0x08003cb0   0x0000001a   Code   RO         5559    i.GUI__AllocAlphaBuffer  STemWin522_4x9i_CM4_OS_Keil.lib(gui__alpha.o)
    0x08003cca   0x00000002   PAD
    0x08003ccc   0x00000028   Code   RO         6630    i.GUI__AlphaSuppressMixing  STemWin522_4x9i_CM4_OS_Keil.lib(gui_setalpha.o)
    0x08003cf4   0x00000194   Code   RO         6573    i.GUI__CompactPixelIndices  STemWin522_4x9i_CM4_OS_Keil.lib(gui__compactpixelindices.o)
    0x08003e88   0x00000174   Code   RO         6574    i.GUI__CompactPixelIndicesEx  STemWin522_4x9i_CM4_OS_Keil.lib(gui__compactpixelindices.o)
    0x08003ffc   0x00000090   Code   RO         6030    i.GUI__CosHQ        STemWin522_4x9i_CM4_OS_Keil.lib(gui__sinhq.o)
    0x0800408c   0x0000019c   Code   RO         6364    i.GUI__DispLine     STemWin522_4x9i_CM4_OS_Keil.lib(gui_charline.o)
    0x08004228   0x00000220   Code   RO         5560    i.GUI__DoAlphaBlending  STemWin522_4x9i_CM4_OS_Keil.lib(gui__alpha.o)
    0x08004448   0x00000162   Code   RO         6025    i.GUI__ExpandPixelIndicesEx  STemWin522_4x9i_CM4_OS_Keil.lib(gui__expandpixelindices.o)
    0x080045aa   0x00000002   PAD
    0x080045ac   0x00000098   Code   RO         5561    i.GUI__GetAlphaBuffer  STemWin522_4x9i_CM4_OS_Keil.lib(gui__alpha.o)
    0x08004644   0x00000074   Code   RO         6365    i.GUI__GetLineDistX  STemWin522_4x9i_CM4_OS_Keil.lib(gui_charline.o)
    0x080046b8   0x00000044   Code   RO         6366    i.GUI__GetLineNumChars  STemWin522_4x9i_CM4_OS_Keil.lib(gui_charline.o)
    0x080046fc   0x00000018   Code   RO         6367    i.GUI__GetOverlap   STemWin522_4x9i_CM4_OS_Keil.lib(gui_charline.o)
    0x08004714   0x00000042   Code   RO         6337    i.GUI__IntersectRect  STemWin522_4x9i_CM4_OS_Keil.lib(gui__intersectrect.o)
    0x08004756   0x00000052   Code   RO         6339    i.GUI__IntersectRects  STemWin522_4x9i_CM4_OS_Keil.lib(gui__intersectrects.o)
    0x080047a8   0x00000010   Code   RO         6341    i.GUI__ManageCache  STemWin522_4x9i_CM4_OS_Keil.lib(gui__managecache.o)
    0x080047b8   0x000000bc   Code   RO         6342    i.GUI__ManageCacheEx  STemWin522_4x9i_CM4_OS_Keil.lib(gui__managecache.o)
    0x08004874   0x0000006c   Code   RO         5562    i.GUI__MixColors    STemWin522_4x9i_CM4_OS_Keil.lib(gui__alpha.o)
    0x080048e0   0x000000cc   Code   RO         5563    i.GUI__MixColorsBulk  STemWin522_4x9i_CM4_OS_Keil.lib(gui__alpha.o)
    0x080049ac   0x00000010   Code   RO         5644    i.GUI__RegisterExit  STemWin522_4x9i_CM4_OS_Keil.lib(gui_core.o)
    0x080049bc   0x00000088   Code   RO         6031    i.GUI__SinHQ        STemWin522_4x9i_CM4_OS_Keil.lib(gui__sinhq.o)
    0x08004a44   0x000000ba   Code   RO         6028    i.GUI__memset       STemWin522_4x9i_CM4_OS_Keil.lib(gui__memset.o)
    0x08004afe   0x00000094   Code   RO         6346    i.GUI__memset16     STemWin522_4x9i_CM4_OS_Keil.lib(gui__memset16.o)
    0x08004b92   0x00000002   PAD
    0x08004b94   0x000000e0   Code   RO          536    i.GetLSIFrequency   rtc.o
    0x08004c74   0x00000004   Code   RO          381    i.HardFault_Handler  stm32xxx_it.o
    0x08004c78   0x00000020   Code   RO         6131    i.LCD_AA_MixColors  STemWin522_4x9i_CM4_OS_Keil.lib(lcd_aa.o)
    0x08004c98   0x00000010   Code   RO         6132    i.LCD_AA_SetAndMask  STemWin522_4x9i_CM4_OS_Keil.lib(lcd_aa.o)
    0x08004ca8   0x000001b4   Code   RO         4222    i.LCD_AF_GPIOConfig  stm32f429i_lcd_lib.o
    0x08004e5c   0x00000020   Code   RO         4223    i.LCD_ChipSelect    stm32f429i_lcd_lib.o
    0x08004e7c   0x0000001c   Code   RO         5769    i.LCD_Color2Index   STemWin522_4x9i_CM4_OS_Keil.lib(lcd.o)
    0x08004e98   0x0000006c   Code   RO         5484    i.LCD_Color2Index_8666  STemWin522_4x9i_CM4_OS_Keil.lib(guicc_8666.o)
    0x08004f04   0x0000003c   Code   RO         4228    i.LCD_CtrlLinesConfig  stm32f429i_lcd_lib.o
    0x08004f40   0x00000014   Code   RO         4229    i.LCD_CtrlLinesWrite  stm32f429i_lcd_lib.o
    0x08004f54   0x0000027c   Code   RO         5770    i.LCD_DrawBitmap    STemWin522_4x9i_CM4_OS_Keil.lib(lcd.o)
    0x080051d0   0x00000058   Code   RO         5771    i.LCD_DrawHLine     STemWin522_4x9i_CM4_OS_Keil.lib(lcd.o)
    0x08005228   0x00000070   Code   RO         5772    i.LCD_DrawPixel     STemWin522_4x9i_CM4_OS_Keil.lib(lcd.o)
    0x08005298   0x00000064   Code   RO         5774    i.LCD_FillRect      STemWin522_4x9i_CM4_OS_Keil.lib(lcd.o)
    0x080052fc   0x0000001e   Code   RO         5826    i.LCD_GetBitsPerPixelEx  STemWin522_4x9i_CM4_OS_Keil.lib(lcd_getex.o)
    0x0800531a   0x00000002   PAD
    0x0800531c   0x00000010   Code   RO         6729    i.LCD_GetBkColorIndex  STemWin522_4x9i_CM4_OS_Keil.lib(lcd_getcolorindex.o)
    0x0800532c   0x00000010   Code   RO         6730    i.LCD_GetColorIndex  STemWin522_4x9i_CM4_OS_Keil.lib(lcd_getcolorindex.o)
    0x0800533c   0x00000018   Code   RO         5828    i.LCD_GetDevFunc    STemWin522_4x9i_CM4_OS_Keil.lib(lcd_getex.o)
    0x08005354   0x0000001e   Code   RO         5830    i.LCD_GetMirrorXEx  STemWin522_4x9i_CM4_OS_Keil.lib(lcd_getex.o)
    0x08005372   0x0000001e   Code   RO         5832    i.LCD_GetMirrorYEx  STemWin522_4x9i_CM4_OS_Keil.lib(lcd_getex.o)
    0x08005390   0x00000028   Code   RO         5833    i.LCD_GetNumColors  STemWin522_4x9i_CM4_OS_Keil.lib(lcd_getex.o)
    0x080053b8   0x0000001e   Code   RO         5834    i.LCD_GetNumColorsEx  STemWin522_4x9i_CM4_OS_Keil.lib(lcd_getex.o)
    0x080053d6   0x0000001c   Code   RO         6142    i.LCD_GetNumLayers  STemWin522_4x9i_CM4_OS_Keil.lib(lcd_getnumdisplays.o)
    0x080053f2   0x00000002   PAD
    0x080053f4   0x00000024   Code   RO         5835    i.LCD_GetPalette    STemWin522_4x9i_CM4_OS_Keil.lib(lcd_getex.o)
    0x08005418   0x0000000e   Code   RO         6460    i.LCD_GetPixelColor  STemWin522_4x9i_CM4_OS_Keil.lib(lcd_getpixelcolor.o)
    0x08005426   0x00000002   PAD
    0x08005428   0x00000060   Code   RO         6734    i.LCD_GetPixelIndex  STemWin522_4x9i_CM4_OS_Keil.lib(lcd_getp.o)
    0x08005488   0x0000002c   Code   RO         5897    i.LCD_GetPosEx      STemWin522_4x9i_CM4_OS_Keil.lib(lcd_set.o)
    0x080054b4   0x0000001e   Code   RO         5838    i.LCD_GetSwapXYEx   STemWin522_4x9i_CM4_OS_Keil.lib(lcd_getex.o)
    0x080054d2   0x0000001e   Code   RO         5840    i.LCD_GetVXSizeEx   STemWin522_4x9i_CM4_OS_Keil.lib(lcd_getex.o)
    0x080054f0   0x00000032   Code   RO         5841    i.LCD_GetVXSizeMax  STemWin522_4x9i_CM4_OS_Keil.lib(lcd_getex.o)
    0x08005522   0x0000001e   Code   RO         5843    i.LCD_GetVYSizeEx   STemWin522_4x9i_CM4_OS_Keil.lib(lcd_getex.o)
    0x08005540   0x00000028   Code   RO         5847    i.LCD_GetXSize      STemWin522_4x9i_CM4_OS_Keil.lib(lcd_getex.o)
    0x08005568   0x0000001e   Code   RO         5848    i.LCD_GetXSizeEx    STemWin522_4x9i_CM4_OS_Keil.lib(lcd_getex.o)
    0x08005586   0x00000002   PAD
    0x08005588   0x00000028   Code   RO         5852    i.LCD_GetYSize      STemWin522_4x9i_CM4_OS_Keil.lib(lcd_getex.o)
    0x080055b0   0x0000001e   Code   RO         5853    i.LCD_GetYSizeEx    STemWin522_4x9i_CM4_OS_Keil.lib(lcd_getex.o)
    0x080055ce   0x00000002   PAD
    0x080055d0   0x0000005c   Code   RO         5807    i.LCD_GetpPalConvTable  STemWin522_4x9i_CM4_OS_Keil.lib(lcd_color.o)
    0x0800562c   0x0000005c   Code   RO         5808    i.LCD_GetpPalConvTableBM  STemWin522_4x9i_CM4_OS_Keil.lib(lcd_color.o)
    0x08005688   0x00000050   Code   RO         5809    i.LCD_GetpPalConvTableUncached  STemWin522_4x9i_CM4_OS_Keil.lib(lcd_color.o)
    0x080056d8   0x0000001c   Code   RO         5775    i.LCD_Index2Color   STemWin522_4x9i_CM4_OS_Keil.lib(lcd.o)
    0x080056f4   0x00000070   Code   RO         5485    i.LCD_Index2Color_8666  STemWin522_4x9i_CM4_OS_Keil.lib(guicc_8666.o)
    0x08005764   0x00000002   Code   RO         6125    i.LCD_Index2Color_888  STemWin522_4x9i_CM4_OS_Keil.lib(guicc_888_index2color.o)
    0x08005766   0x00000002   Code   RO         6123    i.LCD_Index2Color_8888  STemWin522_4x9i_CM4_OS_Keil.lib(guicc_8888_index2color.o)
    0x08005768   0x0000002c   Code   RO         6127    i.LCD_Index2Color_M565  STemWin522_4x9i_CM4_OS_Keil.lib(guicc_m565_index2color.o)
    0x08005794   0x00000014   Code   RO         6129    i.LCD_Index2Color_M888  STemWin522_4x9i_CM4_OS_Keil.lib(guicc_m888_index2color.o)
    0x080057a8   0x00000096   Code   RO         4247    i.LCD_Init          stm32f429i_lcd_lib.o
    0x0800583e   0x00000002   PAD
    0x08005840   0x00000038   Code   RO         5810    i.LCD_InitColors    STemWin522_4x9i_CM4_OS_Keil.lib(lcd_color.o)
    0x08005878   0x0000007c   Code   RO         5811    i.LCD_InitLUT       STemWin522_4x9i_CM4_OS_Keil.lib(lcd_color.o)
    0x080058f4   0x000000a4   Code   RO         4248    i.LCD_LayerInit     stm32f429i_lcd_lib.o
    0x08005998   0x000001c8   Code   RO         6148    i.LCD_ReadRectEx    STemWin522_4x9i_CM4_OS_Keil.lib(lcd_readrect.o)
    0x08005b60   0x00000044   Code   RO         6462    i.LCD_SelectLCD     STemWin522_4x9i_CM4_OS_Keil.lib(lcd_selectlcd.o)
    0x08005ba4   0x0000000c   Code   RO         5776    i.LCD_SetBkColor    STemWin522_4x9i_CM4_OS_Keil.lib(lcd.o)
    0x08005bb0   0x00000018   Code   RO         5777    i.LCD_SetBkColorIndex  STemWin522_4x9i_CM4_OS_Keil.lib(lcd.o)
    0x08005bc8   0x00000034   Code   RO         6464    i.LCD_SetClipRectEx  STemWin522_4x9i_CM4_OS_Keil.lib(lcd_setcliprectex.o)
    0x08005bfc   0x0000001c   Code   RO         5778    i.LCD_SetClipRectMax  STemWin522_4x9i_CM4_OS_Keil.lib(lcd.o)
    0x08005c18   0x0000000c   Code   RO         5779    i.LCD_SetColor      STemWin522_4x9i_CM4_OS_Keil.lib(lcd.o)
    0x08005c24   0x00000018   Code   RO         5780    i.LCD_SetColorIndex  STemWin522_4x9i_CM4_OS_Keil.lib(lcd.o)
    0x08005c3c   0x0000002c   Code   RO         5908    i.LCD_SetDevFunc    STemWin522_4x9i_CM4_OS_Keil.lib(lcd_set.o)
    0x08005c68   0x0000000c   Code   RO         5781    i.LCD_SetDrawMode   STemWin522_4x9i_CM4_OS_Keil.lib(lcd.o)
    0x08005c74   0x0000000c   Code   RO         4258    i.LCD_SetFont       stm32f429i_lcd_lib.o
    0x08005c80   0x0000002c   Code   RO         5910    i.LCD_SetLUTEntryEx  STemWin522_4x9i_CM4_OS_Keil.lib(lcd_set.o)
    0x08005cac   0x0000002c   Code   RO         4259    i.LCD_SetLayer      stm32f429i_lcd_lib.o
    0x08005cd8   0x000000b8   Code   RO         6133    i.LCD_SetPixelAA    STemWin522_4x9i_CM4_OS_Keil.lib(lcd_aa.o)
    0x08005d90   0x000000b4   Code   RO         6135    i.LCD_SetPixelAA_Xor  STemWin522_4x9i_CM4_OS_Keil.lib(lcd_aa.o)
    0x08005e44   0x0000002c   Code   RO         5914    i.LCD_SetSizeEx     STemWin522_4x9i_CM4_OS_Keil.lib(lcd_set.o)
    0x08005e70   0x00000028   Code   RO         5916    i.LCD_SetVRAMAddrEx  STemWin522_4x9i_CM4_OS_Keil.lib(lcd_set.o)
    0x08005e98   0x0000002c   Code   RO         5918    i.LCD_SetVSizeEx    STemWin522_4x9i_CM4_OS_Keil.lib(lcd_set.o)
    0x08005ec4   0x00000024   Code   RO         6466    i.LCD_UpdateColorIndices  STemWin522_4x9i_CM4_OS_Keil.lib(lcd_updatecolorindices.o)
    0x08005ee8   0x00000168   Code   RO         4594    i.LCD_X_Config      guidrv.o
    0x08006050   0x00000144   Code   RO         4595    i.LCD_X_DisplayDriver  guidrv.o
    0x08006194   0x000001fc   Code   RO         5782    i.LCD__DrawBitmap_1bpp  STemWin522_4x9i_CM4_OS_Keil.lib(lcd.o)
    0x08006390   0x00000090   Code   RO         5858    i.LCD__GetBPPDevice  STemWin522_4x9i_CM4_OS_Keil.lib(lcd_getex.o)
    0x08006420   0x00000024   Code   RO         2010    i.LTDC_Cmd          stm32f4xx_ltdc.o
    0x08006444   0x00000024   Code   RO         2014    i.LTDC_DitherCmd    stm32f4xx_ltdc.o
    0x08006468   0x00000008   Code   RO          382    i.LTDC_IRQHandler   stm32xxx_it.o
    0x08006470   0x000000a8   Code   RO         4596    i.LTDC_ISR_Handler  guidrv.o
    0x08006518   0x00000020   Code   RO         2020    i.LTDC_ITConfig     stm32f4xx_ltdc.o
    0x08006538   0x00000188   Code   RO         2021    i.LTDC_Init         stm32f4xx_ltdc.o
    0x080066c0   0x00000016   Code   RO         2025    i.LTDC_LayerCmd     stm32f4xx_ltdc.o
    0x080066d6   0x00000114   Code   RO         2026    i.LTDC_LayerInit    stm32f4xx_ltdc.o
    0x080067ea   0x00000002   PAD
    0x080067ec   0x0000000c   Code   RO         2033    i.LTDC_ReloadConfig  stm32f4xx_ltdc.o
    0x080067f8   0x0000002a   Code   RO            4    i.LowLevel_Init     bsp.o
    0x08006822   0x00000004   Code   RO          383    i.MemManage_Handler  stm32xxx_it.o
    0x08006826   0x00000002   Code   RO          384    i.NMI_Handler       stm32xxx_it.o
    0x08006828   0x00000016   Code   RO         4597    i.NVIC_EnableIRQ    guidrv.o
    0x0800683e   0x00000002   PAD
    0x08006840   0x00000078   Code   RO          751    i.NVIC_Init         misc.o
    0x080068b8   0x00000028   Code   RO         4598    i.NVIC_SetPriority  guidrv.o
    0x080068e0   0x0000000c   Code   RO         2203    i.PWR_BackupAccessCmd  stm32f4xx_pwr.o
    0x080068ec   0x00000020   Code   RO         2317    i.RCC_AHB1PeriphClockCmd  stm32f4xx_rcc.o
    0x0800690c   0x00000020   Code   RO         2323    i.RCC_AHB3PeriphClockCmd  stm32f4xx_rcc.o
    0x0800692c   0x00000020   Code   RO         2326    i.RCC_APB1PeriphClockCmd  stm32f4xx_rcc.o
    0x0800694c   0x00000020   Code   RO         2328    i.RCC_APB1PeriphResetCmd  stm32f4xx_rcc.o
    0x0800696c   0x00000020   Code   RO         2329    i.RCC_APB2PeriphClockCmd  stm32f4xx_rcc.o
    0x0800698c   0x00000020   Code   RO         2331    i.RCC_APB2PeriphResetCmd  stm32f4xx_rcc.o
    0x080069ac   0x00000040   Code   RO         2339    i.RCC_GetFlagStatus  stm32f4xx_rcc.o
    0x080069ec   0x0000000c   Code   RO         2348    i.RCC_LSICmd        stm32f4xx_rcc.o
    0x080069f8   0x00000018   Code   RO         2349    i.RCC_LTDCCLKDivConfig  stm32f4xx_rcc.o
    0x08006a10   0x0000000c   Code   RO         2358    i.RCC_PLLSAICmd     stm32f4xx_rcc.o
    0x08006a1c   0x00000018   Code   RO         2359    i.RCC_PLLSAIConfig  stm32f4xx_rcc.o
    0x08006a34   0x0000000c   Code   RO         2360    i.RCC_RTCCLKCmd     stm32f4xx_rcc.o
    0x08006a40   0x0000003c   Code   RO         2361    i.RCC_RTCCLKConfig  stm32f4xx_rcc.o
    0x08006a7c   0x00000038   Code   RO          537    i.RTC_Alarm_IRQHandler  rtc.o
    0x08006ab4   0x00000020   Code   RO         2658    i.RTC_ClearITPendingBit  stm32f4xx_rtc.o
    0x08006ad4   0x00000088   Code   RO          538    i.RTC_Configuration  rtc.o
    0x08006b5c   0x00000050   Code   RO         2664    i.RTC_EnterInitMode  stm32f4xx_rtc.o
    0x08006bac   0x00000014   Code   RO         2665    i.RTC_ExitInitMode  stm32f4xx_rtc.o
    0x08006bc0   0x00000040   Code   RO         2670    i.RTC_GetITStatus   stm32f4xx_rtc.o
    0x08006c00   0x00000064   Code   RO         2678    i.RTC_Init          stm32f4xx_rtc.o
    0x08006c64   0x00000060   Code   RO         2701    i.RTC_WaitForSynchro  stm32f4xx_rtc.o
    0x08006cc4   0x000001f4   Code   RO         3993    i.SDRAM_GPIOConfig  stm32f429i_sdram_lib.o
    0x08006eb8   0x00000068   Code   RO         3994    i.SDRAM_Init        stm32f429i_sdram_lib.o
    0x08006f20   0x000000c8   Code   RO         3995    i.SDRAM_InitSequence  stm32f429i_sdram_lib.o
    0x08006fe8   0x00000018   Code   RO         4518    i.STM_EVAL_LEDOn    stm32f429i_lib.o
    0x08007000   0x0000003a   Code   RO         5340    i.ScaleFilter       automotivepanel.o
    0x0800703a   0x00000002   PAD
    0x0800703c   0x000000ec   Code   RO          488    i.SetSysClock       system_stm32f4xx.o
    0x08007128   0x00000098   Code   RO         5341    i.Set_Pictogram_State  automotivepanel.o
    0x080071c0   0x000000ec   Code   RO         5342    i.Set_ScaleValue    automotivepanel.o
    0x080072ac   0x00000008   Code   RO          387    i.SysTick_Handler   stm32xxx_it.o
    0x080072b4   0x00000068   Code   RO          490    i.SystemInit        system_stm32f4xx.o
    0x0800731c   0x0000003a   Code   RO         3235    i.TI1_Config        stm32f4xx_tim.o
    0x08007356   0x00000050   Code   RO         3236    i.TI2_Config        stm32f4xx_tim.o
    0x080073a6   0x00000048   Code   RO         3237    i.TI3_Config        stm32f4xx_tim.o
    0x080073ee   0x00000050   Code   RO         3238    i.TI4_Config        stm32f4xx_tim.o
    0x0800743e   0x00000002   PAD
    0x08007440   0x00000050   Code   RO          583    i.TIM2_IRQHandler   proto.o
    0x08007490   0x00000060   Code   RO          388    i.TIM5_IRQHandler   stm32xxx_it.o
    0x080074f0   0x00000006   Code   RO         3246    i.TIM_ClearITPendingBit  stm32f4xx_tim.o
    0x080074f6   0x00000018   Code   RO         3251    i.TIM_Cmd           stm32f4xx_tim.o
    0x0800750e   0x00000002   PAD
    0x08007510   0x00000190   Code   RO         3256    i.TIM_DeInit        stm32f4xx_tim.o
    0x080076a0   0x00000006   Code   RO         3269    i.TIM_GetCapture4   stm32f4xx_tim.o
    0x080076a6   0x00000022   Code   RO         3272    i.TIM_GetITStatus   stm32f4xx_tim.o
    0x080076c8   0x0000006e   Code   RO         3274    i.TIM_ICInit        stm32f4xx_tim.o
    0x08007736   0x00000012   Code   RO         3276    i.TIM_ITConfig      stm32f4xx_tim.o
    0x08007748   0x00000006   Code   RO         3300    i.TIM_PrescalerConfig  stm32f4xx_tim.o
    0x0800774e   0x00000006   Code   RO         3301    i.TIM_RemapConfig   stm32f4xx_tim.o
    0x08007754   0x00000004   Code   RO         3317    i.TIM_SetCounter    stm32f4xx_tim.o
    0x08007758   0x00000012   Code   RO         3318    i.TIM_SetIC1Prescaler  stm32f4xx_tim.o
    0x0800776a   0x0000001a   Code   RO         3319    i.TIM_SetIC2Prescaler  stm32f4xx_tim.o
    0x08007784   0x00000012   Code   RO         3320    i.TIM_SetIC3Prescaler  stm32f4xx_tim.o
    0x08007796   0x0000001a   Code   RO         3321    i.TIM_SetIC4Prescaler  stm32f4xx_tim.o
    0x080077b0   0x00000090   Code   RO          584    i.USART1_IRQHandler  proto.o
    0x08007840   0x0000001e   Code   RO         3802    i.USART_ClearITPendingBit  stm32f4xx_usart.o
    0x0800785e   0x00000054   Code   RO         3809    i.USART_GetITStatus  stm32f4xx_usart.o
    0x080078b2   0x00000004   Code   RO          390    i.UsageFault_Handler  stm32xxx_it.o
    0x080078b6   0x00000002   PAD
    0x080078b8   0x00000010   Code   RO         6232    i.WM_Activate       STemWin522_4x9i_CM4_OS_Keil.lib(wm.o)
    0x080078c8   0x0000008c   Code   RO         6525    i.WM_BringToBottom  STemWin522_4x9i_CM4_OS_Keil.lib(wm_bringtobottom.o)
    0x08007954   0x00000154   Code   RO         6234    i.WM_CreateWindowAsChild  STemWin522_4x9i_CM4_OS_Keil.lib(wm.o)
    0x08007aa8   0x00000020   Code   RO         6235    i.WM_Deactivate     STemWin522_4x9i_CM4_OS_Keil.lib(wm.o)
    0x08007ac8   0x00000046   Code   RO         6236    i.WM_DefaultProc    STemWin522_4x9i_CM4_OS_Keil.lib(wm.o)
    0x08007b0e   0x00000002   PAD
    0x08007b10   0x00000198   Code   RO         6237    i.WM_DeleteWindow   STemWin522_4x9i_CM4_OS_Keil.lib(wm.o)
    0x08007ca8   0x00000208   Code   RO         6238    i.WM_Exec           STemWin522_4x9i_CM4_OS_Keil.lib(wm.o)
    0x08007eb0   0x00000018   Code   RO         6335    i.WM_GetDesktopWindow  STemWin522_4x9i_CM4_OS_Keil.lib(wm_getdesktopwindow.o)
    0x08007ec8   0x0000001a   Code   RO         6537    i.WM_GetFirstChild  STemWin522_4x9i_CM4_OS_Keil.lib(wm_getfirstchild.o)
    0x08007ee2   0x0000001a   Code   RO         6801    i.WM_GetParent      STemWin522_4x9i_CM4_OS_Keil.lib(wm_getparent.o)
    0x08007efc   0x000000d8   Code   RO         6240    i.WM_Init           STemWin522_4x9i_CM4_OS_Keil.lib(wm.o)
    0x08007fd4   0x000000d2   Code   RO         6241    i.WM_InvalidateRect  STemWin522_4x9i_CM4_OS_Keil.lib(wm.o)
    0x080080a6   0x0000006e   Code   RO         6243    i.WM_InvalidateWindowAndDescsEx  STemWin522_4x9i_CM4_OS_Keil.lib(wm.o)
    0x08008114   0x0000001e   Code   RO         6917    i.WM_MoveWindow     STemWin522_4x9i_CM4_OS_Keil.lib(wm_move.o)
    0x08008132   0x00000014   Code   RO         6539    i.WM_NotifyParent   STemWin522_4x9i_CM4_OS_Keil.lib(wm_notifyparent.o)
    0x08008146   0x00000002   PAD
    0x08008148   0x00000040   Code   RO         6809    i.WM_OnKey          STemWin522_4x9i_CM4_OS_Keil.lib(wm_onkey.o)
    0x08008188   0x00000102   Code   RO         6905    i.WM_ResizeWindow   STemWin522_4x9i_CM4_OS_Keil.lib(wm_resizewindow.o)
    0x0800828a   0x00000002   PAD
    0x0800828c   0x00000070   Code   RO         6244    i.WM_SelectWindow   STemWin522_4x9i_CM4_OS_Keil.lib(wm.o)
    0x080082fc   0x0000001a   Code   RO         6541    i.WM_SendMessageNoPara  STemWin522_4x9i_CM4_OS_Keil.lib(wm_sendmessagenopara.o)
    0x08008316   0x00000028   Code   RO         6543    i.WM_SendToParent   STemWin522_4x9i_CM4_OS_Keil.lib(wm_sendtoparent.o)
    0x0800833e   0x0000004c   Code   RO         6828    i.WM_SetSize        STemWin522_4x9i_CM4_OS_Keil.lib(wm_setsize.o)
    0x0800838a   0x00000002   PAD
    0x0800838c   0x000000d0   Code   RO         6247    i.WM__ActivateClipRect  STemWin522_4x9i_CM4_OS_Keil.lib(wm.o)
    0x0800845c   0x00000010   Code   RO         6527    i.WM__AddCriticalHandle  STemWin522_4x9i_CM4_OS_Keil.lib(wm_criticalhandle.o)
    0x0800846c   0x00000058   Code   RO         6249    i.WM__ClipAtParentBorders  STemWin522_4x9i_CM4_OS_Keil.lib(wm.o)
    0x080084c4   0x0000007a   Code   RO         6549    i.WM__DeleteAssocTimer  STemWin522_4x9i_CM4_OS_Keil.lib(wm_timer.o)
    0x0800853e   0x00000020   Code   RO         6533    i.WM__GetClientRectEx  STemWin522_4x9i_CM4_OS_Keil.lib(wm_getclientrect.o)
    0x0800855e   0x00000018   Code   RO         6252    i.WM__GetClientRectWin  STemWin522_4x9i_CM4_OS_Keil.lib(wm.o)
    0x08008576   0x00000014   Code   RO         6901    i.WM__GetFirstSibling  STemWin522_4x9i_CM4_OS_Keil.lib(wm__getfirstsibling.o)
    0x0800858a   0x00000002   PAD
    0x0800858c   0x0000033c   Code   RO         6253    i.WM__GetNextIVR    STemWin522_4x9i_CM4_OS_Keil.lib(wm.o)
    0x080088c8   0x0000001c   Code   RO         6331    i.WM__GetOrgX_AA    STemWin522_4x9i_CM4_OS_Keil.lib(wm__getorg_aa.o)
    0x080088e4   0x0000001c   Code   RO         6332    i.WM__GetOrgY_AA    STemWin522_4x9i_CM4_OS_Keil.lib(wm__getorg_aa.o)
    0x08008900   0x00000028   Code   RO         6789    i.WM__GetPrevSibling  STemWin522_4x9i_CM4_OS_Keil.lib(wm__getprevsibling.o)
    0x08008928   0x00000104   Code   RO         6255    i.WM__InitIVRSearch  STemWin522_4x9i_CM4_OS_Keil.lib(wm.o)
    0x08008a2c   0x000000b6   Code   RO         6256    i.WM__InsertWindowIntoList  STemWin522_4x9i_CM4_OS_Keil.lib(wm.o)
    0x08008ae2   0x0000004c   Code   RO         6258    i.WM__InvalidateDrawAndDescs  STemWin522_4x9i_CM4_OS_Keil.lib(wm.o)
    0x08008b2e   0x0000002a   Code   RO         6259    i.WM__InvalidateParent  STemWin522_4x9i_CM4_OS_Keil.lib(wm.o)
    0x08008b58   0x000000d2   Code   RO         6260    i.WM__InvalidateRect  STemWin522_4x9i_CM4_OS_Keil.lib(wm.o)
    0x08008c2a   0x00000006   Code   RO         6261    i.WM__InvalidateRectEx  STemWin522_4x9i_CM4_OS_Keil.lib(wm.o)
    0x08008c30   0x00000100   Code   RO         6919    i.WM__MoveWindow    STemWin522_4x9i_CM4_OS_Keil.lib(wm_move.o)
    0x08008d30   0x000000b0   Code   RO         6264    i.WM__Paint1        STemWin522_4x9i_CM4_OS_Keil.lib(wm.o)
    0x08008de0   0x00000138   Code   RO         6265    i.WM__PaintWinAndOverlays  STemWin522_4x9i_CM4_OS_Keil.lib(wm.o)
    0x08008f18   0x0000003c   Code   RO         6522    i.WM__SendMessage   STemWin522_4x9i_CM4_OS_Keil.lib(wm__sendmessage.o)
    0x08008f54   0x0000002e   Code   RO         6799    i.WM__SendMessageNoPara  STemWin522_4x9i_CM4_OS_Keil.lib(wm__sendmessagenopara.o)
    0x08008f82   0x00000012   Code   RO         6270    i.WM__SendMsgNoData  STemWin522_4x9i_CM4_OS_Keil.lib(wm.o)
    0x08008f94   0x000000f2   Code   RO         6914    i.WM__UpdateChildPositions  STemWin522_4x9i_CM4_OS_Keil.lib(wm__updatechildpositions.o)
    0x08009086   0x00000002   PAD
    0x08009088   0x0000009c   Code   RO         5599    i._AddFreeMemory    STemWin522_4x9i_CM4_OS_Keil.lib(gui_alloc.o)
    0x08009124   0x00000204   Code   RO         5600    i._Alloc            STemWin522_4x9i_CM4_OS_Keil.lib(gui_alloc.o)
    0x08009328   0x00000004   Code   RO         6102    i._CalcSizeOfChar   STemWin522_4x9i_CM4_OS_Keil.lib(gui_uc_encodenone.o)
    0x0800932c   0x000000a8   Code   RO         5531    i._Color2IndexBulk  STemWin522_4x9i_CM4_OS_Keil.lib(guicc_m565.o)
    0x080093d4   0x00000084   Code   RO         5758    i._Color2IndexBulk  STemWin522_4x9i_CM4_OS_Keil.lib(guicc_m888.o)
    0x08009458   0x00000044   Code   RO         6720    i._Color2IndexBulk  STemWin522_4x9i_CM4_OS_Keil.lib(guicc_8888.o)
    0x0800949c   0x00000044   Code   RO         5473    i._Color2IndexBulk_1616I  STemWin522_4x9i_CM4_OS_Keil.lib(guicc_1616i.o)
    0x080094e0   0x0000003c   Code   RO         5491    i._Color2IndexBulk_88666I  STemWin522_4x9i_CM4_OS_Keil.lib(guicc_88666i.o)
    0x0800951c   0x000000c0   Code   RO         5503    i._Color2IndexBulk_M1555I  STemWin522_4x9i_CM4_OS_Keil.lib(guicc_m1555i.o)
    0x080095dc   0x0000001c   Code   RO         4599    i._Color2IndexBulk_M1555I_DMA2D  guidrv.o
    0x080095f8   0x00000074   Code   RO         5517    i._Color2IndexBulk_M4444I  STemWin522_4x9i_CM4_OS_Keil.lib(guicc_m4444i.o)
    0x0800966c   0x0000001c   Code   RO         4600    i._Color2IndexBulk_M4444I_DMA2D  guidrv.o
    0x08009688   0x0000001c   Code   RO         4601    i._Color2IndexBulk_M565_DMA2D  guidrv.o
    0x080096a4   0x000000a4   Code   RO         5543    i._Color2IndexBulk_M8888I  STemWin522_4x9i_CM4_OS_Keil.lib(guicc_m8888i.o)
    0x08009748   0x0000001c   Code   RO         4602    i._Color2IndexBulk_M8888I_DMA2D  guidrv.o
    0x08009764   0x0000001c   Code   RO         4603    i._Color2IndexBulk_M888_DMA2D  guidrv.o
    0x08009780   0x0000006a   Code   RO         6114    i._Color2Index_0    STemWin522_4x9i_CM4_OS_Keil.lib(guicc_0.o)
    0x080097ea   0x0000007c   Code   RO         6011    i._Color2Index_16   STemWin522_4x9i_CM4_OS_Keil.lib(guicc_16.o)
    0x08009866   0x00000002   PAD
    0x08009868   0x00000028   Code   RO         5474    i._Color2Index_1616I  STemWin522_4x9i_CM4_OS_Keil.lib(guicc_1616i.o)
    0x08009890   0x00000024   Code   RO         5492    i._Color2Index_88666I  STemWin522_4x9i_CM4_OS_Keil.lib(guicc_88666i.o)
    0x080098b4   0x00000002   Code   RO         6721    i._Color2Index_8888  STemWin522_4x9i_CM4_OS_Keil.lib(guicc_8888.o)
    0x080098b6   0x00000002   PAD
    0x080098b8   0x00000038   Code   RO         5504    i._Color2Index_M1555I  STemWin522_4x9i_CM4_OS_Keil.lib(guicc_m1555i.o)
    0x080098f0   0x0000004c   Code   RO         5518    i._Color2Index_M4444I  STemWin522_4x9i_CM4_OS_Keil.lib(guicc_m4444i.o)
    0x0800993c   0x0000002c   Code   RO         5532    i._Color2Index_M565  STemWin522_4x9i_CM4_OS_Keil.lib(guicc_m565.o)
    0x08009968   0x00000014   Code   RO         5759    i._Color2Index_M888  STemWin522_4x9i_CM4_OS_Keil.lib(guicc_m888.o)
    0x0800997c   0x00000020   Code   RO         5544    i._Color2Index_M8888I  STemWin522_4x9i_CM4_OS_Keil.lib(guicc_m8888i.o)
    0x0800999c   0x0000006c   Code   RO         5946    i._CopyBuffer       STemWin522_4x9i_CM4_OS_Keil.lib(guidrv_lin_16.o)
    0x08009a08   0x0000012c   Code   RO         6502    i._CreateStaticDevice  STemWin522_4x9i_CM4_OS_Keil.lib(guidev_staticdevices.o)
    0x08009b34   0x00000048   Code   RO         4604    i._DMA_AlphaBlending  guidrv.o
    0x08009b7c   0x00000048   Code   RO         4605    i._DMA_AlphaBlendingBulk  guidrv.o
    0x08009bc4   0x00000030   Code   RO         4606    i._DMA_Color2IndexBulk  guidrv.o
    0x08009bf4   0x00000044   Code   RO         4607    i._DMA_ConvertColor  guidrv.o
    0x08009c38   0x00000060   Code   RO         4608    i._DMA_Copy         guidrv.o
    0x08009c98   0x00000050   Code   RO         4609    i._DMA_DrawBitmapL8  guidrv.o
    0x08009ce8   0x0000005c   Code   RO         4610    i._DMA_Fill         guidrv.o
    0x08009d44   0x00000030   Code   RO         4611    i._DMA_Index2ColorBulk  guidrv.o
    0x08009d74   0x00000024   Code   RO         4612    i._DMA_LoadLUT      guidrv.o
    0x08009d98   0x0000007c   Code   RO         4613    i._DMA_MixColors    guidrv.o
    0x08009e14   0x00000058   Code   RO         4614    i._DMA_MixColorsBulk  guidrv.o
    0x08009e6c   0x00000012   Code   RO         6271    i._DeleteAllChildren  STemWin522_4x9i_CM4_OS_Keil.lib(wm.o)
    0x08009e7e   0x00000002   PAD
    0x08009e80   0x000006f2   Code   RO         5947    i._DrawBitmap       STemWin522_4x9i_CM4_OS_Keil.lib(guidrv_lin_16.o)
    0x0800a572   0x00000002   PAD
    0x0800a574   0x00000884   Code   RO         6161    i._DrawBitmap       STemWin522_4x9i_CM4_OS_Keil.lib(guidev_16.o)
    0x0800adf8   0x00000016   Code   RO         6196    i._DrawBitmap       STemWin522_4x9i_CM4_OS_Keil.lib(guidev_measure.o)
    0x0800ae0e   0x00000002   PAD
    0x0800ae10   0x00000894   Code   RO         6737    i._DrawBitmap       STemWin522_4x9i_CM4_OS_Keil.lib(guidev_32.o)
    0x0800b6a4   0x0000011c   Code   RO         5455    i._DrawHLine        STemWin522_4x9i_CM4_OS_Keil.lib(guiaa_lib.o)
    0x0800b7c0   0x0000000a   Code   RO         5948    i._DrawHLine        STemWin522_4x9i_CM4_OS_Keil.lib(guidrv_lin_16.o)
    0x0800b7ca   0x0000000a   Code   RO         6162    i._DrawHLine        STemWin522_4x9i_CM4_OS_Keil.lib(guidev_16.o)
    0x0800b7d4   0x0000000e   Code   RO         6197    i._DrawHLine        STemWin522_4x9i_CM4_OS_Keil.lib(guidev_measure.o)
    0x0800b7e2   0x0000000a   Code   RO         6738    i._DrawHLine        STemWin522_4x9i_CM4_OS_Keil.lib(guidev_32.o)
    0x0800b7ec   0x0000000c   Code   RO         5949    i._DrawVLine        STemWin522_4x9i_CM4_OS_Keil.lib(guidrv_lin_16.o)
    0x0800b7f8   0x00000118   Code   RO         6163    i._DrawVLine        STemWin522_4x9i_CM4_OS_Keil.lib(guidev_16.o)
    0x0800b910   0x0000000c   Code   RO         6198    i._DrawVLine        STemWin522_4x9i_CM4_OS_Keil.lib(guidev_measure.o)
    0x0800b91c   0x000000fc   Code   RO         6739    i._DrawVLine        STemWin522_4x9i_CM4_OS_Keil.lib(guidev_32.o)
    0x0800ba18   0x00000030   Code   RO         5343    i._Draw_MotorHours  automotivepanel.o
    0x0800ba48   0x0000006a   Code   RO         5344    i._Draw_Scale       automotivepanel.o
    0x0800bab2   0x00000006   Code   RO         6103    i._Encode           STemWin522_4x9i_CM4_OS_Keil.lib(gui_uc_encodenone.o)
    0x0800bab8   0x00000110   Code   RO         5601    i._EnlargeBlocks    STemWin522_4x9i_CM4_OS_Keil.lib(gui_alloc.o)
    0x0800bbc8   0x00000084   Code   RO         6199    i._FillPolygon      STemWin522_4x9i_CM4_OS_Keil.lib(guidev_measure.o)
    0x0800bc4c   0x000000d0   Code   RO         6200    i._FillPolygonAA    STemWin522_4x9i_CM4_OS_Keil.lib(guidev_measure.o)
    0x0800bd1c   0x00000200   Code   RO         5950    i._FillRect         STemWin522_4x9i_CM4_OS_Keil.lib(guidrv_lin_16.o)
    0x0800bf1c   0x000000f0   Code   RO         6164    i._FillRect         STemWin522_4x9i_CM4_OS_Keil.lib(guidev_16.o)
    0x0800c00c   0x00000014   Code   RO         6201    i._FillRect         STemWin522_4x9i_CM4_OS_Keil.lib(guidev_measure.o)
    0x0800c020   0x00000120   Code   RO         6740    i._FillRect         STemWin522_4x9i_CM4_OS_Keil.lib(guidev_32.o)
    0x0800c140   0x0000008a   Code   RO         6272    i._Findx0           STemWin522_4x9i_CM4_OS_Keil.lib(wm.o)
    0x0800c1ca   0x00000080   Code   RO         6273    i._Findx1           STemWin522_4x9i_CM4_OS_Keil.lib(wm.o)
    0x0800c24a   0x000000b4   Code   RO         6274    i._Findy1           STemWin522_4x9i_CM4_OS_Keil.lib(wm.o)
    0x0800c2fe   0x00000002   PAD
    0x0800c300   0x000000f4   Code   RO         5456    i._FlushLine        STemWin522_4x9i_CM4_OS_Keil.lib(guiaa_lib.o)
    0x0800c3f4   0x00000004   Code   RO         6777    i._GUI_USAGE_BM_Delete  STemWin522_4x9i_CM4_OS_Keil.lib(guidev_usagebm.o)
    0x0800c3f8   0x00000028   Code   RO         4615    i._GetBufferSize    guidrv.o
    0x0800c420   0x00000024   Code   RO         4616    i._GetBytesPerLine  guidrv.o
    0x0800c444   0x00000004   Code   RO         6104    i._GetCharCode      STemWin522_4x9i_CM4_OS_Keil.lib(gui_uc_encodenone.o)
    0x0800c448   0x00000004   Code   RO         6105    i._GetCharSize      STemWin522_4x9i_CM4_OS_Keil.lib(gui_uc_encodenone.o)
    0x0800c44c   0x00000010   Code   RO         5951    i._GetDevData       STemWin522_4x9i_CM4_OS_Keil.lib(guidrv_lin_16.o)
    0x0800c45c   0x00000010   Code   RO         6165    i._GetDevData       STemWin522_4x9i_CM4_OS_Keil.lib(guidev_16.o)
    0x0800c46c   0x00000004   Code   RO         6202    i._GetDevData       STemWin522_4x9i_CM4_OS_Keil.lib(guidev_measure.o)
    0x0800c470   0x00000010   Code   RO         6741    i._GetDevData       STemWin522_4x9i_CM4_OS_Keil.lib(guidev_32.o)
    0x0800c480   0x000000dc   Code   RO         5952    i._GetDevFunc       STemWin522_4x9i_CM4_OS_Keil.lib(guidrv_lin_16.o)
    0x0800c55c   0x00000010   Code   RO         6166    i._GetDevFunc       STemWin522_4x9i_CM4_OS_Keil.lib(guidev_16.o)
    0x0800c56c   0x0000001c   Code   RO         6203    i._GetDevFunc       STemWin522_4x9i_CM4_OS_Keil.lib(guidev_measure.o)
    0x0800c588   0x00000010   Code   RO         6742    i._GetDevFunc       STemWin522_4x9i_CM4_OS_Keil.lib(guidev_32.o)
    0x0800c598   0x0000003c   Code   RO         5953    i._GetDevProp       STemWin522_4x9i_CM4_OS_Keil.lib(guidrv_lin_16.o)
    0x0800c5d4   0x00000008   Code   RO         6167    i._GetDevProp       STemWin522_4x9i_CM4_OS_Keil.lib(guidev_16.o)
    0x0800c5dc   0x00000004   Code   RO         6204    i._GetDevProp       STemWin522_4x9i_CM4_OS_Keil.lib(guidev_measure.o)
    0x0800c5e0   0x0000000a   Code   RO         6743    i._GetDevProp       STemWin522_4x9i_CM4_OS_Keil.lib(guidev_32.o)
    0x0800c5ea   0x00000052   Code   RO         6115    i._GetIndexMask_0   STemWin522_4x9i_CM4_OS_Keil.lib(guicc_0.o)
    0x0800c63c   0x00000004   Code   RO         6012    i._GetIndexMask_16  STemWin522_4x9i_CM4_OS_Keil.lib(guicc_16.o)
    0x0800c640   0x00000004   Code   RO         5475    i._GetIndexMask_1616I  STemWin522_4x9i_CM4_OS_Keil.lib(guicc_1616i.o)
    0x0800c644   0x00000004   Code   RO         5486    i._GetIndexMask_8666  STemWin522_4x9i_CM4_OS_Keil.lib(guicc_8666.o)
    0x0800c648   0x00000006   Code   RO         5493    i._GetIndexMask_88666I  STemWin522_4x9i_CM4_OS_Keil.lib(guicc_88666i.o)
    0x0800c64e   0x00000006   Code   RO         6722    i._GetIndexMask_8888  STemWin522_4x9i_CM4_OS_Keil.lib(guicc_8888.o)
    0x0800c654   0x00000006   Code   RO         5505    i._GetIndexMask_M1555I  STemWin522_4x9i_CM4_OS_Keil.lib(guicc_m1555i.o)
    0x0800c65a   0x00000006   Code   RO         5519    i._GetIndexMask_M4444I  STemWin522_4x9i_CM4_OS_Keil.lib(guicc_m4444i.o)
    0x0800c660   0x00000006   Code   RO         5533    i._GetIndexMask_M565  STemWin522_4x9i_CM4_OS_Keil.lib(guicc_m565.o)
    0x0800c666   0x00000006   Code   RO         5760    i._GetIndexMask_M888  STemWin522_4x9i_CM4_OS_Keil.lib(guicc_m888.o)
    0x0800c66c   0x00000006   Code   RO         5545    i._GetIndexMask_M8888I  STemWin522_4x9i_CM4_OS_Keil.lib(guicc_m8888i.o)
    0x0800c672   0x00000010   Code   RO         5954    i._GetPixelIndex    STemWin522_4x9i_CM4_OS_Keil.lib(guidrv_lin_16.o)
    0x0800c682   0x00000002   PAD
    0x0800c684   0x0000003c   Code   RO         6168    i._GetPixelIndex    STemWin522_4x9i_CM4_OS_Keil.lib(guidev_16.o)
    0x0800c6c0   0x00000004   Code   RO         6205    i._GetPixelIndex    STemWin522_4x9i_CM4_OS_Keil.lib(guidev_measure.o)
    0x0800c6c4   0x0000003c   Code   RO         6744    i._GetPixelIndex    STemWin522_4x9i_CM4_OS_Keil.lib(guidev_32.o)
    0x0800c700   0x00000088   Code   RO         4617    i._GetPixelformat   guidrv.o
    0x0800c788   0x00000030   Code   RO         5955    i._GetPos           STemWin522_4x9i_CM4_OS_Keil.lib(guidrv_lin_16.o)
    0x0800c7b8   0x00000016   Code   RO         5956    i._GetRect          STemWin522_4x9i_CM4_OS_Keil.lib(guidrv_lin_16.o)
    0x0800c7ce   0x00000030   Code   RO         6169    i._GetRect          STemWin522_4x9i_CM4_OS_Keil.lib(guidev_16.o)
    0x0800c7fe   0x00000002   PAD
    0x0800c800   0x00000014   Code   RO         6206    i._GetRect          STemWin522_4x9i_CM4_OS_Keil.lib(guidev_measure.o)
    0x0800c814   0x00000030   Code   RO         6745    i._GetRect          STemWin522_4x9i_CM4_OS_Keil.lib(guidev_32.o)
    0x0800c844   0x000000a8   Code   RO         5534    i._Index2ColorBulk  STemWin522_4x9i_CM4_OS_Keil.lib(guicc_m565.o)
    0x0800c8ec   0x0000007c   Code   RO         5761    i._Index2ColorBulk  STemWin522_4x9i_CM4_OS_Keil.lib(guicc_m888.o)
    0x0800c968   0x0000005a   Code   RO         6723    i._Index2ColorBulk  STemWin522_4x9i_CM4_OS_Keil.lib(guicc_8888.o)
    0x0800c9c2   0x00000002   PAD
    0x0800c9c4   0x0000004c   Code   RO         5476    i._Index2ColorBulk_1616I  STemWin522_4x9i_CM4_OS_Keil.lib(guicc_1616i.o)
    0x0800ca10   0x00000044   Code   RO         5494    i._Index2ColorBulk_88666I  STemWin522_4x9i_CM4_OS_Keil.lib(guicc_88666i.o)
    0x0800ca54   0x000000c0   Code   RO         5506    i._Index2ColorBulk_M1555I  STemWin522_4x9i_CM4_OS_Keil.lib(guicc_m1555i.o)
    0x0800cb14   0x0000001c   Code   RO         4618    i._Index2ColorBulk_M1555I_DMA2D  guidrv.o
    0x0800cb30   0x000000bc   Code   RO         5520    i._Index2ColorBulk_M4444I  STemWin522_4x9i_CM4_OS_Keil.lib(guicc_m4444i.o)
    0x0800cbec   0x0000001c   Code   RO         4619    i._Index2ColorBulk_M4444I_DMA2D  guidrv.o
    0x0800cc08   0x0000001c   Code   RO         4620    i._Index2ColorBulk_M565_DMA2D  guidrv.o
    0x0800cc24   0x0000009c   Code   RO         5546    i._Index2ColorBulk_M8888I  STemWin522_4x9i_CM4_OS_Keil.lib(guicc_m8888i.o)
    0x0800ccc0   0x0000001c   Code   RO         4621    i._Index2ColorBulk_M8888I_DMA2D  guidrv.o
    0x0800ccdc   0x0000001c   Code   RO         4622    i._Index2ColorBulk_M888_DMA2D  guidrv.o
    0x0800ccf8   0x00000020   Code   RO         6116    i._Index2Color_0    STemWin522_4x9i_CM4_OS_Keil.lib(guicc_0.o)
    0x0800cd18   0x00000036   Code   RO         6013    i._Index2Color_16   STemWin522_4x9i_CM4_OS_Keil.lib(guicc_16.o)
    0x0800cd4e   0x00000002   PAD
    0x0800cd50   0x00000028   Code   RO         5477    i._Index2Color_1616I  STemWin522_4x9i_CM4_OS_Keil.lib(guicc_1616i.o)
    0x0800cd78   0x00000020   Code   RO         5495    i._Index2Color_88666I  STemWin522_4x9i_CM4_OS_Keil.lib(guicc_88666i.o)
    0x0800cd98   0x00000034   Code   RO         5507    i._Index2Color_M1555I  STemWin522_4x9i_CM4_OS_Keil.lib(guicc_m1555i.o)
    0x0800cdcc   0x00000030   Code   RO         5521    i._Index2Color_M4444I  STemWin522_4x9i_CM4_OS_Keil.lib(guicc_m4444i.o)
    0x0800cdfc   0x00000020   Code   RO         5547    i._Index2Color_M8888I  STemWin522_4x9i_CM4_OS_Keil.lib(guicc_m8888i.o)
    0x0800ce1c   0x00000032   Code   RO         5957    i._Init             STemWin522_4x9i_CM4_OS_Keil.lib(guidrv_lin_16.o)
    0x0800ce4e   0x00000002   PAD
    0x0800ce50   0x00000290   Code   RO         5602    i._InitOnce         STemWin522_4x9i_CM4_OS_Keil.lib(gui_alloc.o)
    0x0800d0e0   0x000000b4   Code   RO         6275    i._Invalidate1Abs   STemWin522_4x9i_CM4_OS_Keil.lib(wm.o)
    0x0800d194   0x00000014   Code   RO         4623    i._InvertAlpha      guidrv.o
    0x0800d1a8   0x0000002c   Code   RO         4624    i._InvertAlpha_SwapRB  guidrv.o
    0x0800d1d4   0x00000054   Code   RO         4625    i._LCD_CopyBuffer   guidrv.o
    0x0800d228   0x000000a0   Code   RO         4626    i._LCD_CopyRect     guidrv.o
    0x0800d2c8   0x0000007c   Code   RO         4628    i._LCD_DrawBitmap16bpp  guidrv.o
    0x0800d344   0x00000084   Code   RO         4629    i._LCD_DrawBitmap8bpp  guidrv.o
    0x0800d3c8   0x000000a8   Code   RO         4630    i._LCD_FillRect     guidrv.o
    0x0800d470   0x0000006c   Code   RO         4631    i._LCD_GetpPalConvTable  guidrv.o
    0x0800d4dc   0x000001a0   Code   RO         4632    i._LCD_InitController  guidrv.o
    0x0800d67c   0x00000078   Code   RO         4633    i._LCD_MixColorsBulk  guidrv.o
    0x0800d6f4   0x00000020   Code   RO         4634    i._LTDC_LayerEnableColorKeying  guidrv.o
    0x0800d714   0x00000020   Code   RO         4635    i._LTDC_LayerEnableLUT  guidrv.o
    0x0800d734   0x00000054   Code   RO         4636    i._LTDC_SetLUTEntry  guidrv.o
    0x0800d788   0x00000034   Code   RO         4637    i._LTDC_SetLayerAlpha  guidrv.o
    0x0800d7bc   0x00000080   Code   RO         4638    i._LTDC_SetLayerPos  guidrv.o
    0x0800d83c   0x00000002   Code   RO         6368    i._Log2VisBuffered  STemWin522_4x9i_CM4_OS_Keil.lib(gui_charline.o)
    0x0800d83e   0x00000002   PAD
    0x0800d840   0x00000054   Code   RO         6207    i._MarkRect         STemWin522_4x9i_CM4_OS_Keil.lib(guidev_measure.o)
    0x0800d894   0x0000007a   Code   RO         6920    i._MoveDescendents  STemWin522_4x9i_CM4_OS_Keil.lib(wm_move.o)
    0x0800d90e   0x0000000a   Code   RO         5958    i._Off              STemWin522_4x9i_CM4_OS_Keil.lib(guidrv_lin_16.o)
    0x0800d918   0x0000000a   Code   RO         5959    i._On               STemWin522_4x9i_CM4_OS_Keil.lib(guidrv_lin_16.o)
    0x0800d922   0x00000002   PAD
    0x0800d924   0x00000014   Code   RO         5457    i._OnExit           STemWin522_4x9i_CM4_OS_Keil.lib(guiaa_lib.o)
    0x0800d938   0x00000028   Code   RO         5565    i._OnExit           STemWin522_4x9i_CM4_OS_Keil.lib(gui__alpha.o)
    0x0800d960   0x00000034   Code   RO         5603    i._OnExit           STemWin522_4x9i_CM4_OS_Keil.lib(gui_alloc.o)
    0x0800d994   0x0000002c   Code   RO         5645    i._OnExit           STemWin522_4x9i_CM4_OS_Keil.lib(gui_core.o)
    0x0800d9c0   0x00000014   Code   RO         5813    i._OnExit           STemWin522_4x9i_CM4_OS_Keil.lib(lcd_color.o)
    0x0800d9d4   0x00000014   Code   RO         6092    i._OnExit           STemWin522_4x9i_CM4_OS_Keil.lib(gui_task.o)
    0x0800d9e8   0x00000028   Code   RO         6276    i._OnExit           STemWin522_4x9i_CM4_OS_Keil.lib(wm.o)
    0x0800da10   0x00000140   Code   RO         6277    i._PaintTransChildren  STemWin522_4x9i_CM4_OS_Keil.lib(wm.o)
    0x0800db50   0x0000006e   Code   RO         5960    i._ReadRect         STemWin522_4x9i_CM4_OS_Keil.lib(guidrv_lin_16.o)
    0x0800dbbe   0x00000002   PAD
    0x0800dbc0   0x00000054   Code   RO         5604    i._RemoveFreeBlock  STemWin522_4x9i_CM4_OS_Keil.lib(gui_alloc.o)
    0x0800dc14   0x000000d0   Code   RO         5605    i._RemoveHoles      STemWin522_4x9i_CM4_OS_Keil.lib(gui_alloc.o)
    0x0800dce4   0x00000036   Code   RO         5961    i._SetAlpha         STemWin522_4x9i_CM4_OS_Keil.lib(guidrv_lin_16.o)
    0x0800dd1a   0x00000010   Code   RO         5962    i._SetAlphaMode     STemWin522_4x9i_CM4_OS_Keil.lib(guidrv_lin_16.o)
    0x0800dd2a   0x00000002   PAD
    0x0800dd2c   0x00000038   Code   RO         5783    i._SetBkColor       STemWin522_4x9i_CM4_OS_Keil.lib(lcd.o)
    0x0800dd64   0x00000016   Code   RO         5963    i._SetChroma        STemWin522_4x9i_CM4_OS_Keil.lib(guidrv_lin_16.o)
    0x0800dd7a   0x00000010   Code   RO         5964    i._SetChromaMode    STemWin522_4x9i_CM4_OS_Keil.lib(guidrv_lin_16.o)
    0x0800dd8a   0x00000002   PAD
    0x0800dd8c   0x00000038   Code   RO         5784    i._SetColor         STemWin522_4x9i_CM4_OS_Keil.lib(lcd.o)
    0x0800ddc4   0x00000058   Code   RO         5965    i._SetDevFunc       STemWin522_4x9i_CM4_OS_Keil.lib(guidrv_lin_16.o)
    0x0800de1c   0x00000038   Code   RO         5785    i._SetDrawMode      STemWin522_4x9i_CM4_OS_Keil.lib(lcd.o)
    0x0800de54   0x000000b8   Code   RO         5966    i._SetOrg           STemWin522_4x9i_CM4_OS_Keil.lib(guidrv_lin_16.o)
    0x0800df0c   0x00000008   Code   RO         6170    i._SetOrg           STemWin522_4x9i_CM4_OS_Keil.lib(guidev_16.o)
    0x0800df14   0x00000008   Code   RO         6208    i._SetOrg           STemWin522_4x9i_CM4_OS_Keil.lib(guidev_measure.o)
    0x0800df1c   0x00000008   Code   RO         6746    i._SetOrg           STemWin522_4x9i_CM4_OS_Keil.lib(guidev_32.o)
    0x0800df24   0x00000012   Code   RO         5967    i._SetPixelIndex    STemWin522_4x9i_CM4_OS_Keil.lib(guidrv_lin_16.o)
    0x0800df36   0x00000002   PAD
    0x0800df38   0x00000070   Code   RO         6171    i._SetPixelIndex    STemWin522_4x9i_CM4_OS_Keil.lib(guidev_16.o)
    0x0800dfa8   0x00000050   Code   RO         6209    i._SetPixelIndex    STemWin522_4x9i_CM4_OS_Keil.lib(guidev_measure.o)
    0x0800dff8   0x00000070   Code   RO         6747    i._SetPixelIndex    STemWin522_4x9i_CM4_OS_Keil.lib(guidev_32.o)
    0x0800e068   0x00000044   Code   RO         5968    i._SetPos           STemWin522_4x9i_CM4_OS_Keil.lib(guidrv_lin_16.o)
    0x0800e0ac   0x0000005a   Code   RO         5969    i._SetSize          STemWin522_4x9i_CM4_OS_Keil.lib(guidrv_lin_16.o)
    0x0800e106   0x00000038   Code   RO         5970    i._SetVRAMAddr      STemWin522_4x9i_CM4_OS_Keil.lib(guidrv_lin_16.o)
    0x0800e13e   0x00000040   Code   RO         5971    i._SetVSize         STemWin522_4x9i_CM4_OS_Keil.lib(guidrv_lin_16.o)
    0x0800e17e   0x00000036   Code   RO         5972    i._SetVis           STemWin522_4x9i_CM4_OS_Keil.lib(guidrv_lin_16.o)
    0x0800e1b4   0x00000034   Code   RO         5973    i._ShowBuffer       STemWin522_4x9i_CM4_OS_Keil.lib(guidrv_lin_16.o)
    0x0800e1e8   0x00000032   Code   RO         5974    i._XorPixel         STemWin522_4x9i_CM4_OS_Keil.lib(guidrv_lin_16.o)
    0x0800e21a   0x00000002   PAD
    0x0800e21c   0x00000078   Code   RO         6172    i._XorPixel         STemWin522_4x9i_CM4_OS_Keil.lib(guidev_16.o)
    0x0800e294   0x00000050   Code   RO         6210    i._XorPixel         STemWin522_4x9i_CM4_OS_Keil.lib(guidev_measure.o)
    0x0800e2e4   0x0000007c   Code   RO         6748    i._XorPixel         STemWin522_4x9i_CM4_OS_Keil.lib(guidev_32.o)
    0x0800e360   0x0000000e   Code   RO         6959    i.__scatterload_copy  mc_w.l(handlers.o)
    0x0800e36e   0x00000002   Code   RO         6960    i.__scatterload_null  mc_w.l(handlers.o)
    0x0800e370   0x0000000e   Code   RO         6961    i.__scatterload_zeroinit  mc_w.l(handlers.o)
    0x0800e37e   0x00000002   PAD
    0x0800e380   0x00000044   Code   RO         6278    i._cbPaintMemDev    STemWin522_4x9i_CM4_OS_Keil.lib(wm.o)
    0x0800e3c4   0x000000a0   Code   RO         6279    i.cbBackWin         STemWin522_4x9i_CM4_OS_Keil.lib(wm.o)
    0x0800e464   0x00000024   Code   RO         3998    i.delay             stm32f429i_sdram_lib.o
    0x0800e488   0x000000ac   Code   RO         5786    i.emWin_LCD_Init    STemWin522_4x9i_CM4_OS_Keil.lib(lcd.o)
    0x0800e534   0x00000010   Code   RO          340    i.main              main.o
    0x0800e544   0x00000054   Code   RO         5066    i.prvAddCurrentTaskToDelayedList  tasks.o
    0x0800e598   0x0000003a   Code   RO         5067    i.prvAllocateTCBAndStack  tasks.o
    0x0800e5d2   0x00000002   Code   RO         5068    i.prvCheckTasksWaitingTermination  tasks.o
    0x0800e5d4   0x0000002a   Code   RO         4948    i.prvCopyDataFromQueue  queue.o
    0x0800e5fe   0x00000068   Code   RO         4949    i.prvCopyDataToQueue  queue.o
    0x0800e666   0x00000002   PAD
    0x0800e668   0x00000018   Code   RO         5069    i.prvIdleTask       tasks.o
    0x0800e680   0x00000046   Code   RO         5070    i.prvInitialiseTCBVariables  tasks.o
    0x0800e6c6   0x00000002   PAD
    0x0800e6c8   0x00000054   Code   RO         5071    i.prvInitialiseTaskLists  tasks.o
    0x0800e71c   0x0000001c   Code   RO         4950    i.prvIsQueueEmpty   queue.o
    0x0800e738   0x00000020   Code   RO         4951    i.prvIsQueueFull    queue.o
    0x0800e758   0x00000014   Code   RO         5276    i.prvSetupTimerInterrupt  port_cm4.o
    0x0800e76c   0x0000007e   Code   RO         4952    i.prvUnlockQueue    queue.o
    0x0800e7ea   0x00000002   PAD
    0x0800e7ec   0x000000d8   Code   RO         5242    i.pvPortMalloc      heap_2.o
    0x0800e8c4   0x00000020   Code   RO         5277    i.pxPortInitialiseStack  port_cm4.o
    0x0800e8e4   0x0000001a   Code   RO         4906    i.vListInitialise   list.o
    0x0800e8fe   0x00000006   Code   RO         4907    i.vListInitialiseItem  list.o
    0x0800e904   0x00000034   Code   RO         4908    i.vListInsert       list.o
    0x0800e938   0x0000001c   Code   RO         4909    i.vListInsertEnd    list.o
    0x0800e954   0x00000024   Code   RO         4910    i.vListRemove       list.o
    0x0800e978   0x00000018   Code   RO         5279    i.vPortEnterCritical  port_cm4.o
    0x0800e990   0x0000001c   Code   RO         5280    i.vPortExitCritical  port_cm4.o
    0x0800e9ac   0x00000040   Code   RO         5243    i.vPortFree         heap_2.o
    0x0800e9ec   0x00000010   Code   RO         5281    i.vPortYieldFromISR  port_cm4.o
    0x0800e9fc   0x00000108   Code   RO         5075    i.vTaskIncrementTick  tasks.o
    0x0800eb04   0x0000000c   Code   RO         5076    i.vTaskMissedYield  tasks.o
    0x0800eb10   0x00000034   Code   RO         5077    i.vTaskPlaceOnEventList  tasks.o
    0x0800eb44   0x00000050   Code   RO         5078    i.vTaskPriorityDisinherit  tasks.o
    0x0800eb94   0x00000080   Code   RO         5079    i.vTaskPriorityInherit  tasks.o
    0x0800ec14   0x00000018   Code   RO         5080    i.vTaskSetTimeOutState  tasks.o
    0x0800ec2c   0x00000048   Code   RO         5081    i.vTaskStartScheduler  tasks.o
    0x0800ec74   0x00000010   Code   RO         5082    i.vTaskSuspendAll   tasks.o
    0x0800ec84   0x00000070   Code   RO         5083    i.vTaskSwitchContext  tasks.o
    0x0800ecf4   0x00000048   Code   RO         5282    i.xPortStartScheduler  port_cm4.o
    0x0800ed3c   0x00000020   Code   RO         5283    i.xPortSysTickHandler  port_cm4.o
    0x0800ed5c   0x00000048   Code   RO         4957    i.xQueueCreateMutex  queue.o
    0x0800eda4   0x00000048   Code   RO         4958    i.xQueueGenericCreate  queue.o
    0x0800edec   0x0000011a   Code   RO         4959    i.xQueueGenericReceive  queue.o
    0x0800ef06   0x00000068   Code   RO         4960    i.xQueueGenericReset  queue.o
    0x0800ef6e   0x000000ce   Code   RO         4961    i.xQueueGenericSend  queue.o
    0x0800f03c   0x0000005e   Code   RO         4962    i.xQueueGenericSendFromISR  queue.o
    0x0800f09a   0x00000002   PAD
    0x0800f09c   0x0000005c   Code   RO         5084    i.xTaskCheckForTimeOut  tasks.o
    0x0800f0f8   0x0000010c   Code   RO         5085    i.xTaskGenericCreate  tasks.o
    0x0800f204   0x0000000c   Code   RO         5086    i.xTaskGetCurrentTaskHandle  tasks.o
    0x0800f210   0x00000074   Code   RO         5089    i.xTaskRemoveFromEventList  tasks.o
    0x0800f284   0x000000dc   Code   RO         5090    i.xTaskResumeAll    tasks.o
    0x0800f360   0x000029d0   Data   RO         4267    .constdata          stm32f429i_lcd_lib.o
    0x08011d30   0x00000019   Data   RO         4526    .constdata          stm32f429i_lib.o
    0x08011d49   0x00000003   PAD
    0x08011d4c   0x00000008   Data   RO         4640    .constdata          guidrv.o
    0x08011d54   0x0003479c   Data   RO         5346    .constdata          automotivepanel.o
    0x080464f0   0x0000fa00   Data   RO         5424    .constdata          picto.o
    0x08055ef0   0x00000018   Data   RO         5478    .constdata          STemWin522_4x9i_CM4_OS_Keil.lib(guicc_1616i.o)
    0x08055f08   0x00000018   Data   RO         5487    .constdata          STemWin522_4x9i_CM4_OS_Keil.lib(guicc_8666.o)
    0x08055f20   0x00000018   Data   RO         5496    .constdata          STemWin522_4x9i_CM4_OS_Keil.lib(guicc_88666i.o)
    0x08055f38   0x00000018   Data   RO         5508    .constdata          STemWin522_4x9i_CM4_OS_Keil.lib(guicc_m1555i.o)
    0x08055f50   0x00000018   Data   RO         5522    .constdata          STemWin522_4x9i_CM4_OS_Keil.lib(guicc_m4444i.o)
    0x08055f68   0x00000018   Data   RO         5535    .constdata          STemWin522_4x9i_CM4_OS_Keil.lib(guicc_m565.o)
    0x08055f80   0x00000018   Data   RO         5548    .constdata          STemWin522_4x9i_CM4_OS_Keil.lib(guicc_m8888i.o)
    0x08055f98   0x00000008   Data   RO         5647    .constdata          STemWin522_4x9i_CM4_OS_Keil.lib(gui_core.o)
    0x08055fa0   0x00000008   Data   RO         5673    .constdata          STemWin522_4x9i_CM4_OS_Keil.lib(gui_device.o)
    0x08055fa8   0x00000018   Data   RO         5762    .constdata          STemWin522_4x9i_CM4_OS_Keil.lib(guicc_m888.o)
    0x08055fc0   0x0000000c   Data   RO         5787    .constdata          STemWin522_4x9i_CM4_OS_Keil.lib(lcd.o)
    0x08055fcc   0x00000034   Data   RO         5975    .constdata          STemWin522_4x9i_CM4_OS_Keil.lib(guidrv_lin_16.o)
    0x08056000   0x00000018   Data   RO         6014    .constdata          STemWin522_4x9i_CM4_OS_Keil.lib(guicc_16.o)
    0x08056018   0x00000010   Data   RO         6018    .constdata          STemWin522_4x9i_CM4_OS_Keil.lib(gui__divtbl_15_255.o)
    0x08056028   0x00000100   Data   RO         6019    .constdata          STemWin522_4x9i_CM4_OS_Keil.lib(gui__divtbl_255_15.o)
    0x08056128   0x00000100   Data   RO         6020    .constdata          STemWin522_4x9i_CM4_OS_Keil.lib(gui__divtbl_255_31.o)
    0x08056228   0x00000100   Data   RO         6021    .constdata          STemWin522_4x9i_CM4_OS_Keil.lib(gui__divtbl_255_63.o)
    0x08056328   0x00000020   Data   RO         6022    .constdata          STemWin522_4x9i_CM4_OS_Keil.lib(gui__divtbl_31_255.o)
    0x08056348   0x00000040   Data   RO         6023    .constdata          STemWin522_4x9i_CM4_OS_Keil.lib(gui__divtbl_63_255.o)
    0x08056388   0x0000016c   Data   RO         6032    .constdata          STemWin522_4x9i_CM4_OS_Keil.lib(gui__sinhq.o)
    0x080564f4   0x00000028   Data   RO         6040    .constdata          STemWin522_4x9i_CM4_OS_Keil.lib(gui_adddecshift.o)
    0x0805651c   0x00000010   Data   RO         6106    .constdata          STemWin522_4x9i_CM4_OS_Keil.lib(gui_uc_encodenone.o)
    0x0805652c   0x00000018   Data   RO         6117    .constdata          STemWin522_4x9i_CM4_OS_Keil.lib(guicc_0.o)
    0x08056544   0x00000100   Data   RO         6144    .constdata          STemWin522_4x9i_CM4_OS_Keil.lib(lcd_mirror.o)
    0x08056644   0x00000518   Data   RO         6155    .constdata          STemWin522_4x9i_CM4_OS_Keil.lib(f6x8.o)
    0x08056b5c   0x000001c0   Data   RO         6156    .constdata          STemWin522_4x9i_CM4_OS_Keil.lib(f6x8.o)
    0x08056d1c   0x00000008   Data   RO         6157    .constdata          STemWin522_4x9i_CM4_OS_Keil.lib(f6x8.o)
    0x08056d24   0x00000014   Data   RO         6158    .constdata          STemWin522_4x9i_CM4_OS_Keil.lib(f6x8.o)
    0x08056d38   0x00000024   Data   RO         6159    .constdata          STemWin522_4x9i_CM4_OS_Keil.lib(f6x8.o)
    0x08056d5c   0x00000074   Data   RO         6173    .constdata          STemWin522_4x9i_CM4_OS_Keil.lib(guidev_16.o)
    0x08056dd0   0x00000034   Data   RO         6211    .constdata          STemWin522_4x9i_CM4_OS_Keil.lib(guidev_measure.o)
    0x08056e04   0x00000008   Data   RO         6520    .constdata          STemWin522_4x9i_CM4_OS_Keil.lib(guidev_writetoactiveopaque.o)
    0x08056e0c   0x00000018   Data   RO         6724    .constdata          STemWin522_4x9i_CM4_OS_Keil.lib(guicc_8888.o)
    0x08056e24   0x00000074   Data   RO         6749    .constdata          STemWin522_4x9i_CM4_OS_Keil.lib(guidev_32.o)
    0x08056e98   0x00000018   Data   RO         6778    .constdata          STemWin522_4x9i_CM4_OS_Keil.lib(guidev_usagebm.o)
    0x08056eb0   0x00000020   Data   RO         6957    Region$$Table       anon$$obj.o


    Execution Region RW_IRAM1 (Base: 0x20000000, Size: 0x000115c8, Max: 0x00030000, ABSOLUTE, COMPRESSED[0x00000394])

    Base Addr    Size         Type   Attr      Idx    E Section Name        Object

    0x20000000   0x0000000c   Data   RW          391    .data               stm32xxx_it.o
    0x2000000c   0x00000014   Data   RW          491    .data               system_stm32f4xx.o
    0x20000020   0x00000014   Data   RW          540    .data               rtc.o
    0x20000034   0x00000010   Data   RW          586    .data               proto.o
    0x20000044   0x00000008   Data   RW          675    .data               gui_x_freertos.o
    0x2000004c   0x00000030   Data   RW         4268    .data               stm32f429i_lcd_lib.o
    0x2000007c   0x00000010   Data   RW         4527    .data               stm32f429i_lib.o
    0x2000008c   0x00000058   Data   RW         4641    .data               guidrv.o
    0x200000e4   0x00000038   Data   RW         5092    .data               tasks.o
    0x2000011c   0x00000018   Data   RW         5247    .data               heap_2.o
    0x20000134   0x00000004   Data   RW         5284    .data               port_cm4.o
    0x20000138   0x00000514   Data   RW         5347    .data               automotivepanel.o
    0x2000064c   0x00000380   Data   RW         5425    .data               picto.o
    0x200009cc   0x00000028   Data   RW         5440    .data               STemWin522_4x9i_CM4_OS_Keil.lib(guiaa_char4.o)
    0x200009f4   0x0000003c   Data   RW         5458    .data               STemWin522_4x9i_CM4_OS_Keil.lib(guiaa_lib.o)
    0x20000a30   0x00000008   Data   RW         5509    .data               STemWin522_4x9i_CM4_OS_Keil.lib(guicc_m1555i.o)
    0x20000a38   0x00000008   Data   RW         5523    .data               STemWin522_4x9i_CM4_OS_Keil.lib(guicc_m4444i.o)
    0x20000a40   0x00000008   Data   RW         5536    .data               STemWin522_4x9i_CM4_OS_Keil.lib(guicc_m565.o)
    0x20000a48   0x00000008   Data   RW         5549    .data               STemWin522_4x9i_CM4_OS_Keil.lib(guicc_m8888i.o)
    0x20000a50   0x00000028   Data   RW         5566    .data               STemWin522_4x9i_CM4_OS_Keil.lib(gui__alpha.o)
    0x20000a78   0x00000008   Data   RW         5607    .data               STemWin522_4x9i_CM4_OS_Keil.lib(gui_alloc.o)
    0x20000a80   0x0000002c   Data   RW         5648    .data               STemWin522_4x9i_CM4_OS_Keil.lib(gui_core.o)
    0x20000aac   0x00000004   Data   RW         5649    .data               STemWin522_4x9i_CM4_OS_Keil.lib(gui_core.o)
    0x20000ab0   0x00000004   Data   RW         5650    .data               STemWin522_4x9i_CM4_OS_Keil.lib(gui_core.o)
    0x20000ab4   0x00000004   Data   RW         5651    .data               STemWin522_4x9i_CM4_OS_Keil.lib(gui_core.o)
    0x20000ab8   0x00000004   Data   RW         5652    .data               STemWin522_4x9i_CM4_OS_Keil.lib(gui_core.o)
    0x20000abc   0x00000002   Data   RW         5653    .data               STemWin522_4x9i_CM4_OS_Keil.lib(gui_core.o)
    0x20000abe   0x00000002   Data   RW         5654    .data               STemWin522_4x9i_CM4_OS_Keil.lib(gui_core.o)
    0x20000ac0   0x0000002c   Data   RW         5704    .data               STemWin522_4x9i_CM4_OS_Keil.lib(gui_multibuf.o)
    0x20000aec   0x00000008   Data   RW         5763    .data               STemWin522_4x9i_CM4_OS_Keil.lib(guicc_m888.o)
    0x20000af4   0x00000004   Data   RW         5788    .data               STemWin522_4x9i_CM4_OS_Keil.lib(lcd.o)
    0x20000af8   0x00000010   Data   RW         5814    .data               STemWin522_4x9i_CM4_OS_Keil.lib(lcd_color.o)
    0x20000b08   0x00000008   Data   RW         6062    .data               STemWin522_4x9i_CM4_OS_Keil.lib(gui_encext.o)
    0x20000b10   0x00000004   Data   RW         6069    .data               STemWin522_4x9i_CM4_OS_Keil.lib(gui_fillpolygon.o)
    0x20000b14   0x0000001c   Data   RW         6093    .data               STemWin522_4x9i_CM4_OS_Keil.lib(gui_task.o)
    0x20000b30   0x00000004   Data   RW         6136    .data               STemWin522_4x9i_CM4_OS_Keil.lib(lcd_aa.o)
    0x20000b34   0x00000004   Data   RW         6188    .data               STemWin522_4x9i_CM4_OS_Keil.lib(guidev_banding.o)
    0x20000b38   0x00000058   Data   RW         6281    .data               STemWin522_4x9i_CM4_OS_Keil.lib(wm.o)
    0x20000b90   0x00000008   Data   RW         6343    .data               STemWin522_4x9i_CM4_OS_Keil.lib(gui__managecache.o)
    0x20000b98   0x00000004   Data   RW         6369    .data               STemWin522_4x9i_CM4_OS_Keil.lib(gui_charline.o)
    0x20000b9c   0x0000000c   Data   RW         6417    .data               STemWin522_4x9i_CM4_OS_Keil.lib(gui_onkey.o)
    0x20000ba8   0x0000000c   Data   RW         6454    .data               STemWin522_4x9i_CM4_OS_Keil.lib(gui_waitevent.o)
    0x20000bb4   0x00000001   Data   RW         6504    .data               STemWin522_4x9i_CM4_OS_Keil.lib(guidev_staticdevices.o)
    0x20000bb5   0x00000003   PAD
    0x20000bb8   0x00000004   Data   RW         6523    .data               STemWin522_4x9i_CM4_OS_Keil.lib(wm__sendmessage.o)
    0x20000bbc   0x00000020   Data   RW         6654    .data               STemWin522_4x9i_CM4_OS_Keil.lib(gui_setalpha.o)
    0x20000bdc   0x00000014   Data   RW         6703    .data               STemWin522_4x9i_CM4_OS_Keil.lib(gui_timer.o)
    0x20000bf0   0x0000000c   Zero   RW          539    .bss                rtc.o
    0x20000bfc   0x00000040   Zero   RW          585    .bss                proto.o
    0x20000c3c   0x00009600   Zero   RW         4639    .bss                guidrv.o
    0x2000a23c   0x0000012c   Zero   RW         5091    .bss                tasks.o
    0x2000a368   0x00005000   Zero   RW         5246    .bss                heap_2.o
    0x2000f368   0x00000010   Zero   RW         5345    .bss                automotivepanel.o
    0x2000f378   0x00000040   Zero   RW         5439    .bss                STemWin522_4x9i_CM4_OS_Keil.lib(guiaa_char4.o)
    0x2000f3b8   0x000000c8   Zero   RW         5606    .bss                STemWin522_4x9i_CM4_OS_Keil.lib(gui_alloc.o)
    0x2000f480   0x00000078   Zero   RW         5646    .bss                STemWin522_4x9i_CM4_OS_Keil.lib(gui_core.o)
    0x2000f4f8   0x00000018   Zero   RW         6068    .bss                STemWin522_4x9i_CM4_OS_Keil.lib(gui_fillpolygon.o)
    0x2000f510   0x00000018   Zero   RW         6280    .bss                STemWin522_4x9i_CM4_OS_Keil.lib(wm.o)
    0x2000f528   0x00000058   Zero   RW         6416    .bss                STemWin522_4x9i_CM4_OS_Keil.lib(gui_onkey.o)
    0x2000f580   0x00000048   Zero   RW         6564    .bss                STemWin522_4x9i_CM4_OS_Keil.lib(wm_touch.o)
    0x2000f5c8   0x00002000   Zero   RW          526    STACK               startup_stm32f429_439xx.o



  Load Region LR$$.ARM.__AT_0xD0100000 (Base: 0xd0100000, Size: 0x00000000, Max: 0x00400000, ABSOLUTE)

    Execution Region ER$$.ARM.__AT_0xD0100000 (Base: 0xd0100000, Size: 0x00400000, Max: 0x00400000, ABSOLUTE, UNINIT)

    Base Addr    Size         Type   Attr      Idx    E Section Name        Object

    0xd0100000   0x00400000   Zero   RW          642    .ARM.__AT_0xD0100000  guiconf.o



  Load Region LR$$.ARM.__AT_0xD0500000 (Base: 0xd0500000, Size: 0x00000000, Max: 0x00020000, ABSOLUTE)

    Execution Region ER$$.ARM.__AT_0xD0500000 (Base: 0xd0500000, Size: 0x00020000, Max: 0x00020000, ABSOLUTE, UNINIT)

    Base Addr    Size         Type   Attr      Idx    E Section Name        Object

    0xd0500000   0x00020000   Zero   RW          643    .ARM.__AT_0xD0500000  guiconf.o


==============================================================================

Image component sizes


      Code (inc. data)   RO Data    RW Data    ZI Data      Debug   Object Name

      1404         80     214940       1300         16      14179   automotivepanel.o
        42          0          0          0          0     381781   bsp.o
       124         18          0          8          0       4019   gui_x_freertos.o
        20          6          0          0    4325376       1444   guiconf.o
      3946        498          8         88      38400      66443   guidrv.o
       280         30          0         24      20480       4055   heap_2.o
       148          0          0          0          0       5385   list.o
        16          0          0          0          0       1367   main.o
       120         14          0          0          0       1292   misc.o
         0          0      64000        896          0       3370   picto.o
       392         58          0          4          0       6133   port_cm4.o
       224         34          0         16         64       2958   proto.o
      1162          0          0          0          0      11553   queue.o
       416         40          0         20         12       2907   rtc.o
        36          8        428          0       8192        872   startup_stm32f429_439xx.o
       918         68      10704         48          0       8139   stm32f429i_lcd_lib.o
        24          8         25         16          0       1943   stm32f429i_lib.o
       840         24          0          0          0       3617   stm32f429i_sdram_lib.o
        32          6          0          0          0        693   stm32f4xx_dma2d.o
        12          6          0          0          0        665   stm32f4xx_exti.o
       376         20          0          0          0       4095   stm32f4xx_fmc.o
       232          0          0          0          0       4255   stm32f4xx_gpio.o
       806         38          0          0          0       5733   stm32f4xx_ltdc.o
        12          6          0          0          0        654   stm32f4xx_pwr.o
       400         80          0          0          0       9172   stm32f4xx_rcc.o
       392         30          0          0          0       5517   stm32f4xx_rtc.o
       992         54          0          0          0      14336   stm32f4xx_tim.o
       114          0          0          0          0       2490   stm32f4xx_usart.o
       162         24          0         12          0       7347   stm32xxx_it.o
       340         32          0         20          0       2177   system_stm32f4xx.o
      1790        274          0         56        300      18224   tasks.o

    ----------------------------------------------------------------------
     15794       1456     290140       2508    4392840     596815   Object Totals
         0          0         32          0          0          0   (incl. Generated)
        22          0          3          0          0          0   (incl. Padding)

    ----------------------------------------------------------------------

      Code (inc. data)   RO Data    RW Data    ZI Data      Debug   Library Member Name

         0          0       1816          0          0          0   f6x8.o
      1110         54          0         40          0       1156   gui__alpha.o
       776          0          0          0          0        272   gui__compactpixelindices.o
         0          0         16          0          0          0   gui__divtbl_15_255.o
         0          0        256          0          0          0   gui__divtbl_255_15.o
         0          0        256          0          0          0   gui__divtbl_255_31.o
         0          0        256          0          0          0   gui__divtbl_255_63.o
         0          0         32          0          0          0   gui__divtbl_31_255.o
         0          0         64          0          0          0   gui__divtbl_63_255.o
       354          0          0          0          0        172   gui__expandpixelindices.o
        66          0          0          0          0        116   gui__intersectrect.o
        82          0          0          0          0        128   gui__intersectrects.o
       204          8          0          8          0        248   gui__managecache.o
       186          0          0          0          0        148   gui__memset.o
       148          0          0          0          0        132   gui__memset16.o
       280         28        364          0          0        256   gui__sinhq.o
       212          8         40          0          0        140   gui_adddecshift.o
      2526        100          0          8        200       2064   gui_alloc.o
        46          0          0          0          0        128   gui_alloc_alloczero.o
        70          0          0          0          0        116   gui_calccolordist.o
       164         20          0          0          0        500   gui_char.o
       622         28          0          4          0        664   gui_charline.o
       398          8          0          0          0        492   gui_charm.o
        28          0          0          0          0        116   gui_charp.o
        28          0          0          0          0        116   gui_charpext.o
       548         82          8         64        120        768   gui_core.o
       696         42          8          0          0       1012   gui_device.o
       276          6          0          0          0        144   gui_dispstring.o
        40          6          0          0          0        136   gui_dispstringat.o
       408         18          0          0          0        296   gui_drawbitmap.o
       188         10          0          8          0        144   gui_encext.o
        44          6          0          0          0        128   gui_exec.o
       612         14          0          4         24        148   gui_fillpolygon.o
        48          0          0          0          0        248   gui_getcolor.o
        24          4          0          0          0        124   gui_getdrawmode.o
        44         10          0          0          0        136   gui_getorg.o
        32          4          0          0          0        128   gui_goto.o
        96          0          0          0          0        116   gui_mergerect.o
        32          0          0          0          0        116   gui_moverect.o
        52         14          0         44          0        116   gui_multibuf.o
        84         20          0         12         88        240   gui_onkey.o
        28          4          0          0          0        128   gui_pen.o
       116         10          0          0          0        132   gui_polyrotate.o
        56          0          0          0          0        116   gui_rectsintersect.o
        32         10          0          0          0        232   gui_savecontext.o
        86         10          0          0          0        264   gui_selectlayer.o
        26          0          0          0          0        128   gui_selectlcd.o
        40          6          0         32          0        124   gui_setalpha.o
        44          0          0          0          0        256   gui_setcolor.o
        64          6          0          0          0        128   gui_setdefault.o
        24          0          0          0          0        124   gui_setdrawmode.o
        32          4          0          0          0        128   gui_setfont.o
        28          4          0          0          0        128   gui_setlinestyle.o
        64         16          0          0          0        136   gui_setorg.o
        32          6          0          0          0        128   gui_settextalign.o
        32          6          0          0          0        128   gui_settextmode.o
       328         40          0         28          0        636   gui_task.o
       330         10          0         20          0        528   gui_timer.o
        88         10          0          0          0        264   gui_uc.o
        18          0         16          0          0        464   gui_uc_encodenone.o
        38          0          0          0          0        136   gui_val.o
        16          4          0         12          0        116   gui_waitevent.o
       726         46          0         40         64        688   guiaa_char4.o
       872         84          0         60          0        880   guiaa_lib.o
       528         10          0          0          0        144   guiaa_poly.o
       220          0         24          0          0        388   guicc_0.o
       182          0         24          0          0        384   guicc_16.o
       228         34         24          0          0        636   guicc_1616i.o
       224         22         24          0          0        348   guicc_8666.o
       202         18         24          0          0        636   guicc_88666i.o
       166          0         24          0          0        512   guicc_8888.o
         2          0          0          0          0        116   guicc_8888_index2color.o
         2          0          0          0          0        116   guicc_888_index2color.o
       510         30         24          8          0        804   guicc_m1555i.o
       446         30         24          8          0        792   guicc_m4444i.o
       398         42         24          8          0        688   guicc_m565.o
        44         10          0          0          0        116   guicc_m565_index2color.o
       294         14         24          8          0        668   guicc_m888.o
       402         14         24          8          0        804   guicc_m8888i.o
        20          0          0          0          0        116   guicc_m888_index2color.o
       920         34          0          0          0       1076   guidev.o
      3098         58        116          0          0       1568   guidev_16.o
      3140         56        116          0          0       1576   guidev_32.o
       192          0          0          0          0        264   guidev_auto.o
       320         10          0          4          0        152   guidev_banding.o
        76          4          0          0          0        132   guidev_clear.o
        34          0          0          0          0        128   guidev_getdataptr.o
        52          6          0          0          0        128   guidev_getysize.o
      1090         62         52          0          0       2496   guidev_measure.o
        60          4          0          0          0        128   guidev_reduceysize.o
       112          6          0          0          0        136   guidev_setorg.o
       320         14          0          1          0        276   guidev_staticdevices.o
        86          0          0          0          0        260   guidev_usage.o
       482          4         24          0          0        752   guidev_usagebm.o
       100          0          0          0          0        136   guidev_write.o
       288         14          0          0          0        152   guidev_writetoactivealpha.o
      1888         14          8          0          0        172   guidev_writetoactiveopaque.o
      3814        152         52          0          0       3756   guidrv_lin_16.o
      1952        132         12          4          0       2184   lcd.o
       412         46          0          4          0        544   lcd_aa.o
       464         44          0         16          0        780   lcd_color.o
        32         12          0          0          0        232   lcd_getcolorindex.o
       696         38          0          0          0       2376   lcd_getex.o
        28          0          0          0          0        128   lcd_getnumdisplays.o
        96          8          0          0          0        140   lcd_getp.o
        14          0          0          0          0        128   lcd_getpixelcolor.o
         0          0        256          0          0          0   lcd_mirror.o
       568         22          0          0          0        292   lcd_readrect.o
        68          8          0          0          0        128   lcd_selectlcd.o
       260          0          0          0          0        788   lcd_set.o
        52         10          0          0          0        132   lcd_setcliprectex.o
        36          4          0          0          0        128   lcd_updatecolorindices.o
      5696        202          0         88         24       4360   wm.o
        20          0          0          0          0        124   wm__getfirstsibling.o
        56         12          0          0          0        232   wm__getorg_aa.o
        40          0          0          0          0        128   wm__getprevsibling.o
        60          4          0          4          0        136   wm__sendmessage.o
        46          0          0          0          0        136   wm__sendmessagenopara.o
       242          0          0          0          0        148   wm__updatechildpositions.o
       140          0          0          0          0        140   wm_bringtobottom.o
        16          6          0          0          0        116   wm_criticalhandle.o
        32          0          0          0          0        128   wm_getclientrect.o
        24         10          0          0          0        116   wm_getdesktopwindow.o
        26          0          0          0          0        124   wm_getfirstchild.o
        26          0          0          0          0        124   wm_getparent.o
       408          0          0          0          0        428   wm_move.o
        20          0          0          0          0        128   wm_notifyparent.o
        64          8          0          0          0        136   wm_onkey.o
       258          0          0          0          0        140   wm_resizewindow.o
        26          0          0          0          0        136   wm_sendmessagenopara.o
        40          0          0          0          0        136   wm_sendtoparent.o
        76          0          0          0          0        132   wm_setsize.o
       122          0          0          0          0        136   wm_timer.o
         0          0          0          0         72          0   wm_touch.o
        86          0          0          0          0          0   __dczerorl2.o
         0          0          0          0          0          0   entry.o
         0          0          0          0          0          0   entry10a.o
         0          0          0          0          0          0   entry11a.o
         8          4          0          0          0          0   entry2.o
         4          0          0          0          0          0   entry5.o
         0          0          0          0          0          0   entry7b.o
         0          0          0          0          0          0   entry8b.o
         8          4          0          0          0          0   entry9a.o
        30          0          0          0          0          0   handlers.o
        36          8          0          0          0         68   init.o
        64          0          0          0          0         76   memmovea.o
        36          0          0          0          0        108   memseta.o
        24          0          0          0          0         76   strncpy.o

    ----------------------------------------------------------------------
     46082       2010       4032        548        592      53204   Library Totals
        86          0          0          3          0          0   (incl. Padding)

    ----------------------------------------------------------------------

      Code (inc. data)   RO Data    RW Data    ZI Data      Debug   Library Name

     45700       1994       4032        545        592      52876   STemWin522_4x9i_CM4_OS_Keil.lib
       296         16          0          0          0        328   mc_w.l

    ----------------------------------------------------------------------
     46082       2010       4032        548        592      53204   Library Totals

    ----------------------------------------------------------------------

==============================================================================


      Code (inc. data)   RO Data    RW Data    ZI Data      Debug   

     61876       3466     294172       3056    4393432     590699   Grand Totals
     61876       3466     294172        916    4393432     590699   ELF Image Totals (compressed)
     61876       3466     294172        916          0          0   ROM Totals

==============================================================================

    Total RO  Size (Code + RO Data)               356048 ( 347.70kB)
    Total RW  Size (RW Data + ZI Data)           4396488 (4293.45kB)
    Total ROM Size (Code + RO Data + RW Data)     356964 ( 348.60kB)

==============================================================================

